Archive member included to satisfy reference by file (symbol)

c:/program files (x86)/atmel/studio/7.0/toolchain/arm/arm-gnu-toolchain/bin/../lib/gcc/arm-none-eabi/6.3.1/thumb/v7e-m\libgcc.a(_arm_addsubdf3.o)
                              src/main.o (__aeabi_i2d)
c:/program files (x86)/atmel/studio/7.0/toolchain/arm/arm-gnu-toolchain/bin/../lib/gcc/arm-none-eabi/6.3.1/thumb/v7e-m\libgcc.a(_arm_muldivdf3.o)
                              src/main.o (__aeabi_dmul)
c:/program files (x86)/atmel/studio/7.0/toolchain/arm/arm-gnu-toolchain/bin/../lib/gcc/arm-none-eabi/6.3.1/thumb/v7e-m\libgcc.a(_arm_truncdfsf2.o)
                              src/main.o (__aeabi_d2f)
c:/program files (x86)/atmel/studio/7.0/toolchain/arm/arm-gnu-toolchain/bin/../lib/gcc/arm-none-eabi/6.3.1/thumb/v7e-m\libgcc.a(_aeabi_uldivmod.o)
                              src/main.o (__aeabi_uldivmod)
c:/program files (x86)/atmel/studio/7.0/toolchain/arm/arm-gnu-toolchain/bin/../lib/gcc/arm-none-eabi/6.3.1/thumb/v7e-m\libgcc.a(_udivmoddi4.o)
                              c:/program files (x86)/atmel/studio/7.0/toolchain/arm/arm-gnu-toolchain/bin/../lib/gcc/arm-none-eabi/6.3.1/thumb/v7e-m\libgcc.a(_aeabi_uldivmod.o) (__udivmoddi4)
c:/program files (x86)/atmel/studio/7.0/toolchain/arm/arm-gnu-toolchain/bin/../lib/gcc/arm-none-eabi/6.3.1/thumb/v7e-m\libgcc.a(_dvmd_tls.o)
                              c:/program files (x86)/atmel/studio/7.0/toolchain/arm/arm-gnu-toolchain/bin/../lib/gcc/arm-none-eabi/6.3.1/thumb/v7e-m\libgcc.a(_aeabi_uldivmod.o) (__aeabi_ldiv0)
c:/program files (x86)/atmel/studio/7.0/toolchain/arm/arm-gnu-toolchain/bin/../lib/gcc/arm-none-eabi/6.3.1/../../../../arm-none-eabi/lib/thumb/v7e-m\libc.a(lib_a-exit.o)
                              c:/program files (x86)/atmel/studio/7.0/toolchain/arm/arm-gnu-toolchain/bin/../lib/gcc/arm-none-eabi/6.3.1/../../../../arm-none-eabi/lib/thumb/v7e-m/crt0.o (exit)
c:/program files (x86)/atmel/studio/7.0/toolchain/arm/arm-gnu-toolchain/bin/../lib/gcc/arm-none-eabi/6.3.1/../../../../arm-none-eabi/lib/thumb/v7e-m\libc.a(lib_a-impure.o)
                              c:/program files (x86)/atmel/studio/7.0/toolchain/arm/arm-gnu-toolchain/bin/../lib/gcc/arm-none-eabi/6.3.1/../../../../arm-none-eabi/lib/thumb/v7e-m\libc.a(lib_a-exit.o) (_global_impure_ptr)
c:/program files (x86)/atmel/studio/7.0/toolchain/arm/arm-gnu-toolchain/bin/../lib/gcc/arm-none-eabi/6.3.1/../../../../arm-none-eabi/lib/thumb/v7e-m\libc.a(lib_a-init.o)
                              c:/program files (x86)/atmel/studio/7.0/toolchain/arm/arm-gnu-toolchain/bin/../lib/gcc/arm-none-eabi/6.3.1/../../../../arm-none-eabi/lib/thumb/v7e-m/crt0.o (__libc_init_array)
c:/program files (x86)/atmel/studio/7.0/toolchain/arm/arm-gnu-toolchain/bin/../lib/gcc/arm-none-eabi/6.3.1/../../../../arm-none-eabi/lib/thumb/v7e-m\libc.a(lib_a-memset.o)
                              c:/program files (x86)/atmel/studio/7.0/toolchain/arm/arm-gnu-toolchain/bin/../lib/gcc/arm-none-eabi/6.3.1/../../../../arm-none-eabi/lib/thumb/v7e-m/crt0.o (memset)
c:/program files (x86)/atmel/studio/7.0/toolchain/arm/arm-gnu-toolchain/bin/../lib/gcc/arm-none-eabi/6.3.1/../../../../arm-none-eabi/lib/thumb/v7e-m\libc.a(lib_a-sprintf.o)
                              src/main.o (sprintf)
c:/program files (x86)/atmel/studio/7.0/toolchain/arm/arm-gnu-toolchain/bin/../lib/gcc/arm-none-eabi/6.3.1/../../../../arm-none-eabi/lib/thumb/v7e-m\libc.a(lib_a-svfprintf.o)
                              c:/program files (x86)/atmel/studio/7.0/toolchain/arm/arm-gnu-toolchain/bin/../lib/gcc/arm-none-eabi/6.3.1/../../../../arm-none-eabi/lib/thumb/v7e-m\libc.a(lib_a-sprintf.o) (_svfprintf_r)
c:/program files (x86)/atmel/studio/7.0/toolchain/arm/arm-gnu-toolchain/bin/../lib/gcc/arm-none-eabi/6.3.1/../../../../arm-none-eabi/lib/thumb/v7e-m\libc.a(lib_a-__call_atexit.o)
                              c:/program files (x86)/atmel/studio/7.0/toolchain/arm/arm-gnu-toolchain/bin/../lib/gcc/arm-none-eabi/6.3.1/../../../../arm-none-eabi/lib/thumb/v7e-m\libc.a(lib_a-exit.o) (__call_exitprocs)
c:/program files (x86)/atmel/studio/7.0/toolchain/arm/arm-gnu-toolchain/bin/../lib/gcc/arm-none-eabi/6.3.1/../../../../arm-none-eabi/lib/thumb/v7e-m\libc.a(lib_a-atexit.o)
                              c:/program files (x86)/atmel/studio/7.0/toolchain/arm/arm-gnu-toolchain/bin/../lib/gcc/arm-none-eabi/6.3.1/../../../../arm-none-eabi/lib/thumb/v7e-m\libc.a(lib_a-__call_atexit.o) (atexit)
c:/program files (x86)/atmel/studio/7.0/toolchain/arm/arm-gnu-toolchain/bin/../lib/gcc/arm-none-eabi/6.3.1/../../../../arm-none-eabi/lib/thumb/v7e-m\libc.a(lib_a-dtoa.o)
                              c:/program files (x86)/atmel/studio/7.0/toolchain/arm/arm-gnu-toolchain/bin/../lib/gcc/arm-none-eabi/6.3.1/../../../../arm-none-eabi/lib/thumb/v7e-m\libc.a(lib_a-svfprintf.o) (_dtoa_r)
[...]
Memory Configuration

Name             Origin             Length             Attributes
rom              0x00400000         0x00200000         xr
ram              0x20400000         0x00060000         xrw
*default*        0x00000000         0xffffffff

Linker script and memory map

LOAD c:/program files (x86)/atmel/studio/7.0/toolchain/arm/arm-gnu-toolchain/bin/../lib/gcc/arm-none-eabi/6.3.1/thumb/v7e-m/crti.o
LOAD c:/program files (x86)/atmel/studio/7.0/toolchain/arm/arm-gnu-toolchain/bin/../lib/gcc/arm-none-eabi/6.3.1/thumb/v7e-m/crtbegin.o
LOAD c:/program files (x86)/atmel/studio/7.0/toolchain/arm/arm-gnu-toolchain/bin/../lib/gcc/arm-none-eabi/6.3.1/../../../../arm-none-eabi/lib/thumb/v7e-m/crt0.o
LOAD src/ASF/common/services/sleepmgr/sam/sleepmgr.o
LOAD src/ASF/sam/drivers/rtc/rtc.o
LOAD src/ASF/sam/drivers/rtt/rtt.o
LOAD src/ASF/sam/drivers/tc/tc.o
LOAD src/main.o
LOAD src/ASF/common/services/delay/sam/cycle_counter.o
LOAD src/ASF/common/services/spi/sam_spi/spi_master.o
LOAD src/ASF/sam/components/display/ili9488/ili9488.o
LOAD src/ASF/sam/drivers/spi/spi.o
LOAD src/ASF/common/services/clock/same70/sysclk.o
LOAD src/ASF/common/utils/interrupt/interrupt_sam_nvic.o
LOAD src/ASF/sam/boards/same70_xplained/init.o
LOAD src/ASF/sam/drivers/mpu/mpu.o
LOAD src/ASF/sam/drivers/pio/pio.o
LOAD src/ASF/sam/drivers/pio/pio_handler.o
LOAD src/ASF/sam/drivers/pmc/pmc.o
LOAD src/ASF/sam/drivers/pmc/sleep.o
LOAD src/ASF/sam/utils/cmsis/same70/source/templates/gcc/startup_same70.o
LOAD src/ASF/sam/utils/cmsis/same70/source/templates/system_same70.o
LOAD src/ASF/sam/utils/syscalls/gcc/syscalls.o
START GROUP
LOAD ../src/ASF/thirdparty/CMSIS/Lib/GCC\libarm_cortexM7lfsp_math_softfp.a
LOAD c:/program files (x86)/atmel/studio/7.0/toolchain/arm/arm-gnu-toolchain/bin/../lib/gcc/arm-none-eabi/6.3.1/../../../../arm-none-eabi/lib/thumb/v7e-m\libm.a
END GROUP
START GROUP
LOAD c:/program files (x86)/atmel/studio/7.0/toolchain/arm/arm-gnu-toolchain/bin/../lib/gcc/arm-none-eabi/6.3.1/thumb/v7e-m\libgcc.a
LOAD c:/program files (x86)/atmel/studio/7.0/toolchain/arm/arm-gnu-toolchain/bin/../lib/gcc/arm-none-eabi/6.3.1/../../../../arm-none-eabi/lib/thumb/v7e-m\libc.a
END GROUP
LOAD c:/program files (x86)/atmel/studio/7.0/toolchain/arm/arm-gnu-toolchain/bin/../lib/gcc/arm-none-eabi/6.3.1/thumb/v7e-m/crtend.o
LOAD c:/program files (x86)/atmel/studio/7.0/toolchain/arm/arm-gnu-toolchain/bin/../lib/gcc/arm-none-eabi/6.3.1/thumb/v7e-m/crtn.o
                0x00002000                STACK_SIZE = DEFINED (STACK_SIZE)?STACK_SIZE:0x2000
                0x2045fffc                __ram_end__ = ((ORIGIN (ram) + LENGTH (ram)) - 0x4)
                0x00000200                HEAP_SIZE = DEFINED (HEAP_SIZE)?HEAP_SIZE:0x200

.text           0x00400000    0x3569c
                0x00400000                . = ALIGN (0x4)
                0x00400000                _sfixed = .
 *(.vectors .vectors.*)
 .vectors       0x00400000      0x168 src/ASF/sam/utils/cmsis/same70/source/templates/gcc/startup_same70.o
                0x00400000                exception_table
 *(.text .text.* .gnu.linkonce.t.*)
 .text          0x00400168       0x6c c:/program files (x86)/atmel/studio/7.0/toolchain/arm/arm-gnu-toolchain/bin/../lib/gcc/arm-none-eabi/6.3.1/thumb/v7e-m/crtbegin.o
 .text.rtc_set_hour_mode
                0x004001d4       0x36 src/ASF/sam/drivers/rtc/rtc.o
                0x004001d4                rtc_set_hour_mode
 .text.rtc_enable_interrupt
                0x0040020a       0x1c src/ASF/sam/drivers/rtc/rtc.o
                0x0040020a                rtc_enable_interrupt
 .text.rtc_disable_interrupt
                0x00400226       0x1c src/ASF/sam/drivers/rtc/rtc.o
                0x00400226                rtc_disable_interrupt
 .text.rtc_get_time
                0x00400242       0xc4 src/ASF/sam/drivers/rtc/rtc.o
                0x00400242                rtc_get_time
 *fill*         0x00400306        0x2 
 .text.rtc_set_time
                0x00400308      0x108 src/ASF/sam/drivers/rtc/rtc.o
                0x00400308                rtc_set_time
 .text.rtc_set_time_alarm
                0x00400410      0x100 src/ASF/sam/drivers/rtc/rtc.o
                0x00400410                rtc_set_time_alarm
 .text.rtc_get_date
                0x00400510       0xe8 src/ASF/sam/drivers/rtc/rtc.o
                0x00400510                rtc_get_date
 .text.rtc_set_date
                0x004005f8      0x140 src/ASF/sam/drivers/rtc/rtc.o
                0x004005f8                rtc_set_date
 .text.rtc_set_date_alarm
                0x00400738       0xb0 src/ASF/sam/drivers/rtc/rtc.o
                0x00400738                rtc_set_date_alarm
 .text.rtc_get_status
                0x004007e8       0x18 src/ASF/sam/drivers/rtc/rtc.o
                0x004007e8                rtc_get_status
 .text.rtc_clear_status
                0x00400800       0x1c src/ASF/sam/drivers/rtc/rtc.o
                0x00400800                rtc_clear_status
 .text.rtt_init
                0x0040081c       0x30 src/ASF/sam/drivers/rtt/rtt.o
                0x0040081c                rtt_init
 .text.rtt_sel_source
                0x0040084c       0x58 src/ASF/sam/drivers/rtt/rtt.o
                0x0040084c                rtt_sel_source
 .text.rtt_enable_interrupt
                0x004008a4       0x38 src/ASF/sam/drivers/rtt/rtt.o
                0x004008a4                rtt_enable_interrupt
 .text.rtt_disable_interrupt
                0x004008dc       0x40 src/ASF/sam/drivers/rtt/rtt.o
                0x004008dc                rtt_disable_interrupt
 .text.rtt_read_timer_value
                0x0040091c       0x2e src/ASF/sam/drivers/rtt/rtt.o
                0x0040091c                rtt_read_timer_value
 .text.rtt_get_status
                0x0040094a       0x18 src/ASF/sam/drivers/rtt/rtt.o
                0x0040094a                rtt_get_status
 *fill*         0x00400962        0x2 
 .text.rtt_write_alarm_time
                0x00400964       0x5c src/ASF/sam/drivers/rtt/rtt.o
                0x00400964                rtt_write_alarm_time
 .text.NVIC_EnableIRQ
                0x004009c0       0x34 src/main.o
 .text.NVIC_DisableIRQ
                0x004009f4       0x34 src/main.o
 .text.NVIC_ClearPendingIRQ
                0x00400a28       0x34 src/main.o
 .text.NVIC_SetPriority
                0x00400a5c       0x54 src/main.o
 .text.osc_get_rate
                0x00400ab0       0x74 src/main.o
 .text.sysclk_get_main_hz
                0x00400b24       0x20 src/main.o
 .text.sysclk_get_cpu_hz
                0x00400b44       0x14 src/main.o
 .text.BUT_Handler
                0x00400b58       0x18 src/main.o
                0x00400b58                BUT_Handler
 .text.BUT2_Handler
                0x00400b70       0x88 src/main.o
                0x00400b70                BUT2_Handler
 .text.RTT_Handler
                0x00400bf8       0x34 src/main.o
                0x00400bf8                RTT_Handler
 .text.RTC_Handler
                0x00400c2c      0x104 src/main.o
                0x00400c2c                RTC_Handler
 .text.configure_lcd
                0x00400d30       0x4c src/main.o
                0x00400d30                configure_lcd
 *fill*         0x00400d7c        0x4 
 .text.clear_lcd_top
                0x00400d80      0x13c src/main.o
                0x00400d80                clear_lcd_top
 .text.clear_lcd_t
                0x00400ebc       0x88 src/main.o
                0x00400ebc                clear_lcd_t
 .text.font_draw_text
                0x00400f44       0x88 src/main.o
                0x00400f44                font_draw_text
 .text.pisca_led
                0x00400fcc       0x8c src/main.o
                0x00400fcc                pisca_led
 .text.io_init  0x00401058       0x2c src/main.o
                0x00401058                io_init
 .text.RTC_init
                0x00401084       0xc0 src/main.o
                0x00401084                RTC_init
 .text.BUT_init
                0x00401144       0xd4 src/main.o
                0x00401144                BUT_init
 .text.RTT_init
                0x00401218       0x98 src/main.o
                0x00401218                RTT_init
 .text.main     0x004012b0      0x24c src/main.o
                0x004012b0                main
 .text.osc_get_rate
                0x004014fc       0x74 src/ASF/common/services/spi/sam_spi/spi_master.o
 .text.sysclk_get_main_hz
                0x00401570       0x20 src/ASF/common/services/spi/sam_spi/spi_master.o
 .text.sysclk_get_peripheral_hz
                0x00401590       0x14 src/ASF/common/services/spi/sam_spi/spi_master.o
 .text.spi_reset
                0x004015a4       0x1a src/ASF/common/services/spi/sam_spi/spi_master.o
 .text.spi_set_master_mode
                0x004015be       0x20 src/ASF/common/services/spi/sam_spi/spi_master.o
 .text.spi_set_fixed_peripheral_select
                0x004015de       0x20 src/ASF/common/services/spi/sam_spi/spi_master.o
 .text.spi_disable_peripheral_select_decode
                0x004015fe       0x20 src/ASF/common/services/spi/sam_spi/spi_master.o
 .text.spi_get_peripheral_select_decode_setting
                0x0040161e       0x26 src/ASF/common/services/spi/sam_spi/spi_master.o
 .text.spi_disable_mode_fault_detect
                0x00401644       0x20 src/ASF/common/services/spi/sam_spi/spi_master.o
 .text.spi_disable_loopback
                0x00401664       0x20 src/ASF/common/services/spi/sam_spi/spi_master.o
 .text.spi_put  0x00401684       0x1e src/ASF/common/services/spi/sam_spi/spi_master.o
 .text.spi_get  0x004016a2       0x1a src/ASF/common/services/spi/sam_spi/spi_master.o
 .text.spi_is_tx_ready
                0x004016bc       0x26 src/ASF/common/services/spi/sam_spi/spi_master.o
 .text.spi_is_rx_ready
                0x004016e2       0x2c src/ASF/common/services/spi/sam_spi/spi_master.o
 *fill*         0x0040170e        0x2 
 .text.spi_write_single
                0x00401710       0x24 src/ASF/common/services/spi/sam_spi/spi_master.o
 .text.spi_read_single
                0x00401734       0x24 src/ASF/common/services/spi/sam_spi/spi_master.o
 .text.spi_master_init
                0x00401758       0x70 src/ASF/common/services/spi/sam_spi/spi_master.o
                0x00401758                spi_master_init
 .text.spi_master_setup_device
                0x004017c8       0xb4 src/ASF/common/services/spi/sam_spi/spi_master.o
                0x004017c8                spi_master_setup_device
 .text.spi_select_device
                0x0040187c       0x58 src/ASF/common/services/spi/sam_spi/spi_master.o
                0x0040187c                spi_select_device
 .text.spi_write_packet
                0x004018d4       0x74 src/ASF/common/services/spi/sam_spi/spi_master.o
                0x004018d4                spi_write_packet
 .text.spi_read_packet
                0x00401948       0xac src/ASF/common/services/spi/sam_spi/spi_master.o
                0x00401948                spi_read_packet
 .text.spi_enable
                0x004019f4       0x1a src/ASF/sam/components/display/ili9488/ili9488.o
 .text.spi_enable_interrupt
                0x00401a0e       0x1c src/ASF/sam/components/display/ili9488/ili9488.o
 *fill*         0x00401a2a        0x2 
 .text.ili9488_write_ram_prepare
                0x00401a2c       0x40 src/ASF/sam/components/display/ili9488/ili9488.o
 .text.ili9488_write_ram_buffer
                0x00401a6c       0x40 src/ASF/sam/components/display/ili9488/ili9488.o
 .text.ili9488_write_register
                0x00401aac       0x78 src/ASF/sam/components/display/ili9488/ili9488.o
 .text.ili9488_read_chipid
                0x00401b24       0xcc src/ASF/sam/components/display/ili9488/ili9488.o
 .text.ili9488_delay
                0x00401bf0       0x40 src/ASF/sam/components/display/ili9488/ili9488.o
                0x00401bf0                ili9488_delay
 .text.ili9488_check_box_coordinates
                0x00401c30       0xa2 src/ASF/sam/components/display/ili9488/ili9488.o
 *fill*         0x00401cd2        0x2 
 .text.ili9488_set_display_direction
                0x00401cd4       0x34 src/ASF/sam/components/display/ili9488/ili9488.o
                0x00401cd4                ili9488_set_display_direction
 .text.ili9488_set_window
                0x00401d08       0xc8 src/ASF/sam/components/display/ili9488/ili9488.o
                0x00401d08                ili9488_set_window
 .text.ili9488_init
                0x00401dd0      0x15c src/ASF/sam/components/display/ili9488/ili9488.o
                0x00401dd0                ili9488_init
 .text.ili9488_display_on
                0x00401f2c       0x18 src/ASF/sam/components/display/ili9488/ili9488.o
                0x00401f2c                ili9488_display_on
 .text.ili9488_set_foreground_color
                0x00401f44       0x54 src/ASF/sam/components/display/ili9488/ili9488.o
                0x00401f44                ili9488_set_foreground_color
 .text.ili9488_set_cursor_position
                0x00401f98       0x84 src/ASF/sam/components/display/ili9488/ili9488.o
                0x00401f98                ili9488_set_cursor_position
 .text.ili9488_draw_filled_rectangle
                0x0040201c       0xdc src/ASF/sam/components/display/ili9488/ili9488.o
                0x0040201c                ili9488_draw_filled_rectangle
 .text.ili9488_draw_pixmap
                0x004020f8       0xb4 src/ASF/sam/components/display/ili9488/ili9488.o
                0x004020f8                ili9488_draw_pixmap
 .text.spi_get_peripheral_select_mode
                0x004021ac       0x26 src/ASF/sam/drivers/spi/spi.o
 *fill*         0x004021d2        0x2 
 .text.sysclk_enable_peripheral_clock
                0x004021d4       0x1c src/ASF/sam/drivers/spi/spi.o
 .text.spi_enable_clock
                0x004021f0       0x3c src/ASF/sam/drivers/spi/spi.o
                0x004021f0                spi_enable_clock
 .text.spi_set_peripheral_chip_select_value
                0x0040222c       0x34 src/ASF/sam/drivers/spi/spi.o
                0x0040222c                spi_set_peripheral_chip_select_value
 .text.spi_set_delay_between_chip_select
                0x00402260       0x30 src/ASF/sam/drivers/spi/spi.o
                0x00402260                spi_set_delay_between_chip_select
 .text.spi_write
                0x00402290       0x80 src/ASF/sam/drivers/spi/spi.o
                0x00402290                spi_write
 .text.spi_set_clock_polarity
                0x00402310       0x50 src/ASF/sam/drivers/spi/spi.o
                0x00402310                spi_set_clock_polarity
 .text.spi_set_clock_phase
                0x00402360       0x50 src/ASF/sam/drivers/spi/spi.o
                0x00402360                spi_set_clock_phase
 .text.spi_configure_cs_behavior
                0x004023b0       0xa6 src/ASF/sam/drivers/spi/spi.o
                0x004023b0                spi_configure_cs_behavior
 .text.spi_set_bits_per_transfer
                0x00402456       0x4a src/ASF/sam/drivers/spi/spi.o
                0x00402456                spi_set_bits_per_transfer
 .text.spi_calc_baudrate_div
                0x004024a0       0x3c src/ASF/sam/drivers/spi/spi.o
                0x004024a0                spi_calc_baudrate_div
 .text.spi_set_baudrate_div
                0x004024dc       0x5e src/ASF/sam/drivers/spi/spi.o
                0x004024dc                spi_set_baudrate_div
 .text.spi_set_transfer_delay
                0x0040253a       0x5e src/ASF/sam/drivers/spi/spi.o
                0x0040253a                spi_set_transfer_delay
 .text.osc_enable
                0x00402598       0x88 src/ASF/common/services/clock/same70/sysclk.o
 .text.osc_is_ready
                0x00402620       0x70 src/ASF/common/services/clock/same70/sysclk.o
 .text.osc_get_rate
                0x00402690       0x74 src/ASF/common/services/clock/same70/sysclk.o
 .text.osc_wait_ready
                0x00402704       0x2c src/ASF/common/services/clock/same70/sysclk.o
 .text.pll_config_init
                0x00402730       0x6c src/ASF/common/services/clock/same70/sysclk.o
 .text.pll_enable
                0x0040279c       0x40 src/ASF/common/services/clock/same70/sysclk.o
 .text.pll_is_locked
                0x004027dc       0x2c src/ASF/common/services/clock/same70/sysclk.o
 .text.pll_enable_source
                0x00402808       0x38 src/ASF/common/services/clock/same70/sysclk.o
 .text.pll_wait_for_lock
                0x00402840       0x24 src/ASF/common/services/clock/same70/sysclk.o
 .text.sysclk_get_main_hz
                0x00402864       0x20 src/ASF/common/services/clock/same70/sysclk.o
 .text.sysclk_get_cpu_hz
                0x00402884       0x14 src/ASF/common/services/clock/same70/sysclk.o
 .text.sysclk_init
                0x00402898       0x7c src/ASF/common/services/clock/same70/sysclk.o
                0x00402898                sysclk_init
 .text.sysclk_enable_peripheral_clock
                0x00402914       0x1c src/ASF/sam/boards/same70_xplained/init.o
 .text.ioport_init
                0x00402930       0x2c src/ASF/sam/boards/same70_xplained/init.o
 .text.ioport_disable_pin
                0x0040295c       0x4c src/ASF/sam/boards/same70_xplained/init.o
 .text.ioport_set_pin_mode
                0x004029a8      0x11c src/ASF/sam/boards/same70_xplained/init.o
 .text.ioport_set_pin_dir
                0x00402ac4       0x88 src/ASF/sam/boards/same70_xplained/init.o
 .text.ioport_set_pin_level
                0x00402b4c       0x6c src/ASF/sam/boards/same70_xplained/init.o
 .text.ioport_set_pin_sense_mode
                0x00402bb8       0xd0 src/ASF/sam/boards/same70_xplained/init.o
 .text.tcm_disable
                0x00402c88       0x44 src/ASF/sam/boards/same70_xplained/init.o
 .text.board_init
                0x00402ccc      0x1ac src/ASF/sam/boards/same70_xplained/init.o
                0x00402ccc                board_init
 .text.pio_pull_up
                0x00402e78       0x2c src/ASF/sam/drivers/pio/pio.o
                0x00402e78                pio_pull_up
 .text.pio_set  0x00402ea4       0x1c src/ASF/sam/drivers/pio/pio.o
                0x00402ea4                pio_set
 .text.pio_clear
                0x00402ec0       0x1c src/ASF/sam/drivers/pio/pio.o
                0x00402ec0                pio_clear
 .text.pio_set_peripheral
                0x00402edc      0x110 src/ASF/sam/drivers/pio/pio.o
                0x00402edc                pio_set_peripheral
 .text.pio_set_input
                0x00402fec       0x80 src/ASF/sam/drivers/pio/pio.o
                0x00402fec                pio_set_input
 .text.pio_set_output
                0x0040306c       0x64 src/ASF/sam/drivers/pio/pio.o
                0x0040306c                pio_set_output
 .text.pio_configure
                0x004030d0       0xcc src/ASF/sam/drivers/pio/pio.o
                0x004030d0                pio_configure
 .text.pio_configure_interrupt
                0x0040319c       0x6c src/ASF/sam/drivers/pio/pio.o
                0x0040319c                pio_configure_interrupt
 .text.pio_enable_interrupt
                0x00403208       0x1c src/ASF/sam/drivers/pio/pio.o
                0x00403208                pio_enable_interrupt
 .text.pio_disable_interrupt
                0x00403224       0x1c src/ASF/sam/drivers/pio/pio.o
                0x00403224                pio_disable_interrupt
 .text.pio_get_interrupt_status
                0x00403240       0x18 src/ASF/sam/drivers/pio/pio.o
                0x00403240                pio_get_interrupt_status
 .text.pio_get_interrupt_mask
                0x00403258       0x18 src/ASF/sam/drivers/pio/pio.o
                0x00403258                pio_get_interrupt_mask
 .text.pio_set_pin_high
                0x00403270       0x30 src/ASF/sam/drivers/pio/pio.o
                0x00403270                pio_set_pin_high
 .text.pio_set_pin_low
                0x004032a0       0x30 src/ASF/sam/drivers/pio/pio.o
                0x004032a0                pio_set_pin_low
 .text.pio_configure_pin
                0x004032d0      0x1b0 src/ASF/sam/drivers/pio/pio.o
                0x004032d0                pio_configure_pin
 .text.pio_get_pin_group
                0x00403480       0x28 src/ASF/sam/drivers/pio/pio.o
                0x00403480                pio_get_pin_group
 .text.pio_handler_process
                0x004034a8       0xb4 src/ASF/sam/drivers/pio/pio_handler.o
                0x004034a8                pio_handler_process
 .text.pio_handler_set
                0x0040355c       0xa0 src/ASF/sam/drivers/pio/pio_handler.o
                0x0040355c                pio_handler_set
 .text.PIOA_Handler
                0x004035fc       0x18 src/ASF/sam/drivers/pio/pio_handler.o
                0x004035fc                PIOA_Handler
 .text.PIOB_Handler
                0x00403614       0x18 src/ASF/sam/drivers/pio/pio_handler.o
                0x00403614                PIOB_Handler
 .text.PIOC_Handler
                0x0040362c       0x18 src/ASF/sam/drivers/pio/pio_handler.o
                0x0040362c                PIOC_Handler
 .text.PIOD_Handler
                0x00403644       0x18 src/ASF/sam/drivers/pio/pio_handler.o
                0x00403644                PIOD_Handler
 .text.PIOE_Handler
                0x0040365c       0x18 src/ASF/sam/drivers/pio/pio_handler.o
                0x0040365c                PIOE_Handler
 .text.pmc_mck_set_division
                0x00403674       0x7c src/ASF/sam/drivers/pmc/pmc.o
                0x00403674                pmc_mck_set_division
 .text.pmc_switch_mck_to_pllack
                0x004036f0       0x84 src/ASF/sam/drivers/pmc/pmc.o
                0x004036f0                pmc_switch_mck_to_pllack
 .text.pmc_switch_sclk_to_32kxtal
                0x00403774       0x38 src/ASF/sam/drivers/pmc/pmc.o
                0x00403774                pmc_switch_sclk_to_32kxtal
 .text.pmc_osc_is_ready_32kxtal
                0x004037ac       0x34 src/ASF/sam/drivers/pmc/pmc.o
                0x004037ac                pmc_osc_is_ready_32kxtal
 .text.pmc_switch_mainck_to_fastrc
                0x004037e0       0x70 src/ASF/sam/drivers/pmc/pmc.o
                0x004037e0                pmc_switch_mainck_to_fastrc
 .text.pmc_switch_mainck_to_xtal
                0x00403850       0x78 src/ASF/sam/drivers/pmc/pmc.o
                0x00403850                pmc_switch_mainck_to_xtal
 .text.pmc_osc_is_ready_mainck
                0x004038c8       0x1c src/ASF/sam/drivers/pmc/pmc.o
                0x004038c8                pmc_osc_is_ready_mainck
 .text.pmc_disable_pllack
                0x004038e4       0x1c src/ASF/sam/drivers/pmc/pmc.o
                0x004038e4                pmc_disable_pllack
 .text.pmc_is_locked_pllack
                0x00403900       0x1c src/ASF/sam/drivers/pmc/pmc.o
                0x00403900                pmc_is_locked_pllack
 .text.pmc_is_locked_upll
                0x0040391c       0x1c src/ASF/sam/drivers/pmc/pmc.o
                0x0040391c                pmc_is_locked_upll
 .text.pmc_enable_periph_clk
                0x00403938       0x3c src/ASF/sam/drivers/pmc/pmc.o
                0x00403938                pmc_enable_periph_clk
 .text.pmc_set_flash_in_wait_mode
                0x00403974       0x20 src/ASF/sam/drivers/pmc/pmc.o
                0x00403974                pmc_set_flash_in_wait_mode
 .text.pmc_enable_waitmode
                0x00403994       0x90 src/ASF/sam/drivers/pmc/pmc.o
                0x00403994                pmc_enable_waitmode
 .text.pmc_sleep
                0x00403a24      0x398 src/ASF/sam/drivers/pmc/sleep.o
                0x00403a24                pmc_sleep
 .text.cpu_irq_save
                0x00403dbc       0x38 src/ASF/sam/utils/cmsis/same70/source/templates/gcc/startup_same70.o
 .text.cpu_irq_is_enabled_flags
                0x00403df4       0x20 src/ASF/sam/utils/cmsis/same70/source/templates/gcc/startup_same70.o
 .text.cpu_irq_restore
                0x00403e14       0x30 src/ASF/sam/utils/cmsis/same70/source/templates/gcc/startup_same70.o
 .text.Reset_Handler
                0x00403e44       0xb0 src/ASF/sam/utils/cmsis/same70/source/templates/gcc/startup_same70.o
                0x00403e44                Reset_Handler
 .text.Dummy_Handler
                0x00403ef4        0x6 src/ASF/sam/utils/cmsis/same70/source/templates/gcc/startup_same70.o
                0x00403ef4                DACC_Handler
                0x00403ef4                DebugMon_Handler
                0x00403ef4                UART3_Handler
                0x00403ef4                UART2_Handler
                0x00403ef4                TRNG_Handler
                0x00403ef4                HardFault_Handler
                0x00403ef4                TC2_Handler
                0x00403ef4                SysTick_Handler
                0x00403ef4                AFEC1_Handler
                0x00403ef4                PendSV_Handler
                0x00403ef4                NMI_Handler
                0x00403ef4                TC7_Handler
                0x00403ef4                QSPI_Handler
                0x00403ef4                ISI_Handler
                0x00403ef4                MCAN0_INT0_Handler
                0x00403ef4                TC9_Handler
                0x00403ef4                RSWDT_Handler
                0x00403ef4                USART0_Handler
                0x00403ef4                USBHS_Handler
                0x00403ef4                IXC_Handler
                0x00403ef4                CCF_Handler
                0x00403ef4                UsageFault_Handler
                0x00403ef4                TC6_Handler
                0x00403ef4                WDT_Handler
                0x00403ef4                MCAN1_INT1_Handler
                0x00403ef4                TC4_Handler
                0x00403ef4                TC1_Handler
                0x00403ef4                HSMCI_Handler
                0x00403ef4                UART1_Handler
                0x00403ef4                TC3_Handler
                0x00403ef4                Dummy_Handler
                0x00403ef4                TWIHS1_Handler
                0x00403ef4                XDMAC_Handler
                0x00403ef4                UART4_Handler
                0x00403ef4                PWM1_Handler
                0x00403ef4                USART1_Handler
                0x00403ef4                PWM0_Handler
                0x00403ef4                AFEC0_Handler
                0x00403ef4                CCW_Handler
                0x00403ef4                TC11_Handler
                0x00403ef4                SSC_Handler
                0x00403ef4                ACC_Handler
                0x00403ef4                PMC_Handler
                0x00403ef4                GMAC_Handler
                0x00403ef4                MCAN0_INT1_Handler
                0x00403ef4                GMAC_Q5_Handler
                0x00403ef4                MemManage_Handler
                0x00403ef4                SUPC_Handler
                0x00403ef4                SVC_Handler
                0x00403ef4                TC8_Handler
                0x00403ef4                MCAN1_INT0_Handler
                0x00403ef4                EFC_Handler
                0x00403ef4                GMAC_Q1_Handler
                0x00403ef4                USART2_Handler
                0x00403ef4                SDRAMC_Handler
                0x00403ef4                GMAC_Q2_Handler
                0x00403ef4                SPI1_Handler
                0x00403ef4                TC10_Handler
                0x00403ef4                GMAC_Q3_Handler
                0x00403ef4                TWIHS2_Handler
                0x00403ef4                I2SC0_Handler
                0x00403ef4                UART0_Handler
                0x00403ef4                I2SC1_Handler
                0x00403ef4                GMAC_Q4_Handler
                0x00403ef4                FPU_Handler
                0x00403ef4                BusFault_Handler
                0x00403ef4                RSTC_Handler
                0x00403ef4                TC0_Handler
                0x00403ef4                TC5_Handler
                0x00403ef4                AES_Handler
                0x00403ef4                ICM_Handler
                0x00403ef4                TWIHS0_Handler
                0x00403ef4                SPI0_Handler
 *fill*         0x00403efa        0x2 
 .text.SystemCoreClockUpdate
                0x00403efc      0x168 src/ASF/sam/utils/cmsis/same70/source/templates/system_same70.o
                0x00403efc                SystemCoreClockUpdate
 .text.system_init_flash
                0x00404064       0xb0 src/ASF/sam/utils/cmsis/same70/source/templates/system_same70.o
                0x00404064                system_init_flash
 .text._sbrk    0x00404114       0x58 src/ASF/sam/utils/syscalls/gcc/syscalls.o
                0x00404114                _sbrk
 .text          0x0040416c      0x370 c:/program files (x86)/atmel/studio/7.0/toolchain/arm/arm-gnu-toolchain/bin/../lib/gcc/arm-none-eabi/6.3.1/thumb/v7e-m\libgcc.a(_arm_addsubdf3.o)
                0x0040416c                __aeabi_drsub
                0x00404174                __aeabi_dsub
                0x00404174                __subdf3
                0x00404178                __aeabi_dadd
                0x00404178                __adddf3
                0x004043f0                __floatunsidf
                0x004043f0                __aeabi_ui2d
                0x00404410                __floatsidf
                0x00404410                __aeabi_i2d
                0x00404434                __aeabi_f2d
                0x00404434                __extendsfdf2
                0x00404470                __floatundidf
                0x00404470                __aeabi_ul2d
                0x00404480                __floatdidf
                0x00404480                __aeabi_l2d
 .text          0x004044dc      0x424 c:/program files (x86)/atmel/studio/7.0/toolchain/arm/arm-gnu-toolchain/bin/../lib/gcc/arm-none-eabi/6.3.1/thumb/v7e-m\libgcc.a(_arm_muldivdf3.o)
                0x004044dc                __aeabi_dmul
                0x004044dc                __muldf3
                0x00404730                __divdf3
                0x00404730                __aeabi_ddiv
 .text          0x00404900       0xa0 c:/program files (x86)/atmel/studio/7.0/toolchain/arm/arm-gnu-toolchain/bin/../lib/gcc/arm-none-eabi/6.3.1/thumb/v7e-m\libgcc.a(_arm_truncdfsf2.o)
                0x00404900                __truncdfsf2
                0x00404900                __aeabi_d2f
 .text          0x004049a0       0x30 c:/program files (x86)/atmel/studio/7.0/toolchain/arm/arm-gnu-toolchain/bin/../lib/gcc/arm-none-eabi/6.3.1/thumb/v7e-m\libgcc.a(_aeabi_uldivmod.o)
                0x004049a0                __aeabi_uldivmod
 .text          0x004049d0      0x2dc c:/program files (x86)/atmel/studio/7.0/toolchain/arm/arm-gnu-toolchain/bin/../lib/gcc/arm-none-eabi/6.3.1/thumb/v7e-m\libgcc.a(_udivmoddi4.o)
                0x004049d0                __udivmoddi4
 .text          0x00404cac        0x4 c:/program files (x86)/atmel/studio/7.0/toolchain/arm/arm-gnu-toolchain/bin/../lib/gcc/arm-none-eabi/6.3.1/thumb/v7e-m\libgcc.a(_dvmd_tls.o)
                0x00404cac                __aeabi_idiv0
                0x00404cac                __aeabi_ldiv0
 .text.__libc_init_array
                0x00404cb0       0x50 c:/program files (x86)/atmel/studio/7.0/toolchain/arm/arm-gnu-toolchain/bin/../lib/gcc/arm-none-eabi/6.3.1/../../../../arm-none-eabi/lib/thumb/v7e-m\libc.a(lib_a-init.o)
                0x00404cb0                __libc_init_array
 .text.memset   0x00404d00       0x9c c:/program files (x86)/atmel/studio/7.0/toolchain/arm/arm-gnu-toolchain/bin/../lib/gcc/arm-none-eabi/6.3.1/../../../../arm-none-eabi/lib/thumb/v7e-m\libc.a(lib_a-memset.o)
                0x00404d00                memset
 .text.sprintf  0x00404d9c       0x4c c:/program files (x86)/atmel/studio/7.0/toolchain/arm/arm-gnu-toolchain/bin/../lib/gcc/arm-none-eabi/6.3.1/../../../../arm-none-eabi/lib/thumb/v7e-m\libc.a(lib_a-sprintf.o)
                0x00404d9c                sprintf
 .text._svfprintf_r
                0x00404de8     0x145c c:/program files (x86)/atmel/studio/7.0/toolchain/arm/arm-gnu-toolchain/bin/../lib/gcc/arm-none-eabi/6.3.1/../../../../arm-none-eabi/lib/thumb/v7e-m\libc.a(lib_a-svfprintf.o)
                0x00404de8                _svfprintf_r
 .text.startup.register_fini
                0x00406244       0x14 c:/program files (x86)/atmel/studio/7.0/toolchain/arm/arm-gnu-toolchain/bin/../lib/gcc/arm-none-eabi/6.3.1/../../../../arm-none-eabi/lib/thumb/v7e-m\libc.a(lib_a-__call_atexit.o)
 .text.atexit   0x00406258        0xc c:/program files (x86)/atmel/studio/7.0/toolchain/arm/arm-gnu-toolchain/bin/../lib/gcc/arm-none-eabi/6.3.1/../../../../arm-none-eabi/lib/thumb/v7e-m\libc.a(lib_a-atexit.o)
                0x00406258                atexit
 .text.quorem   0x00406264      0x128 c:/program files (x86)/atmel/studio/7.0/toolchain/arm/arm-gnu-toolchain/bin/../lib/gcc/arm-none-eabi/6.3.1/../../../../arm-none-eabi/lib/thumb/v7e-m\libc.a(lib_a-dtoa.o)
 *fill*         0x0040638c        0x4 
 .text._dtoa_r  0x00406390      0xe54 c:/program files (x86)/atmel/studio/7.0/toolchain/arm/arm-gnu-toolchain/bin/../lib/gcc/arm-none-eabi/6.3.1/../../../../arm-none-eabi/lib/thumb/v7e-m\libc.a(lib_a-dtoa.o)
                0x00406390                _dtoa_r
 .text.__libc_fini_array
                0x004071e4       0x34 c:/program files (x86)/atmel/studio/7.0/toolchain/arm/arm-gnu-toolchain/bin/../lib/gcc/arm-none-eabi/6.3.1/../../../../arm-none-eabi/lib/thumb/v7e-m\libc.a(lib_a-fini.o)
                0x004071e4                __libc_fini_array
 .text._localeconv_r
                0x00407218       0x1c c:/program files (x86)/atmel/studio/7.0/toolchain/arm/arm-gnu-toolchain/bin/../lib/gcc/arm-none-eabi/6.3.1/../../../../arm-none-eabi/lib/thumb/v7e-m\libc.a(lib_a-localeconv.o)
                0x00407218                _localeconv_r
 .text.__retarget_lock_acquire_recursive
                0x00407234        0x4 c:/program files (x86)/atmel/studio/7.0/toolchain/arm/arm-gnu-toolchain/bin/../lib/gcc/arm-none-eabi/6.3.1/../../../../arm-none-eabi/lib/thumb/v7e-m\libc.a(lib_a-lock.o)
                0x00407234                __retarget_lock_acquire_recursive
 .text.__retarget_lock_release_recursive
                0x00407238        0x4 c:/program files (x86)/atmel/studio/7.0/toolchain/arm/arm-gnu-toolchain/bin/../lib/gcc/arm-none-eabi/6.3.1/../../../../arm-none-eabi/lib/thumb/v7e-m\libc.a(lib_a-lock.o)
                0x00407238                __retarget_lock_release_recursive
 .text._malloc_r
                0x0040723c      0x560 c:/program files (x86)/atmel/studio/7.0/toolchain/arm/arm-gnu-toolchain/bin/../lib/gcc/arm-none-eabi/6.3.1/../../../../arm-none-eabi/lib/thumb/v7e-m\libc.a(lib_a-mallocr.o)
                0x0040723c                _malloc_r
 *fill*         0x0040779c        0x4 
 .text          0x004077a0       0xa0 c:/program files (x86)/atmel/studio/7.0/toolchain/arm/arm-gnu-toolchain/bin/../lib/gcc/arm-none-eabi/6.3.1/../../../../arm-none-eabi/lib/thumb/v7e-m\libc.a(lib_a-memchr.o)
                0x004077a0                memchr
 .text          0x00407840      0x134 c:/program files (x86)/atmel/studio/7.0/toolchain/arm/arm-gnu-toolchain/bin/../lib/gcc/arm-none-eabi/6.3.1/../../../../arm-none-eabi/lib/thumb/v7e-m\libc.a(lib_a-memcpy.o)
                0x00407840                memcpy
 .text.__malloc_lock
                0x00407974        0xc c:/program files (x86)/atmel/studio/7.0/toolchain/arm/arm-gnu-toolchain/bin/../lib/gcc/arm-none-eabi/6.3.1/../../../../arm-none-eabi/lib/thumb/v7e-m\libc.a(lib_a-mlock.o)
                0x00407974                __malloc_lock
 .text.__malloc_unlock
                0x00407980        0xc c:/program files (x86)/atmel/studio/7.0/toolchain/arm/arm-gnu-toolchain/bin/../lib/gcc/arm-none-eabi/6.3.1/../../../../arm-none-eabi/lib/thumb/v7e-m\libc.a(lib_a-mlock.o)
                0x00407980                __malloc_unlock
 .text._Balloc  0x0040798c       0x4c c:/program files (x86)/atmel/studio/7.0/toolchain/arm/arm-gnu-toolchain/bin/../lib/gcc/arm-none-eabi/6.3.1/../../../../arm-none-eabi/lib/thumb/v7e-m\libc.a(lib_a-mprec.o)
                0x0040798c                _Balloc
 .text._Bfree   0x004079d8       0x14 c:/program files (x86)/atmel/studio/7.0/toolchain/arm/arm-gnu-toolchain/bin/../lib/gcc/arm-none-eabi/6.3.1/../../../../arm-none-eabi/lib/thumb/v7e-m\libc.a(lib_a-mprec.o)
                0x004079d8                _Bfree
 .text.__multadd
                0x004079ec       0x80 c:/program files (x86)/atmel/studio/7.0/toolchain/arm/arm-gnu-toolchain/bin/../lib/gcc/arm-none-eabi/6.3.1/../../../../arm-none-eabi/lib/thumb/v7e-m\libc.a(lib_a-mprec.o)
                0x004079ec                __multadd
 .text.__hi0bits
                0x00407a6c       0x40 c:/program files (x86)/atmel/studio/7.0/toolchain/arm/arm-gnu-toolchain/bin/../lib/gcc/arm-none-eabi/6.3.1/../../../../arm-none-eabi/lib/thumb/v7e-m\libc.a(lib_a-mprec.o)
                0x00407a6c                __hi0bits
 .text.__lo0bits
                0x00407aac       0x60 c:/program files (x86)/atmel/studio/7.0/toolchain/arm/arm-gnu-toolchain/bin/../lib/gcc/arm-none-eabi/6.3.1/../../../../arm-none-eabi/lib/thumb/v7e-m\libc.a(lib_a-mprec.o)
                0x00407aac                __lo0bits
 .text.__i2b    0x00407b0c       0x14 c:/program files (x86)/atmel/studio/7.0/toolchain/arm/arm-gnu-toolchain/bin/../lib/gcc/arm-none-eabi/6.3.1/../../../../arm-none-eabi/lib/thumb/v7e-m\libc.a(lib_a-mprec.o)
                0x00407b0c                __i2b
 .text.__multiply
                0x00407b20      0x124 c:/program files (x86)/atmel/studio/7.0/toolchain/arm/arm-gnu-toolchain/bin/../lib/gcc/arm-none-eabi/6.3.1/../../../../arm-none-eabi/lib/thumb/v7e-m\libc.a(lib_a-mprec.o)
                0x00407b20                __multiply
 .text.__pow5mult
                0x00407c44       0xa0 c:/program files (x86)/atmel/studio/7.0/toolchain/arm/arm-gnu-toolchain/bin/../lib/gcc/arm-none-eabi/6.3.1/../../../../arm-none-eabi/lib/thumb/v7e-m\libc.a(lib_a-mprec.o)
                0x00407c44                __pow5mult
 .text.__lshift
                0x00407ce4       0xa4 c:/program files (x86)/atmel/studio/7.0/toolchain/arm/arm-gnu-toolchain/bin/../lib/gcc/arm-none-eabi/6.3.1/../../../../arm-none-eabi/lib/thumb/v7e-m\libc.a(lib_a-mprec.o)
                0x00407ce4                __lshift
 .text.__mcmp   0x00407d88       0x38 c:/program files (x86)/atmel/studio/7.0/toolchain/arm/arm-gnu-toolchain/bin/../lib/gcc/arm-none-eabi/6.3.1/../../../../arm-none-eabi/lib/thumb/v7e-m\libc.a(lib_a-mprec.o)
                0x00407d88                __mcmp
 .text.__mdiff  0x00407dc0      0x108 c:/program files (x86)/atmel/studio/7.0/toolchain/arm/arm-gnu-toolchain/bin/../lib/gcc/arm-none-eabi/6.3.1/../../../../arm-none-eabi/lib/thumb/v7e-m\libc.a(lib_a-mprec.o)
                0x00407dc0                __mdiff
 .text.__d2b    0x00407ec8       0xb8 c:/program files (x86)/atmel/studio/7.0/toolchain/arm/arm-gnu-toolchain/bin/../lib/gcc/arm-none-eabi/6.3.1/../../../../arm-none-eabi/lib/thumb/v7e-m\libc.a(lib_a-mprec.o)
                0x00407ec8                __d2b
 .text._sbrk_r  0x00407f80       0x24 c:/program files (x86)/atmel/studio/7.0/toolchain/arm/arm-gnu-toolchain/bin/../lib/gcc/arm-none-eabi/6.3.1/../../../../arm-none-eabi/lib/thumb/v7e-m\libc.a(lib_a-sbrkr.o)
                0x00407f80                _sbrk_r
 *fill*         0x00407fa4       0x1c 
 .text          0x00407fc0       0xdc c:/program files (x86)/atmel/studio/7.0/toolchain/arm/arm-gnu-toolchain/bin/../lib/gcc/arm-none-eabi/6.3.1/../../../../arm-none-eabi/lib/thumb/v7e-m\libc.a(lib_a-strlen.o)
                0x00407fc0                strlen
 .text.__ssprint_r
                0x0040809c       0xfc c:/program files (x86)/atmel/studio/7.0/toolchain/arm/arm-gnu-toolchain/bin/../lib/gcc/arm-none-eabi/6.3.1/../../../../arm-none-eabi/lib/thumb/v7e-m\libc.a(lib_a-svfiprintf.o)
                0x0040809c                __ssprint_r
 .text.__register_exitproc
                0x00408198       0xc4 c:/program files (x86)/atmel/studio/7.0/toolchain/arm/arm-gnu-toolchain/bin/../lib/gcc/arm-none-eabi/6.3.1/../../../../arm-none-eabi/lib/thumb/v7e-m\libc.a(lib_a-__atexit.o)
                0x00408198                __register_exitproc
 .text._calloc_r
                0x0040825c       0x60 c:/program files (x86)/atmel/studio/7.0/toolchain/arm/arm-gnu-toolchain/bin/../lib/gcc/arm-none-eabi/6.3.1/../../../../arm-none-eabi/lib/thumb/v7e-m\libc.a(lib_a-callocr.o)
                0x0040825c                _calloc_r
 .text._malloc_trim_r
                0x004082bc       0xa0 c:/program files (x86)/atmel/studio/7.0/toolchain/arm/arm-gnu-toolchain/bin/../lib/gcc/arm-none-eabi/6.3.1/../../../../arm-none-eabi/lib/thumb/v7e-m\libc.a(lib_a-freer.o)
                0x004082bc                _malloc_trim_r
 .text._free_r  0x0040835c      0x1cc c:/program files (x86)/atmel/studio/7.0/toolchain/arm/arm-gnu-toolchain/bin/../lib/gcc/arm-none-eabi/6.3.1/../../../../arm-none-eabi/lib/thumb/v7e-m\libc.a(lib_a-freer.o)
                0x0040835c                _free_r
 .text.__ascii_mbtowc
                0x00408528       0x2c c:/program files (x86)/atmel/studio/7.0/toolchain/arm/arm-gnu-toolchain/bin/../lib/gcc/arm-none-eabi/6.3.1/../../../../arm-none-eabi/lib/thumb/v7e-m\libc.a(lib_a-mbtowc_r.o)
                0x00408528                __ascii_mbtowc
 .text.memmove  0x00408554       0xc8 c:/program files (x86)/atmel/studio/7.0/toolchain/arm/arm-gnu-toolchain/bin/../lib/gcc/arm-none-eabi/6.3.1/../../../../arm-none-eabi/lib/thumb/v7e-m\libc.a(lib_a-memmove.o)
                0x00408554                memmove
 .text._realloc_r
                0x0040861c      0x34c c:/program files (x86)/atmel/studio/7.0/toolchain/arm/arm-gnu-toolchain/bin/../lib/gcc/arm-none-eabi/6.3.1/../../../../arm-none-eabi/lib/thumb/v7e-m\libc.a(lib_a-reallocr.o)
                0x0040861c                _realloc_r
 .text.__ascii_wctomb
                0x00408968       0x1c c:/program files (x86)/atmel/studio/7.0/toolchain/arm/arm-gnu-toolchain/bin/../lib/gcc/arm-none-eabi/6.3.1/../../../../arm-none-eabi/lib/thumb/v7e-m\libc.a(lib_a-wctomb_r.o)
                0x00408968                __ascii_wctomb
 .text          0x00408984      0x110 c:/program files (x86)/atmel/studio/7.0/toolchain/arm/arm-gnu-toolchain/bin/../lib/gcc/arm-none-eabi/6.3.1/thumb/v7e-m\libgcc.a(_arm_cmpdf2.o)
                0x00408984                __gtdf2
                0x00408984                __gedf2
                0x0040898c                __ltdf2
                0x0040898c                __ledf2
                0x00408994                __nedf2
                0x00408994                __eqdf2
                0x00408994                __cmpdf2
                0x00408a10                __aeabi_cdrcmple
                0x00408a20                __aeabi_cdcmpeq
                0x00408a20                __aeabi_cdcmple
                0x00408a30                __aeabi_dcmpeq
                0x00408a44                __aeabi_dcmplt
                0x00408a58                __aeabi_dcmple
                0x00408a6c                __aeabi_dcmpge
                0x00408a80                __aeabi_dcmpgt
 .text          0x00408a94       0x2c c:/program files (x86)/atmel/studio/7.0/toolchain/arm/arm-gnu-toolchain/bin/../lib/gcc/arm-none-eabi/6.3.1/thumb/v7e-m\libgcc.a(_arm_unorddf2.o)
                0x00408a94                __unorddf2
                0x00408a94                __aeabi_dcmpun
 .text          0x00408ac0       0x50 c:/program files (x86)/atmel/studio/7.0/toolchain/arm/arm-gnu-toolchain/bin/../lib/gcc/arm-none-eabi/6.3.1/thumb/v7e-m\libgcc.a(_arm_fixdfsi.o)
                0x00408ac0                __aeabi_d2iz
                0x00408ac0                __fixdfsi
 *(.glue_7t)
 .glue_7t       0x00408b10        0x0 linker stubs
 *(.glue_7)
 .glue_7        0x00408b10        0x0 linker stubs
 *(.rodata .rodata* .gnu.linkonce.r.*)
 .rodata.image_data_calibri_36_0x20
                0x00408b10      0x378 src/main.o
 .rodata.calibri_36_0x20
                0x00408e88       0x10 src/main.o
 .rodata.image_data_calibri_36_0x21
                0x00408e98      0x534 src/main.o
 .rodata.calibri_36_0x21
                0x004093cc       0x10 src/main.o
 .rodata.image_data_calibri_36_0x22
                0x004093dc      0x612 src/main.o
 *fill*         0x004099ee        0x2 
 .rodata.calibri_36_0x22
                0x004099f0       0x10 src/main.o
 .rodata.image_data_calibri_36_0x23
                0x00409a00      0x7ce src/main.o
 *fill*         0x0040a1ce        0x2 
 .rodata.calibri_36_0x23
                0x0040a1d0       0x10 src/main.o
 .rodata.image_data_calibri_36_0x24
                0x0040a1e0      0x7ce src/main.o
 *fill*         0x0040a9ae        0x2 
 .rodata.calibri_36_0x24
                0x0040a9b0       0x10 src/main.o
 .rodata.image_data_calibri_36_0x25
                0x0040a9c0      0xb46 src/main.o
 *fill*         0x0040b506        0x2 
 .rodata.calibri_36_0x25
                0x0040b508       0x10 src/main.o
 .rodata.image_data_calibri_36_0x26
                0x0040b518      0xad7 src/main.o
 *fill*         0x0040bfef        0x1 
 .rodata.calibri_36_0x26
                0x0040bff0       0x10 src/main.o
 .rodata.image_data_calibri_36_0x27
                0x0040c000      0x378 src/main.o
 .rodata.calibri_36_0x27
                0x0040c378       0x10 src/main.o
 .rodata.image_data_calibri_36_0x28
                0x0040c388      0x4c5 src/main.o
 *fill*         0x0040c84d        0x3 
 .rodata.calibri_36_0x28
                0x0040c850       0x10 src/main.o
 .rodata.image_data_calibri_36_0x29
                0x0040c860      0x4c5 src/main.o
 *fill*         0x0040cd25        0x3 
 .rodata.calibri_36_0x29
                0x0040cd28       0x10 src/main.o
 .rodata.image_data_calibri_36_0x2a
                0x0040cd38      0x7ce src/main.o
 *fill*         0x0040d506        0x2 
 .rodata.calibri_36_0x2a
                0x0040d508       0x10 src/main.o
 .rodata.image_data_calibri_36_0x2b
                0x0040d518      0x7ce src/main.o
 *fill*         0x0040dce6        0x2 
 .rodata.calibri_36_0x2b
                0x0040dce8       0x10 src/main.o
 .rodata.image_data_calibri_36_0x2c
                0x0040dcf8      0x3e7 src/main.o
 *fill*         0x0040e0df        0x1 
 .rodata.calibri_36_0x2c
                0x0040e0e0       0x10 src/main.o
 .rodata.image_data_calibri_36_0x2d
                0x0040e0f0      0x4c5 src/main.o
 *fill*         0x0040e5b5        0x3 
 .rodata.calibri_36_0x2d
                0x0040e5b8       0x10 src/main.o
 .rodata.image_data_calibri_36_0x2e
                0x0040e5c8      0x3e7 src/main.o
 *fill*         0x0040e9af        0x1 
 .rodata.calibri_36_0x2e
                0x0040e9b0       0x10 src/main.o
 .rodata.image_data_calibri_36_0x2f
                0x0040e9c0      0x612 src/main.o
 *fill*         0x0040efd2        0x2 
 .rodata.calibri_36_0x2f
                0x0040efd4       0x10 src/main.o
 .rodata.image_data_calibri_36_0x30
                0x0040efe4      0x7ce src/main.o
 *fill*         0x0040f7b2        0x2 
 .rodata.calibri_36_0x30
                0x0040f7b4       0x10 src/main.o
 .rodata.image_data_calibri_36_0x31
                0x0040f7c4      0x7ce src/main.o
 *fill*         0x0040ff92        0x2 
 .rodata.calibri_36_0x31
                0x0040ff94       0x10 src/main.o
 .rodata.image_data_calibri_36_0x32
                0x0040ffa4      0x7ce src/main.o
 *fill*         0x00410772        0x2 
 .rodata.calibri_36_0x32
                0x00410774       0x10 src/main.o
 .rodata.image_data_calibri_36_0x33
                0x00410784      0x7ce src/main.o
 *fill*         0x00410f52        0x2 
 .rodata.calibri_36_0x33
                0x00410f54       0x10 src/main.o
 .rodata.image_data_calibri_36_0x34
                0x00410f64      0x7ce src/main.o
 *fill*         0x00411732        0x2 
 .rodata.calibri_36_0x34
                0x00411734       0x10 src/main.o
 .rodata.image_data_calibri_36_0x35
                0x00411744      0x7ce src/main.o
 *fill*         0x00411f12        0x2 
 .rodata.calibri_36_0x35
                0x00411f14       0x10 src/main.o
 .rodata.image_data_calibri_36_0x36
                0x00411f24      0x7ce src/main.o
 *fill*         0x004126f2        0x2 
 .rodata.calibri_36_0x36
                0x004126f4       0x10 src/main.o
 .rodata.image_data_calibri_36_0x37
                0x00412704      0x7ce src/main.o
 *fill*         0x00412ed2        0x2 
 .rodata.calibri_36_0x37
                0x00412ed4       0x10 src/main.o
 .rodata.image_data_calibri_36_0x38
                0x00412ee4      0x7ce src/main.o
 *fill*         0x004136b2        0x2 
 .rodata.calibri_36_0x38
                0x004136b4       0x10 src/main.o
 .rodata.image_data_calibri_36_0x39
                0x004136c4      0x7ce src/main.o
 *fill*         0x00413e92        0x2 
 .rodata.calibri_36_0x39
                0x00413e94       0x10 src/main.o
 .rodata.image_data_calibri_36_0x3a
                0x00413ea4      0x456 src/main.o
 *fill*         0x004142fa        0x2 
 .rodata.calibri_36_0x3a
                0x004142fc       0x10 src/main.o
 .rodata.image_data_calibri_36_0x3b
                0x0041430c      0x456 src/main.o
 *fill*         0x00414762        0x2 
 .rodata.calibri_36_0x3b
                0x00414764       0x10 src/main.o
 .rodata.image_data_calibri_36_0x3c
                0x00414774      0x7ce src/main.o
 *fill*         0x00414f42        0x2 
 .rodata.calibri_36_0x3c
                0x00414f44       0x10 src/main.o
 .rodata.image_data_calibri_36_0x3d
                0x00414f54      0x7ce src/main.o
 *fill*         0x00415722        0x2 
 .rodata.calibri_36_0x3d
                0x00415724       0x10 src/main.o
 .rodata.image_data_calibri_36_0x3e
                0x00415734      0x7ce src/main.o
 *fill*         0x00415f02        0x2 
 .rodata.calibri_36_0x3e
                0x00415f04       0x10 src/main.o
 .rodata.image_data_calibri_36_0x3f
                0x00415f14      0x75f src/main.o
 *fill*         0x00416673        0x1 
 .rodata.calibri_36_0x3f
                0x00416674       0x10 src/main.o
 .rodata.image_data_calibri_36_0x40
                0x00416684      0xde0 src/main.o
 .rodata.calibri_36_0x40
                0x00417464       0x10 src/main.o
 .rodata.image_data_calibri_36_0x41
                0x00417474      0x91b src/main.o
 *fill*         0x00417d8f        0x1 
 .rodata.calibri_36_0x41
                0x00417d90       0x10 src/main.o
 .rodata.image_data_calibri_36_0x42
                0x00417da0      0x8ac src/main.o
 .rodata.calibri_36_0x42
                0x0041864c       0x10 src/main.o
 .rodata.image_data_calibri_36_0x43
                0x0041865c      0x83d src/main.o
 *fill*         0x00418e99        0x3 
 .rodata.calibri_36_0x43
                0x00418e9c       0x10 src/main.o
 .rodata.image_data_calibri_36_0x44
                0x00418eac      0x98a src/main.o
 *fill*         0x00419836        0x2 
 .rodata.calibri_36_0x44
                0x00419838       0x10 src/main.o
 .rodata.image_data_calibri_36_0x45
                0x00419848      0x7ce src/main.o
 *fill*         0x0041a016        0x2 
 .rodata.calibri_36_0x45
                0x0041a018       0x10 src/main.o
 .rodata.image_data_calibri_36_0x46
                0x0041a028      0x75f src/main.o
 *fill*         0x0041a787        0x1 
 .rodata.calibri_36_0x46
                0x0041a788       0x10 src/main.o
 .rodata.image_data_calibri_36_0x47
                0x0041a798      0x9f9 src/main.o
 *fill*         0x0041b191        0x3 
 .rodata.calibri_36_0x47
                0x0041b194       0x10 src/main.o
 .rodata.image_data_calibri_36_0x48
                0x0041b1a4      0x98a src/main.o
 *fill*         0x0041bb2e        0x2 
 .rodata.calibri_36_0x48
                0x0041bb30       0x10 src/main.o
 .rodata.image_data_calibri_36_0x49
                0x0041bb40      0x3e7 src/main.o
 *fill*         0x0041bf27        0x1 
 .rodata.calibri_36_0x49
                0x0041bf28       0x10 src/main.o
 .rodata.image_data_calibri_36_0x4a
                0x0041bf38      0x4c5 src/main.o
 *fill*         0x0041c3fd        0x3 
 .rodata.calibri_36_0x4a
                0x0041c400       0x10 src/main.o
 .rodata.image_data_calibri_36_0x4b
                0x0041c410      0x83d src/main.o
 *fill*         0x0041cc4d        0x3 
 .rodata.calibri_36_0x4b
                0x0041cc50       0x10 src/main.o
 .rodata.image_data_calibri_36_0x4c
                0x0041cc60      0x681 src/main.o
 *fill*         0x0041d2e1        0x3 
 .rodata.calibri_36_0x4c
                0x0041d2e4       0x10 src/main.o
 .rodata.image_data_calibri_36_0x4d
                0x0041d2f4      0xd71 src/main.o
 *fill*         0x0041e065        0x3 
 .rodata.calibri_36_0x4d
                0x0041e068       0x10 src/main.o
 .rodata.image_data_calibri_36_0x4e
                0x0041e078      0x9f9 src/main.o
 *fill*         0x0041ea71        0x3 
 .rodata.calibri_36_0x4e
                0x0041ea74       0x10 src/main.o
 .rodata.image_data_calibri_36_0x4f
                0x0041ea84      0xa68 src/main.o
 .rodata.calibri_36_0x4f
                0x0041f4ec       0x10 src/main.o
 .rodata.image_data_calibri_36_0x50
                0x0041f4fc      0x83d src/main.o
 *fill*         0x0041fd39        0x3 
 .rodata.calibri_36_0x50
                0x0041fd3c       0x10 src/main.o
 .rodata.image_data_calibri_36_0x51
                0x0041fd4c      0xad7 src/main.o
 *fill*         0x00420823        0x1 
 .rodata.calibri_36_0x51
                0x00420824       0x10 src/main.o
 .rodata.image_data_calibri_36_0x52
                0x00420834      0x8ac src/main.o
 .rodata.calibri_36_0x52
                0x004210e0       0x10 src/main.o
 .rodata.image_data_calibri_36_0x53
                0x004210f0      0x75f src/main.o
 *fill*         0x0042184f        0x1 
 .rodata.calibri_36_0x53
                0x00421850       0x10 src/main.o
 .rodata.image_data_calibri_36_0x54
                0x00421860      0x7ce src/main.o
 *fill*         0x0042202e        0x2 
 .rodata.calibri_36_0x54
                0x00422030       0x10 src/main.o
 .rodata.image_data_calibri_36_0x55
                0x00422040      0x9f9 src/main.o
 *fill*         0x00422a39        0x3 
 .rodata.calibri_36_0x55
                0x00422a3c       0x10 src/main.o
 .rodata.image_data_calibri_36_0x56
                0x00422a4c      0x8ac src/main.o
 .rodata.calibri_36_0x56
                0x004232f8       0x10 src/main.o
 .rodata.image_data_calibri_36_0x57
                0x00423308      0xde0 src/main.o
 .rodata.calibri_36_0x57
                0x004240e8       0x10 src/main.o
 .rodata.image_data_calibri_36_0x58
                0x004240f8      0x83d src/main.o
 *fill*         0x00424935        0x3 
 .rodata.calibri_36_0x58
                0x00424938       0x10 src/main.o
 .rodata.image_data_calibri_36_0x59
                0x00424948      0x7ce src/main.o
 *fill*         0x00425116        0x2 
 .rodata.calibri_36_0x59
                0x00425118       0x10 src/main.o
 .rodata.image_data_calibri_36_0x5a
                0x00425128      0x75f src/main.o
 *fill*         0x00425887        0x1 
 .rodata.calibri_36_0x5a
                0x00425888       0x10 src/main.o
 .rodata.image_data_calibri_36_0x5b
                0x00425898      0x4c5 src/main.o
 *fill*         0x00425d5d        0x3 
 .rodata.calibri_36_0x5b
                0x00425d60       0x10 src/main.o
 .rodata.image_data_calibri_36_0x5c
                0x00425d70      0x612 src/main.o
 *fill*         0x00426382        0x2 
 .rodata.calibri_36_0x5c
                0x00426384       0x10 src/main.o
 .rodata.image_data_calibri_36_0x5d
                0x00426394      0x4c5 src/main.o
 *fill*         0x00426859        0x3 
 .rodata.calibri_36_0x5d
                0x0042685c       0x10 src/main.o
 .rodata.image_data_calibri_36_0x5e
                0x0042686c      0x7ce src/main.o
 *fill*         0x0042703a        0x2 
 .rodata.calibri_36_0x5e
                0x0042703c       0x10 src/main.o
 .rodata.image_data_calibri_36_0x5f
                0x0042704c      0x7ce src/main.o
 *fill*         0x0042781a        0x2 
 .rodata.calibri_36_0x5f
                0x0042781c       0x10 src/main.o
 .rodata.image_data_calibri_36_0x60
                0x0042782c      0x456 src/main.o
 *fill*         0x00427c82        0x2 
 .rodata.calibri_36_0x60
                0x00427c84       0x10 src/main.o
 .rodata.image_data_calibri_36_0x61
                0x00427c94      0x75f src/main.o
 *fill*         0x004283f3        0x1 
 .rodata.calibri_36_0x61
                0x004283f4       0x10 src/main.o
 .rodata.image_data_calibri_36_0x62
                0x00428404      0x83d src/main.o
 *fill*         0x00428c41        0x3 
 .rodata.calibri_36_0x62
                0x00428c44       0x10 src/main.o
 .rodata.image_data_calibri_36_0x63
                0x00428c54      0x681 src/main.o
 *fill*         0x004292d5        0x3 
 .rodata.calibri_36_0x63
                0x004292d8       0x10 src/main.o
 .rodata.image_data_calibri_36_0x64
                0x004292e8      0x83d src/main.o
 *fill*         0x00429b25        0x3 
 .rodata.calibri_36_0x64
                0x00429b28       0x10 src/main.o
 .rodata.image_data_calibri_36_0x65
                0x00429b38      0x7ce src/main.o
 *fill*         0x0042a306        0x2 
 .rodata.calibri_36_0x65
                0x0042a308       0x10 src/main.o
 .rodata.image_data_calibri_36_0x66
                0x0042a318      0x4c5 src/main.o
 *fill*         0x0042a7dd        0x3 
 .rodata.calibri_36_0x66
                0x0042a7e0       0x10 src/main.o
 .rodata.image_data_calibri_36_0x67
                0x0042a7f0      0x75f src/main.o
 *fill*         0x0042af4f        0x1 
 .rodata.calibri_36_0x67
                0x0042af50       0x10 src/main.o
 .rodata.image_data_calibri_36_0x68
                0x0042af60      0x83d src/main.o
 *fill*         0x0042b79d        0x3 
 .rodata.calibri_36_0x68
                0x0042b7a0       0x10 src/main.o
 .rodata.image_data_calibri_36_0x69
                0x0042b7b0      0x378 src/main.o
 .rodata.calibri_36_0x69
                0x0042bb28       0x10 src/main.o
 .rodata.image_data_calibri_36_0x6a
                0x0042bb38      0x3e7 src/main.o
 *fill*         0x0042bf1f        0x1 
 .rodata.calibri_36_0x6a
                0x0042bf20       0x10 src/main.o
 .rodata.image_data_calibri_36_0x6b
                0x0042bf30      0x6f0 src/main.o
 .rodata.calibri_36_0x6b
                0x0042c620       0x10 src/main.o
 .rodata.image_data_calibri_36_0x6c
                0x0042c630      0x378 src/main.o
 .rodata.calibri_36_0x6c
                0x0042c9a8       0x10 src/main.o
 .rodata.image_data_calibri_36_0x6d
                0x0042c9b8      0xc93 src/main.o
 *fill*         0x0042d64b        0x1 
 .rodata.calibri_36_0x6d
                0x0042d64c       0x10 src/main.o
 .rodata.image_data_calibri_36_0x6e
                0x0042d65c      0x83d src/main.o
 *fill*         0x0042de99        0x3 
 .rodata.calibri_36_0x6e
                0x0042de9c       0x10 src/main.o
 .rodata.image_data_calibri_36_0x6f
                0x0042deac      0x83d src/main.o
 *fill*         0x0042e6e9        0x3 
 .rodata.calibri_36_0x6f
                0x0042e6ec       0x10 src/main.o
 .rodata.image_data_calibri_36_0x70
                0x0042e6fc      0x83d src/main.o
 *fill*         0x0042ef39        0x3 
 .rodata.calibri_36_0x70
                0x0042ef3c       0x10 src/main.o
 .rodata.image_data_calibri_36_0x71
                0x0042ef4c      0x83d src/main.o
 *fill*         0x0042f789        0x3 
 .rodata.calibri_36_0x71
                0x0042f78c       0x10 src/main.o
 .rodata.image_data_calibri_36_0x72
                0x0042f79c      0x5a3 src/main.o
 *fill*         0x0042fd3f        0x1 
 .rodata.calibri_36_0x72
                0x0042fd40       0x10 src/main.o
 .rodata.image_data_calibri_36_0x73
                0x0042fd50      0x612 src/main.o
 *fill*         0x00430362        0x2 
 .rodata.calibri_36_0x73
                0x00430364       0x10 src/main.o
 .rodata.image_data_calibri_36_0x74
                0x00430374      0x534 src/main.o
 .rodata.calibri_36_0x74
                0x004308a8       0x10 src/main.o
 .rodata.image_data_calibri_36_0x75
                0x004308b8      0x83d src/main.o
 *fill*         0x004310f5        0x3 
 .rodata.calibri_36_0x75
                0x004310f8       0x10 src/main.o
 .rodata.image_data_calibri_36_0x76
                0x00431108      0x6f0 src/main.o
 .rodata.calibri_36_0x76
                0x004317f8       0x10 src/main.o
 .rodata.image_data_calibri_36_0x77
                0x00431808      0xb46 src/main.o
 *fill*         0x0043234e        0x2 
 .rodata.calibri_36_0x77
                0x00432350       0x10 src/main.o
 .rodata.image_data_calibri_36_0x78
                0x00432360      0x6f0 src/main.o
 .rodata.calibri_36_0x78
                0x00432a50       0x10 src/main.o
 .rodata.image_data_calibri_36_0x79
                0x00432a60      0x6f0 src/main.o
 .rodata.calibri_36_0x79
                0x00433150       0x10 src/main.o
 .rodata.image_data_calibri_36_0x7a
                0x00433160      0x612 src/main.o
 *fill*         0x00433772        0x2 
 .rodata.calibri_36_0x7a
                0x00433774       0x10 src/main.o
 .rodata.image_data_calibri_36_0x7b
                0x00433784      0x4c5 src/main.o
 *fill*         0x00433c49        0x3 
 .rodata.calibri_36_0x7b
                0x00433c4c       0x10 src/main.o
 .rodata.image_data_calibri_36_0x7c
                0x00433c5c      0x75f src/main.o
 *fill*         0x004343bb        0x1 
 .rodata.calibri_36_0x7c
                0x004343bc       0x10 src/main.o
 .rodata.image_data_calibri_36_0x7d
                0x004343cc      0x4c5 src/main.o
 *fill*         0x00434891        0x3 
 .rodata.calibri_36_0x7d
                0x00434894       0x10 src/main.o
 .rodata.image_data_calibri_36_0x7e
                0x004348a4      0x7ce src/main.o
 *fill*         0x00435072        0x2 
 .rodata.calibri_36_0x7e
                0x00435074       0x10 src/main.o
 .rodata.calibri_36_array
                0x00435084      0x2f8 src/main.o
 .rodata.calibri_36
                0x0043537c        0xc src/main.o
                0x0043537c                calibri_36
 .rodata        0x00435388       0x68 src/main.o
 .rodata._global_impure_ptr
                0x004353f0        0x4 c:/program files (x86)/atmel/studio/7.0/toolchain/arm/arm-gnu-toolchain/bin/../lib/gcc/arm-none-eabi/6.3.1/../../../../arm-none-eabi/lib/thumb/v7e-m\libc.a(lib_a-impure.o)
                0x004353f0                _global_impure_ptr
 .rodata._svfprintf_r.str1.4
                0x004353f4       0x42 c:/program files (x86)/atmel/studio/7.0/toolchain/arm/arm-gnu-toolchain/bin/../lib/gcc/arm-none-eabi/6.3.1/../../../../arm-none-eabi/lib/thumb/v7e-m\libc.a(lib_a-svfprintf.o)
 *fill*         0x00435436        0x2 
 .rodata.blanks.7223
                0x00435438       0x10 c:/program files (x86)/atmel/studio/7.0/toolchain/arm/arm-gnu-toolchain/bin/../lib/gcc/arm-none-eabi/6.3.1/../../../../arm-none-eabi/lib/thumb/v7e-m\libc.a(lib_a-svfprintf.o)
 .rodata.zeroes.7224
                0x00435448       0x10 c:/program files (x86)/atmel/studio/7.0/toolchain/arm/arm-gnu-toolchain/bin/../lib/gcc/arm-none-eabi/6.3.1/../../../../arm-none-eabi/lib/thumb/v7e-m\libc.a(lib_a-svfprintf.o)
 .rodata._dtoa_r.str1.4
                0x00435458       0x10 c:/program files (x86)/atmel/studio/7.0/toolchain/arm/arm-gnu-toolchain/bin/../lib/gcc/arm-none-eabi/6.3.1/../../../../arm-none-eabi/lib/thumb/v7e-m\libc.a(lib_a-dtoa.o)
                                 0x12 (size before relaxing)
 .rodata.__mprec_bigtens
                0x00435468       0x28 c:/program files (x86)/atmel/studio/7.0/toolchain/arm/arm-gnu-toolchain/bin/../lib/gcc/arm-none-eabi/6.3.1/../../../../arm-none-eabi/lib/thumb/v7e-m\libc.a(lib_a-mprec.o)
                0x00435468                __mprec_bigtens
 .rodata.__mprec_tens
                0x00435490       0xc8 c:/program files (x86)/atmel/studio/7.0/toolchain/arm/arm-gnu-toolchain/bin/../lib/gcc/arm-none-eabi/6.3.1/../../../../arm-none-eabi/lib/thumb/v7e-m\libc.a(lib_a-mprec.o)
                0x00435490                __mprec_tens
 .rodata.p05.6055
                0x00435558        0xc c:/program files (x86)/atmel/studio/7.0/toolchain/arm/arm-gnu-toolchain/bin/../lib/gcc/arm-none-eabi/6.3.1/../../../../arm-none-eabi/lib/thumb/v7e-m\libc.a(lib_a-mprec.o)
 .rodata._setlocale_r.str1.4
                0x00435564        0xa c:/program files (x86)/atmel/studio/7.0/toolchain/arm/arm-gnu-toolchain/bin/../lib/gcc/arm-none-eabi/6.3.1/../../../../arm-none-eabi/lib/thumb/v7e-m\libc.a(lib_a-locale.o)
                                  0xd (size before relaxing)
 *fill*         0x0043556e        0x2 
 .rodata.str1.4
                0x00435570        0x4 c:/program files (x86)/atmel/studio/7.0/toolchain/arm/arm-gnu-toolchain/bin/../lib/gcc/arm-none-eabi/6.3.1/../../../../arm-none-eabi/lib/thumb/v7e-m\libc.a(lib_a-locale.o)
                                  0x2 (size before relaxing)
 .rodata._ctype_
                0x00435574      0x101 c:/program files (x86)/atmel/studio/7.0/toolchain/arm/arm-gnu-toolchain/bin/../lib/gcc/arm-none-eabi/6.3.1/../../../../arm-none-eabi/lib/thumb/v7e-m\libc.a(lib_a-ctype_.o)
                0x00435574                _ctype_
 *(.ARM.extab* .gnu.linkonce.armextab.*)
                0x00435678                . = ALIGN (0x4)
 *fill*         0x00435675        0x3 
 *(.init)
 .init          0x00435678        0x4 c:/program files (x86)/atmel/studio/7.0/toolchain/arm/arm-gnu-toolchain/bin/../lib/gcc/arm-none-eabi/6.3.1/thumb/v7e-m/crti.o
                0x00435678                _init
 .init          0x0043567c        0x8 c:/program files (x86)/atmel/studio/7.0/toolchain/arm/arm-gnu-toolchain/bin/../lib/gcc/arm-none-eabi/6.3.1/thumb/v7e-m/crtn.o
                0x00435684                . = ALIGN (0x4)
                0x00435684                __preinit_array_start = .
 *(.preinit_array)
                0x00435684                __preinit_array_end = .
                0x00435684                . = ALIGN (0x4)
                0x00435684                __init_array_start = .
 *(SORT(.init_array.*))
 .init_array.00000
                0x00435684        0x4 c:/program files (x86)/atmel/studio/7.0/toolchain/arm/arm-gnu-toolchain/bin/../lib/gcc/arm-none-eabi/6.3.1/../../../../arm-none-eabi/lib/thumb/v7e-m\libc.a(lib_a-__call_atexit.o)
 *(.init_array)
 .init_array    0x00435688        0x4 c:/program files (x86)/atmel/studio/7.0/toolchain/arm/arm-gnu-toolchain/bin/../lib/gcc/arm-none-eabi/6.3.1/thumb/v7e-m/crtbegin.o
                0x0043568c                __init_array_end = .
                0x0043568c                . = ALIGN (0x4)
 *crtbegin.o(.ctors)
 *(EXCLUDE_FILE(*crtend.o) .ctors)
 *(SORT(.ctors.*))
 *crtend.o(.ctors)
                0x0043568c                . = ALIGN (0x4)
 *(.fini)
 .fini          0x0043568c        0x4 c:/program files (x86)/atmel/studio/7.0/toolchain/arm/arm-gnu-toolchain/bin/../lib/gcc/arm-none-eabi/6.3.1/thumb/v7e-m/crti.o
                0x0043568c                _fini
 .fini          0x00435690        0x8 c:/program files (x86)/atmel/studio/7.0/toolchain/arm/arm-gnu-toolchain/bin/../lib/gcc/arm-none-eabi/6.3.1/thumb/v7e-m/crtn.o
                0x00435698                . = ALIGN (0x4)
                0x00435698                __fini_array_start = .
 *(.fini_array)
 .fini_array    0x00435698        0x4 c:/program files (x86)/atmel/studio/7.0/toolchain/arm/arm-gnu-toolchain/bin/../lib/gcc/arm-none-eabi/6.3.1/thumb/v7e-m/crtbegin.o
 *(SORT(.fini_array.*))
                0x0043569c                __fini_array_end = .
 *crtbegin.o(.dtors)
 *(EXCLUDE_FILE(*crtend.o) .dtors)
 *(SORT(.dtors.*))
 *crtend.o(.dtors)
                0x0043569c                . = ALIGN (0x4)
                0x0043569c                _efixed = .
                [!provide]                PROVIDE (__exidx_start, .)

.vfp11_veneer   0x0043569c        0x0
 .vfp11_veneer  0x0043569c        0x0 linker stubs

.v4_bx          0x0043569c        0x0
 .v4_bx         0x0043569c        0x0 linker stubs

.iplt           0x0043569c        0x0
 .iplt          0x0043569c        0x0 c:/program files (x86)/atmel/studio/7.0/toolchain/arm/arm-gnu-toolchain/bin/../lib/gcc/arm-none-eabi/6.3.1/thumb/v7e-m/crtbegin.o

.ARM.exidx      0x0043569c        0x8
 *(.ARM.exidx* .gnu.linkonce.armexidx.*)
 .ARM.exidx     0x0043569c        0x8 c:/program files (x86)/atmel/studio/7.0/toolchain/arm/arm-gnu-toolchain/bin/../lib/gcc/arm-none-eabi/6.3.1/thumb/v7e-m\libgcc.a(_udivmoddi4.o)
                [!provide]                PROVIDE (__exidx_end, .)

.eh_frame       0x004356a4        0x0
 .eh_frame      0x004356a4        0x0 c:/program files (x86)/atmel/studio/7.0/toolchain/arm/arm-gnu-toolchain/bin/../lib/gcc/arm-none-eabi/6.3.1/thumb/v7e-m/crtbegin.o

.rel.dyn        0x004356a4        0x0
 .rel.iplt      0x004356a4        0x0 c:/program files (x86)/atmel/studio/7.0/toolchain/arm/arm-gnu-toolchain/bin/../lib/gcc/arm-none-eabi/6.3.1/thumb/v7e-m/crtbegin.o

.jcr            0x004356a4        0x0
 .jcr           0x004356a4        0x0 c:/program files (x86)/atmel/studio/7.0/toolchain/arm/arm-gnu-toolchain/bin/../lib/gcc/arm-none-eabi/6.3.1/thumb/v7e-m/crtbegin.o

.igot.plt       0x004356a4        0x0
 .igot.plt      0x004356a4        0x0 c:/program files (x86)/atmel/studio/7.0/toolchain/arm/arm-gnu-toolchain/bin/../lib/gcc/arm-none-eabi/6.3.1/thumb/v7e-m/crtbegin.o
                0x004356a4                . = ALIGN (0x4)
                0x004356a4                _etext = .

.relocate       0x20400000      0x9c8 load address 0x004356a4
                0x20400000                . = ALIGN (0x4)
                0x20400000                _srelocate = .
 *(.ramfunc .ramfunc.*)
 .ramfunc       0x20400000        0xa src/ASF/common/services/delay/sam/cycle_counter.o
                0x20400000                portable_delay_cycles
 *(.data .data.*)
 .data.rtt_flag
                0x2040000a        0x1 src/main.o
                0x2040000a                rtt_flag
 .data.rtc_flag
                0x2040000b        0x1 src/main.o
                0x2040000b                rtc_flag
 .data.g_interrupt_enabled
                0x2040000c        0x1 src/ASF/common/utils/interrupt/interrupt_sam_nvic.o
                0x2040000c                g_interrupt_enabled
 *fill*         0x2040000d        0x3 
 .data.ul_flash_in_wait_mode
                0x20400010        0x4 src/ASF/sam/drivers/pmc/pmc.o
 .data.SystemCoreClock
                0x20400014        0x4 src/ASF/sam/utils/cmsis/same70/source/templates/system_same70.o
                0x20400014                SystemCoreClock
 .data._impure_ptr
                0x20400018        0x4 c:/program files (x86)/atmel/studio/7.0/toolchain/arm/arm-gnu-toolchain/bin/../lib/gcc/arm-none-eabi/6.3.1/../../../../arm-none-eabi/lib/thumb/v7e-m\libc.a(lib_a-impure.o)
                0x20400018                _impure_ptr
 *fill*         0x2040001c        0x4 
 .data.impure_data
                0x20400020      0x428 c:/program files (x86)/atmel/studio/7.0/toolchain/arm/arm-gnu-toolchain/bin/../lib/gcc/arm-none-eabi/6.3.1/../../../../arm-none-eabi/lib/thumb/v7e-m\libc.a(lib_a-impure.o)
 .data.__atexit_recursive_mutex
                0x20400448        0x4 c:/program files (x86)/atmel/studio/7.0/toolchain/arm/arm-gnu-toolchain/bin/../lib/gcc/arm-none-eabi/6.3.1/../../../../arm-none-eabi/lib/thumb/v7e-m\libc.a(lib_a-__call_atexit.o)
                0x20400448                __atexit_recursive_mutex
 .data.__malloc_av_
                0x2040044c      0x408 c:/program files (x86)/atmel/studio/7.0/toolchain/arm/arm-gnu-toolchain/bin/../lib/gcc/arm-none-eabi/6.3.1/../../../../arm-none-eabi/lib/thumb/v7e-m\libc.a(lib_a-mallocr.o)
                0x2040044c                __malloc_av_
 .data.__malloc_sbrk_base
                0x20400854        0x4 c:/program files (x86)/atmel/studio/7.0/toolchain/arm/arm-gnu-toolchain/bin/../lib/gcc/arm-none-eabi/6.3.1/../../../../arm-none-eabi/lib/thumb/v7e-m\libc.a(lib_a-mallocr.o)
                0x20400854                __malloc_sbrk_base
 .data.__malloc_trim_threshold
                0x20400858        0x4 c:/program files (x86)/atmel/studio/7.0/toolchain/arm/arm-gnu-toolchain/bin/../lib/gcc/arm-none-eabi/6.3.1/../../../../arm-none-eabi/lib/thumb/v7e-m\libc.a(lib_a-mallocr.o)
                0x20400858                __malloc_trim_threshold
 .data.__global_locale
                0x2040085c      0x16c c:/program files (x86)/atmel/studio/7.0/toolchain/arm/arm-gnu-toolchain/bin/../lib/gcc/arm-none-eabi/6.3.1/../../../../arm-none-eabi/lib/thumb/v7e-m\libc.a(lib_a-locale.o)
                0x2040085c                __global_locale
                0x204009c8                . = ALIGN (0x4)
                0x204009c8                _erelocate = .

.bss            0x204009c8      0x4f0 load address 0x0043606c
                0x204009c8                . = ALIGN (0x4)
                0x204009c8                _sbss = .
                0x204009c8                _szero = .
 *(.bss .bss.*)
 .bss           0x204009c8       0x1c c:/program files (x86)/atmel/studio/7.0/toolchain/arm/arm-gnu-toolchain/bin/../lib/gcc/arm-none-eabi/6.3.1/thumb/v7e-m/crtbegin.o
 .bss.g_wobits_in_rtt_mr
                0x204009e4        0x4 src/ASF/sam/drivers/rtt/rtt.o
 .bss.led_flag  0x204009e8        0x1 src/main.o
                0x204009e8                led_flag
 .bss.stop_flag
                0x204009e9        0x1 src/main.o
                0x204009e9                stop_flag
 *fill*         0x204009ea        0x2 
 .bss.dhora_count
                0x204009ec        0x4 src/main.o
                0x204009ec                dhora_count
 .bss.hora_count
                0x204009f0        0x4 src/main.o
                0x204009f0                hora_count
 .bss.dmin_count
                0x204009f4        0x4 src/main.o
                0x204009f4                dmin_count
 .bss.min_count
                0x204009f8        0x4 src/main.o
                0x204009f8                min_count
 .bss.dsec_count
                0x204009fc        0x4 src/main.o
                0x204009fc                dsec_count
 .bss.sec_count
                0x20400a00        0x4 src/main.o
                0x20400a00                sec_count
 .bss.counter   0x20400a04        0x4 src/main.o
                0x20400a04                counter
 .bss.distancia
                0x20400a08        0x4 src/main.o
                0x20400a08                distancia
 .bss.g_ul_pixel_cache
                0x20400a0c      0x3c0 src/ASF/sam/components/display/ili9488/ili9488.o
 .bss.gs_interrupt_sources
                0x20400dcc       0x70 src/ASF/sam/drivers/pio/pio_handler.o
 .bss.gs_ul_nb_sources
                0x20400e3c        0x4 src/ASF/sam/drivers/pio/pio_handler.o
 .bss.b_is_sleep_clock_used
                0x20400e40        0x1 src/ASF/sam/drivers/pmc/sleep.o
 *fill*         0x20400e41        0x3 
 .bss.callback_clocks_restored
                0x20400e44        0x4 src/ASF/sam/drivers/pmc/sleep.o
 .bss.heap.6420
                0x20400e48        0x4 src/ASF/sam/utils/syscalls/gcc/syscalls.o
 .bss.__malloc_current_mallinfo
                0x20400e4c       0x28 c:/program files (x86)/atmel/studio/7.0/toolchain/arm/arm-gnu-toolchain/bin/../lib/gcc/arm-none-eabi/6.3.1/../../../../arm-none-eabi/lib/thumb/v7e-m\libc.a(lib_a-mallocr.o)
                0x20400e4c                __malloc_current_mallinfo
 .bss.__malloc_max_sbrked_mem
                0x20400e74        0x4 c:/program files (x86)/atmel/studio/7.0/toolchain/arm/arm-gnu-toolchain/bin/../lib/gcc/arm-none-eabi/6.3.1/../../../../arm-none-eabi/lib/thumb/v7e-m\libc.a(lib_a-mallocr.o)
                0x20400e74                __malloc_max_sbrked_mem
 .bss.__malloc_max_total_mem
                0x20400e78        0x4 c:/program files (x86)/atmel/studio/7.0/toolchain/arm/arm-gnu-toolchain/bin/../lib/gcc/arm-none-eabi/6.3.1/../../../../arm-none-eabi/lib/thumb/v7e-m\libc.a(lib_a-mallocr.o)
                0x20400e78                __malloc_max_total_mem
 .bss.__malloc_top_pad
                0x20400e7c        0x4 c:/program files (x86)/atmel/studio/7.0/toolchain/arm/arm-gnu-toolchain/bin/../lib/gcc/arm-none-eabi/6.3.1/../../../../arm-none-eabi/lib/thumb/v7e-m\libc.a(lib_a-mallocr.o)
                0x20400e7c                __malloc_top_pad
 *(COMMON)
 COMMON         0x20400e80       0x10 src/main.o
                0x20400e80                g_ili9488_display_opt
 COMMON         0x20400e90       0x21 c:/program files (x86)/atmel/studio/7.0/toolchain/arm/arm-gnu-toolchain/bin/../lib/gcc/arm-none-eabi/6.3.1/../../../../arm-none-eabi/lib/thumb/v7e-m\libc.a(lib_a-lock.o)
                0x20400e90                __lock___atexit_recursive_mutex
                0x20400e94                __lock___arc4random_mutex
                0x20400e98                __lock___env_recursive_mutex
                0x20400e9c                __lock___sinit_recursive_mutex
                0x20400ea0                __lock___malloc_recursive_mutex
                0x20400ea4                __lock___at_quick_exit_mutex
                0x20400ea8                __lock___dd_hash_mutex
                0x20400eac                __lock___tz_mutex
                0x20400eb0                __lock___sfp_recursive_mutex
 *fill*         0x20400eb1        0x3 
 COMMON         0x20400eb4        0x4 c:/program files (x86)/atmel/studio/7.0/toolchain/arm/arm-gnu-toolchain/bin/../lib/gcc/arm-none-eabi/6.3.1/../../../../arm-none-eabi/lib/thumb/v7e-m\libc.a(lib_a-reent.o)
                0x20400eb4                errno
                0x20400eb8                . = ALIGN (0x4)
                0x20400eb8                _ebss = .
                0x20400eb8                _ezero = .

.stack          0x20400eb8     0x2000 load address 0x0043655c
                0x20400eb8                . = ALIGN (0x8)
                0x20400eb8                _sstack = .
                0x20402eb8                . = (. + STACK_SIZE)
 *fill*         0x20400eb8     0x2000 
                0x20402eb8                . = ALIGN (0x8)
                0x20402eb8                _estack = .

.heap           0x20402eb8      0x200 load address 0x0043855c
                0x20402eb8                . = ALIGN (0x8)
                0x20402eb8                _sheap = .
                0x204030b8                . = (. + HEAP_SIZE)
 *fill*         0x20402eb8      0x200 
                0x204030b8                . = ALIGN (0x8)
                0x204030b8                _eheap = .
                0x204030b8                . = ALIGN (0x4)
                0x204030b8                _end = .
                0x2045ffff                _ram_end_ = ((ORIGIN (ram) + LENGTH (ram)) - 0x1)
OUTPUT(SAME70_FONTS.elf elf32-littlearm)

.ARM.attributes
                0x00000000       0x2e
 .ARM.attributes
                0x00000000       0x1e c:/program files (x86)/atmel/studio/7.0/toolchain/arm/arm-gnu-toolchain/bin/../lib/gcc/arm-none-eabi/6.3.1/thumb/v7e-m/crti.o
 .ARM.attributes
                0x0000001e       0x2e c:/program files (x86)/atmel/studio/7.0/toolchain/arm/arm-gnu-toolchain/bin/../lib/gcc/arm-none-eabi/6.3.1/thumb/v7e-m/crtbegin.o
 .ARM.attributes
                0x0000004c       0x37 src/ASF/sam/drivers/rtc/rtc.o
 .ARM.attributes
                0x00000083       0x37 src/ASF/sam/drivers/rtt/rtt.o
 .ARM.attributes
                0x000000ba       0x37 src/main.o
 .ARM.attributes
                0x000000f1       0x37 src/ASF/common/services/delay/sam/cycle_counter.o
 .ARM.attributes
                0x00000128       0x37 src/ASF/common/services/spi/sam_spi/spi_master.o
 .ARM.attributes
                0x0000015f       0x37 src/ASF/sam/components/display/ili9488/ili9488.o
 .ARM.attributes
                0x00000196       0x37 src/ASF/sam/drivers/spi/spi.o
 .ARM.attributes
                0x000001cd       0x37 src/ASF/common/services/clock/same70/sysclk.o
 .ARM.attributes
                0x00000204       0x37 src/ASF/common/utils/interrupt/interrupt_sam_nvic.o
 .ARM.attributes
                0x0000023b       0x37 src/ASF/sam/boards/same70_xplained/init.o
 .ARM.attributes
                0x00000272       0x37 src/ASF/sam/drivers/pio/pio.o
 .ARM.attributes
                0x000002a9       0x37 src/ASF/sam/drivers/pio/pio_handler.o
 .ARM.attributes
                0x000002e0       0x37 src/ASF/sam/drivers/pmc/pmc.o
 .ARM.attributes
                0x00000317       0x37 src/ASF/sam/drivers/pmc/sleep.o
 .ARM.attributes
                0x0000034e       0x37 src/ASF/sam/utils/cmsis/same70/source/templates/gcc/startup_same70.o
 .ARM.attributes
                0x00000385       0x37 src/ASF/sam/utils/cmsis/same70/source/templates/system_same70.o
 .ARM.attributes
                0x000003bc       0x37 src/ASF/sam/utils/syscalls/gcc/syscalls.o
 .ARM.attributes
                0x000003f3       0x1e c:/program files (x86)/atmel/studio/7.0/toolchain/arm/arm-gnu-toolchain/bin/../lib/gcc/arm-none-eabi/6.3.1/thumb/v7e-m\libgcc.a(_arm_addsubdf3.o)
 .ARM.attributes
                0x00000411       0x1e c:/program files (x86)/atmel/studio/7.0/toolchain/arm/arm-gnu-toolchain/bin/../lib/gcc/arm-none-eabi/6.3.1/thumb/v7e-m\libgcc.a(_arm_muldivdf3.o)
 .ARM.attributes
                0x0000042f       0x1e c:/program files (x86)/atmel/studio/7.0/toolchain/arm/arm-gnu-toolchain/bin/../lib/gcc/arm-none-eabi/6.3.1/thumb/v7e-m\libgcc.a(_arm_truncdfsf2.o)
 .ARM.attributes
                0x0000044d       0x1e c:/program files (x86)/atmel/studio/7.0/toolchain/arm/arm-gnu-toolchain/bin/../lib/gcc/arm-none-eabi/6.3.1/thumb/v7e-m\libgcc.a(_aeabi_uldivmod.o)
 .ARM.attributes
                0x0000046b       0x2e c:/program files (x86)/atmel/studio/7.0/toolchain/arm/arm-gnu-toolchain/bin/../lib/gcc/arm-none-eabi/6.3.1/thumb/v7e-m\libgcc.a(_udivmoddi4.o)
 .ARM.attributes
                0x00000499       0x1e c:/program files (x86)/atmel/studio/7.0/toolchain/arm/arm-gnu-toolchain/bin/../lib/gcc/arm-none-eabi/6.3.1/thumb/v7e-m\libgcc.a(_dvmd_tls.o)
 .ARM.attributes
                0x000004b7       0x2e c:/program files (x86)/atmel/studio/7.0/toolchain/arm/arm-gnu-toolchain/bin/../lib/gcc/arm-none-eabi/6.3.1/../../../../arm-none-eabi/lib/thumb/v7e-m\libc.a(lib_a-impure.o)
 .ARM.attributes
                0x000004e5       0x2e c:/program files (x86)/atmel/studio/7.0/toolchain/arm/arm-gnu-toolchain/bin/../lib/gcc/arm-none-eabi/6.3.1/../../../../arm-none-eabi/lib/thumb/v7e-m\libc.a(lib_a-init.o)
 .ARM.attributes
                0x00000513       0x2e c:/program files (x86)/atmel/studio/7.0/toolchain/arm/arm-gnu-toolchain/bin/../lib/gcc/arm-none-eabi/6.3.1/../../../../arm-none-eabi/lib/thumb/v7e-m\libc.a(lib_a-memset.o)
 .ARM.attributes
                0x00000541       0x2e c:/program files (x86)/atmel/studio/7.0/toolchain/arm/arm-gnu-toolchain/bin/../lib/gcc/arm-none-eabi/6.3.1/../../../../arm-none-eabi/lib/thumb/v7e-m\libc.a(lib_a-sprintf.o)
 .ARM.attributes
                0x0000056f       0x2e c:/program files (x86)/atmel/studio/7.0/toolchain/arm/arm-gnu-toolchain/bin/../lib/gcc/arm-none-eabi/6.3.1/../../../../arm-none-eabi/lib/thumb/v7e-m\libc.a(lib_a-svfprintf.o)
 .ARM.attributes
                0x0000059d       0x2e c:/program files (x86)/atmel/studio/7.0/toolchain/arm/arm-gnu-toolchain/bin/../lib/gcc/arm-none-eabi/6.3.1/../../../../arm-none-eabi/lib/thumb/v7e-m\libc.a(lib_a-__call_atexit.o)
 .ARM.attributes
                0x000005cb       0x2e c:/program files (x86)/atmel/studio/7.0/toolchain/arm/arm-gnu-toolchain/bin/../lib/gcc/arm-none-eabi/6.3.1/../../../../arm-none-eabi/lib/thumb/v7e-m\libc.a(lib_a-atexit.o)
 .ARM.attributes
                0x000005f9       0x2e c:/program files (x86)/atmel/studio/7.0/toolchain/arm/arm-gnu-toolchain/bin/../lib/gcc/arm-none-eabi/6.3.1/../../../../arm-none-eabi/lib/thumb/v7e-m\libc.a(lib_a-dtoa.o)
 .ARM.attributes
                0x00000627       0x2e c:/program files (x86)/atmel/studio/7.0/toolchain/arm/arm-gnu-toolchain/bin/../lib/gcc/arm-none-eabi/6.3.1/../../../../arm-none-eabi/lib/thumb/v7e-m\libc.a(lib_a-fini.o)
 .ARM.attributes
                0x00000655       0x2e c:/program files (x86)/atmel/studio/7.0/toolchain/arm/arm-gnu-toolchain/bin/../lib/gcc/arm-none-eabi/6.3.1/../../../../arm-none-eabi/lib/thumb/v7e-m\libc.a(lib_a-localeconv.o)
 .ARM.attributes
                0x00000683       0x2e c:/program files (x86)/atmel/studio/7.0/toolchain/arm/arm-gnu-toolchain/bin/../lib/gcc/arm-none-eabi/6.3.1/../../../../arm-none-eabi/lib/thumb/v7e-m\libc.a(lib_a-lock.o)
 .ARM.attributes
                0x000006b1       0x2e c:/program files (x86)/atmel/studio/7.0/toolchain/arm/arm-gnu-toolchain/bin/../lib/gcc/arm-none-eabi/6.3.1/../../../../arm-none-eabi/lib/thumb/v7e-m\libc.a(lib_a-mallocr.o)
 .ARM.attributes
                0x000006df       0x1c c:/program files (x86)/atmel/studio/7.0/toolchain/arm/arm-gnu-toolchain/bin/../lib/gcc/arm-none-eabi/6.3.1/../../../../arm-none-eabi/lib/thumb/v7e-m\libc.a(lib_a-memchr.o)
 .ARM.attributes
                0x000006fb       0x1c c:/program files (x86)/atmel/studio/7.0/toolchain/arm/arm-gnu-toolchain/bin/../lib/gcc/arm-none-eabi/6.3.1/../../../../arm-none-eabi/lib/thumb/v7e-m\libc.a(lib_a-memcpy.o)
 .ARM.attributes
                0x00000717       0x2e c:/program files (x86)/atmel/studio/7.0/toolchain/arm/arm-gnu-toolchain/bin/../lib/gcc/arm-none-eabi/6.3.1/../../../../arm-none-eabi/lib/thumb/v7e-m\libc.a(lib_a-mlock.o)
 .ARM.attributes
                0x00000745       0x2e c:/program files (x86)/atmel/studio/7.0/toolchain/arm/arm-gnu-toolchain/bin/../lib/gcc/arm-none-eabi/6.3.1/../../../../arm-none-eabi/lib/thumb/v7e-m\libc.a(lib_a-mprec.o)
 .ARM.attributes
                0x00000773       0x2e c:/program files (x86)/atmel/studio/7.0/toolchain/arm/arm-gnu-toolchain/bin/../lib/gcc/arm-none-eabi/6.3.1/../../../../arm-none-eabi/lib/thumb/v7e-m\libc.a(lib_a-sbrkr.o)
 .ARM.attributes
                0x000007a1       0x1c c:/program files (x86)/atmel/studio/7.0/toolchain/arm/arm-gnu-toolchain/bin/../lib/gcc/arm-none-eabi/6.3.1/../../../../arm-none-eabi/lib/thumb/v7e-m\libc.a(lib_a-strlen.o)
 .ARM.attributes
                0x000007bd       0x2e c:/program files (x86)/atmel/studio/7.0/toolchain/arm/arm-gnu-toolchain/bin/../lib/gcc/arm-none-eabi/6.3.1/../../../../arm-none-eabi/lib/thumb/v7e-m\libc.a(lib_a-svfiprintf.o)
 .ARM.attributes
                0x000007eb       0x2e c:/program files (x86)/atmel/studio/7.0/toolchain/arm/arm-gnu-toolchain/bin/../lib/gcc/arm-none-eabi/6.3.1/../../../../arm-none-eabi/lib/thumb/v7e-m\libc.a(lib_a-__atexit.o)
 .ARM.attributes
                0x00000819       0x2e c:/program files (x86)/atmel/studio/7.0/toolchain/arm/arm-gnu-toolchain/bin/../lib/gcc/arm-none-eabi/6.3.1/../../../../arm-none-eabi/lib/thumb/v7e-m\libc.a(lib_a-callocr.o)
 .ARM.attributes
                0x00000847       0x2e c:/program files (x86)/atmel/studio/7.0/toolchain/arm/arm-gnu-toolchain/bin/../lib/gcc/arm-none-eabi/6.3.1/../../../../arm-none-eabi/lib/thumb/v7e-m\libc.a(lib_a-freer.o)
 .ARM.attributes
                0x00000875       0x2e c:/program files (x86)/atmel/studio/7.0/toolchain/arm/arm-gnu-toolchain/bin/../lib/gcc/arm-none-eabi/6.3.1/../../../../arm-none-eabi/lib/thumb/v7e-m\libc.a(lib_a-locale.o)
 .ARM.attributes
                0x000008a3       0x2e c:/program files (x86)/atmel/studio/7.0/toolchain/arm/arm-gnu-toolchain/bin/../lib/gcc/arm-none-eabi/6.3.1/../../../../arm-none-eabi/lib/thumb/v7e-m\libc.a(lib_a-mbtowc_r.o)
 .ARM.attributes
                0x000008d1       0x2e c:/program files (x86)/atmel/studio/7.0/toolchain/arm/arm-gnu-toolchain/bin/../lib/gcc/arm-none-eabi/6.3.1/../../../../arm-none-eabi/lib/thumb/v7e-m\libc.a(lib_a-memmove.o)
 .ARM.attributes
                0x000008ff       0x2e c:/program files (x86)/atmel/studio/7.0/toolchain/arm/arm-gnu-toolchain/bin/../lib/gcc/arm-none-eabi/6.3.1/../../../../arm-none-eabi/lib/thumb/v7e-m\libc.a(lib_a-reallocr.o)
 .ARM.attributes
                0x0000092d       0x2e c:/program files (x86)/atmel/studio/7.0/toolchain/arm/arm-gnu-toolchain/bin/../lib/gcc/arm-none-eabi/6.3.1/../../../../arm-none-eabi/lib/thumb/v7e-m\libc.a(lib_a-reent.o)
 .ARM.attributes
                0x0000095b       0x2e c:/program files (x86)/atmel/studio/7.0/toolchain/arm/arm-gnu-toolchain/bin/../lib/gcc/arm-none-eabi/6.3.1/../../../../arm-none-eabi/lib/thumb/v7e-m\libc.a(lib_a-wctomb_r.o)
 .ARM.attributes
                0x00000989       0x2e c:/program files (x86)/atmel/studio/7.0/toolchain/arm/arm-gnu-toolchain/bin/../lib/gcc/arm-none-eabi/6.3.1/../../../../arm-none-eabi/lib/thumb/v7e-m\libc.a(lib_a-ctype_.o)
 .ARM.attributes
                0x000009b7       0x1e c:/program files (x86)/atmel/studio/7.0/toolchain/arm/arm-gnu-toolchain/bin/../lib/gcc/arm-none-eabi/6.3.1/thumb/v7e-m\libgcc.a(_arm_cmpdf2.o)
 .ARM.attributes
                0x000009d5       0x1e c:/program files (x86)/atmel/studio/7.0/toolchain/arm/arm-gnu-toolchain/bin/../lib/gcc/arm-none-eabi/6.3.1/thumb/v7e-m\libgcc.a(_arm_unorddf2.o)
 .ARM.attributes
                0x000009f3       0x1e c:/program files (x86)/atmel/studio/7.0/toolchain/arm/arm-gnu-toolchain/bin/../lib/gcc/arm-none-eabi/6.3.1/thumb/v7e-m\libgcc.a(_arm_fixdfsi.o)
 .ARM.attributes
                0x00000a11       0x1e c:/program files (x86)/atmel/studio/7.0/toolchain/arm/arm-gnu-toolchain/bin/../lib/gcc/arm-none-eabi/6.3.1/thumb/v7e-m/crtn.o

.comment        0x00000000       0x59
 .comment       0x00000000       0x59 src/ASF/sam/drivers/rtc/rtc.o
                                 0x5a (size before relaxing)
 .comment       0x00000059       0x5a src/ASF/sam/drivers/rtt/rtt.o
 .comment       0x00000059       0x5a src/main.o
 .comment       0x00000059       0x5a src/ASF/common/services/delay/sam/cycle_counter.o
 .comment       0x00000059       0x5a src/ASF/common/services/spi/sam_spi/spi_master.o
 .comment       0x00000059       0x5a src/ASF/sam/components/display/ili9488/ili9488.o
 .comment       0x00000059       0x5a src/ASF/sam/drivers/spi/spi.o
 .comment       0x00000059       0x5a src/ASF/common/services/clock/same70/sysclk.o
 .comment       0x00000059       0x5a src/ASF/common/utils/interrupt/interrupt_sam_nvic.o
 .comment       0x00000059       0x5a src/ASF/sam/boards/same70_xplained/init.o
 .comment       0x00000059       0x5a src/ASF/sam/drivers/pio/pio.o
 .comment       0x00000059       0x5a src/ASF/sam/drivers/pio/pio_handler.o
 .comment       0x00000059       0x5a src/ASF/sam/drivers/pmc/pmc.o
 .comment       0x00000059       0x5a src/ASF/sam/drivers/pmc/sleep.o
 .comment       0x00000059       0x5a src/ASF/sam/utils/cmsis/same70/source/templates/gcc/startup_same70.o
 .comment       0x00000059       0x5a src/ASF/sam/utils/cmsis/same70/source/templates/system_same70.o
 .comment       0x00000059       0x5a src/ASF/sam/utils/syscalls/gcc/syscalls.o

.debug_info     0x00000000    0x17ce4
 .debug_info    0x00000000     0x1158 src/ASF/sam/drivers/rtc/rtc.o
 .debug_info    0x00001158      0xcaf src/ASF/sam/drivers/rtt/rtt.o
 .debug_info    0x00001e07     0x3a22 src/main.o
 .debug_info    0x00005829      0xa45 src/ASF/common/services/delay/sam/cycle_counter.o
 .debug_info    0x0000626e     0x143e src/ASF/common/services/spi/sam_spi/spi_master.o
 .debug_info    0x000076ac     0x208c src/ASF/sam/components/display/ili9488/ili9488.o
 .debug_info    0x00009738     0x1123 src/ASF/sam/drivers/spi/spi.o
 .debug_info    0x0000a85b     0x1311 src/ASF/common/services/clock/same70/sysclk.o
 .debug_info    0x0000bb6c      0xb06 src/ASF/common/utils/interrupt/interrupt_sam_nvic.o
 .debug_info    0x0000c672     0x1fcd src/ASF/sam/boards/same70_xplained/init.o
 .debug_info    0x0000e63f     0x1ce3 src/ASF/sam/drivers/pio/pio.o
 .debug_info    0x00010322     0x1a74 src/ASF/sam/drivers/pio/pio_handler.o
 .debug_info    0x00011d96     0x1eed src/ASF/sam/drivers/pmc/pmc.o
 .debug_info    0x00013c83     0x16bf src/ASF/sam/drivers/pmc/sleep.o
 .debug_info    0x00015342     0x1612 src/ASF/sam/utils/cmsis/same70/source/templates/gcc/startup_same70.o
 .debug_info    0x00016954      0x5d4 src/ASF/sam/utils/cmsis/same70/source/templates/system_same70.o
 .debug_info    0x00016f28      0xdbc src/ASF/sam/utils/syscalls/gcc/syscalls.o

.debug_abbrev   0x00000000     0x2c25
 .debug_abbrev  0x00000000      0x257 src/ASF/sam/drivers/rtc/rtc.o
 .debug_abbrev  0x00000257      0x203 src/ASF/sam/drivers/rtt/rtt.o
 .debug_abbrev  0x0000045a      0x3ce src/main.o
 .debug_abbrev  0x00000828      0x1b3 src/ASF/common/services/delay/sam/cycle_counter.o
 .debug_abbrev  0x000009db      0x305 src/ASF/common/services/spi/sam_spi/spi_master.o
 .debug_abbrev  0x00000ce0      0x2f4 src/ASF/sam/components/display/ili9488/ili9488.o
 .debug_abbrev  0x00000fd4      0x2cf src/ASF/sam/drivers/spi/spi.o
 .debug_abbrev  0x000012a3      0x296 src/ASF/common/services/clock/same70/sysclk.o
 .debug_abbrev  0x00001539      0x214 src/ASF/common/utils/interrupt/interrupt_sam_nvic.o
 .debug_abbrev  0x0000174d      0x3b8 src/ASF/sam/boards/same70_xplained/init.o
 .debug_abbrev  0x00001b05      0x296 src/ASF/sam/drivers/pio/pio.o
 .debug_abbrev  0x00001d9b      0x2c9 src/ASF/sam/drivers/pio/pio_handler.o
 .debug_abbrev  0x00002064      0x2ce src/ASF/sam/drivers/pmc/pmc.o
 .debug_abbrev  0x00002332      0x2df src/ASF/sam/drivers/pmc/sleep.o
 .debug_abbrev  0x00002611      0x2e8 src/ASF/sam/utils/cmsis/same70/source/templates/gcc/startup_same70.o
 .debug_abbrev  0x000028f9      0x102 src/ASF/sam/utils/cmsis/same70/source/templates/system_same70.o
 .debug_abbrev  0x000029fb      0x22a src/ASF/sam/utils/syscalls/gcc/syscalls.o

.debug_loc      0x00000000     0x6627
 .debug_loc     0x00000000      0x730 src/ASF/sam/drivers/rtc/rtc.o
 .debug_loc     0x00000730      0x330 src/ASF/sam/drivers/rtt/rtt.o
 .debug_loc     0x00000a60      0x5d5 src/main.o
 .debug_loc     0x00001035      0x830 src/ASF/common/services/spi/sam_spi/spi_master.o
 .debug_loc     0x00001865      0xd20 src/ASF/sam/components/display/ili9488/ili9488.o
 .debug_loc     0x00002585      0x630 src/ASF/sam/drivers/spi/spi.o
 .debug_loc     0x00002bb5      0x4a0 src/ASF/common/services/clock/same70/sysclk.o
 .debug_loc     0x00003055       0xa0 src/ASF/common/utils/interrupt/interrupt_sam_nvic.o
 .debug_loc     0x000030f5      0x2b8 src/ASF/sam/boards/same70_xplained/init.o
 .debug_loc     0x000033ad     0x1174 src/ASF/sam/drivers/pio/pio.o
 .debug_loc     0x00004521      0x38c src/ASF/sam/drivers/pio/pio_handler.o