Archive member included to satisfy reference by file (symbol)

c:/program files (x86)/atmel/studio/7.0/toolchain/arm/arm-gnu-toolchain/bin/../lib/gcc/arm-none-eabi/6.3.1/../../../../arm-none-eabi/lib/thumb/v7e-m\libc.a(lib_a-exit.o)
                              c:/program files (x86)/atmel/studio/7.0/toolchain/arm/arm-gnu-toolchain/bin/../lib/gcc/arm-none-eabi/6.3.1/../../../../arm-none-eabi/lib/thumb/v7e-m/crt0.o (exit)
c:/program files (x86)/atmel/studio/7.0/toolchain/arm/arm-gnu-toolchain/bin/../lib/gcc/arm-none-eabi/6.3.1/../../../../arm-none-eabi/lib/thumb/v7e-m\libc.a(lib_a-impure.o)
                              c:/program files (x86)/atmel/studio/7.0/toolchain/arm/arm-gnu-toolchain/bin/../lib/gcc/arm-none-eabi/6.3.1/../../../../arm-none-eabi/lib/thumb/v7e-m\libc.a(lib_a-exit.o) (_global_impure_ptr)
c:/program files (x86)/atmel/studio/7.0/toolchain/arm/arm-gnu-toolchain/bin/../lib/gcc/arm-none-eabi/6.3.1/../../../../arm-none-eabi/lib/thumb/v7e-m\libc.a(lib_a-init.o)
                              c:/program files (x86)/atmel/studio/7.0/toolchain/arm/arm-gnu-toolchain/bin/../lib/gcc/arm-none-eabi/6.3.1/../../../../arm-none-eabi/lib/thumb/v7e-m/crt0.o (__libc_init_array)
c:/program files (x86)/atmel/studio/7.0/toolchain/arm/arm-gnu-toolchain/bin/../lib/gcc/arm-none-eabi/6.3.1/../../../../arm-none-eabi/lib/thumb/v7e-m\libc.a(lib_a-memset.o)
                              c:/program files (x86)/atmel/studio/7.0/toolchain/arm/arm-gnu-toolchain/bin/../lib/gcc/arm-none-eabi/6.3.1/../../../../arm-none-eabi/lib/thumb/v7e-m/crt0.o (memset)
c:/program files (x86)/atmel/studio/7.0/toolchain/arm/arm-gnu-toolchain/bin/../lib/gcc/arm-none-eabi/6.3.1/../../../../arm-none-eabi/lib/thumb/v7e-m\libc.a(lib_a-__call_atexit.o)
                              c:/program files (x86)/atmel/studio/7.0/toolchain/arm/arm-gnu-toolchain/bin/../lib/gcc/arm-none-eabi/6.3.1/../../../../arm-none-eabi/lib/thumb/v7e-m\libc.a(lib_a-exit.o) (__call_exitprocs)
c:/program files (x86)/atmel/studio/7.0/toolchain/arm/arm-gnu-toolchain/bin/../lib/gcc/arm-none-eabi/6.3.1/../../../../arm-none-eabi/lib/thumb/v7e-m\libc.a(lib_a-atexit.o)
                              c:/program files (x86)/atmel/studio/7.0/toolchain/arm/arm-gnu-toolchain/bin/../lib/gcc/arm-none-eabi/6.3.1/../../../../arm-none-eabi/lib/thumb/v7e-m\libc.a(lib_a-__call_atexit.o) (atexit)
c:/program files (x86)/atmel/studio/7.0/toolchain/arm/arm-gnu-toolchain/bin/../lib/gcc/arm-none-eabi/6.3.1/../../../../arm-none-eabi/lib/thumb/v7e-m\libc.a(lib_a-fini.o)
                              c:/program files (x86)/atmel/studio/7.0/toolchain/arm/arm-gnu-toolchain/bin/../lib/gcc/arm-none-eabi/6.3.1/../../../../arm-none-eabi/lib/thumb/v7e-m\libc.a(lib_a-__call_atexit.o) (__libc_fini_array)
c:/program files (x86)/atmel/studio/7.0/toolchain/arm/arm-gnu-toolchain/bin/../lib/gcc/arm-none-eabi/6.3.1/../../../../arm-none-eabi/lib/thumb/v7e-m\libc.a(lib_a-lock.o)
                              c:/program files (x86)/atmel/studio/7.0/toolchain/arm/arm-gnu-toolchain/bin/../lib/gcc/arm-none-eabi/6.3.1/../../../../arm-none-eabi/lib/thumb/v7e-m\libc.a(lib_a-__call_atexit.o) (__retarget_lock_acquire_recursive)
c:/program files (x86)/atmel/studio/7.0/toolchain/arm/arm-gnu-toolchain/bin/../lib/gcc/arm-none-eabi/6.3.1/../../../../arm-none-eabi/lib/thumb/v7e-m\libc.a(lib_a-__atexit.o)
                              c:/program files (x86)/atmel/studio/7.0/toolchain/arm/arm-gnu-toolchain/bin/../lib/gcc/arm-none-eabi/6.3.1/../../../../arm-none-eabi/lib/thumb/v7e-m\libc.a(lib_a-atexit.o) (__register_exitproc)

Allocating common symbols
Common symbol       size              file

__lock___atexit_recursive_mutex
                    0x1               c:/program files (x86)/atmel/studio/7.0/toolchain/arm/arm-gnu-toolchain/bin/../lib/gcc/arm-none-eabi/6.3.1/../../../../arm-none-eabi/lib/thumb/v7e-m\libc.a(lib_a-lock.o)
__lock___arc4random_mutex
                    0x1               c:/program files (x86)/atmel/studio/7.0/toolchain/arm/arm-gnu-toolchain/bin/../lib/gcc/arm-none-eabi/6.3.1/../../../../arm-none-eabi/lib/thumb/v7e-m\libc.a(lib_a-lock.o)
__lock___env_recursive_mutex
                    0x1               c:/program files (x86)/atmel/studio/7.0/toolchain/arm/arm-gnu-toolchain/bin/../lib/gcc/arm-none-eabi/6.3.1/../../../../arm-none-eabi/lib/thumb/v7e-m\libc.a(lib_a-lock.o)
__lock___sinit_recursive_mutex
                    0x1               c:/program files (x86)/atmel/studio/7.0/toolchain/arm/arm-gnu-toolchain/bin/../lib/gcc/arm-none-eabi/6.3.1/../../../../arm-none-eabi/lib/thumb/v7e-m\libc.a(lib_a-lock.o)
__lock___malloc_recursive_mutex
                    0x1               c:/program files (x86)/atmel/studio/7.0/toolchain/arm/arm-gnu-toolchain/bin/../lib/gcc/arm-none-eabi/6.3.1/../../../../arm-none-eabi/lib/thumb/v7e-m\libc.a(lib_a-lock.o)
pio_capture_enable_flag
                    0x4               src/ASF/sam/drivers/pio/pio.o
[...]
Memory Configuration

Name             Origin             Length             Attributes
rom              0x00400000         0x00200000         xr
ram              0x20400000         0x00060000         xrw
*default*        0x00000000         0xffffffff

Linker script and memory map

LOAD c:/program files (x86)/atmel/studio/7.0/toolchain/arm/arm-gnu-toolchain/bin/../lib/gcc/arm-none-eabi/6.3.1/thumb/v7e-m/crti.o
LOAD c:/program files (x86)/atmel/studio/7.0/toolchain/arm/arm-gnu-toolchain/bin/../lib/gcc/arm-none-eabi/6.3.1/thumb/v7e-m/crtbegin.o
LOAD c:/program files (x86)/atmel/studio/7.0/toolchain/arm/arm-gnu-toolchain/bin/../lib/gcc/arm-none-eabi/6.3.1/../../../../arm-none-eabi/lib/thumb/v7e-m/crt0.o
LOAD src/ASF/common/services/sleepmgr/sam/sleepmgr.o
LOAD src/ASF/sam/drivers/rtc/rtc.o
LOAD src/ASF/sam/drivers/rtt/rtt.o
LOAD src/ASF/sam/drivers/tc/tc.o
LOAD src/main.o
LOAD src/ASF/common/services/delay/sam/cycle_counter.o
LOAD src/ASF/common/services/spi/sam_spi/spi_master.o
LOAD src/ASF/sam/components/display/ili9488/ili9488.o
LOAD src/ASF/sam/drivers/spi/spi.o
LOAD src/ASF/common/services/clock/same70/sysclk.o
LOAD src/ASF/common/utils/interrupt/interrupt_sam_nvic.o
LOAD src/ASF/sam/boards/same70_xplained/init.o
LOAD src/ASF/sam/drivers/mpu/mpu.o
LOAD src/ASF/sam/drivers/pio/pio.o
LOAD src/ASF/sam/drivers/pio/pio_handler.o
LOAD src/ASF/sam/drivers/pmc/pmc.o
LOAD src/ASF/sam/drivers/pmc/sleep.o
LOAD src/ASF/sam/utils/cmsis/same70/source/templates/gcc/startup_same70.o
LOAD src/ASF/sam/utils/cmsis/same70/source/templates/system_same70.o
LOAD src/ASF/sam/utils/syscalls/gcc/syscalls.o
START GROUP
LOAD ../src/ASF/thirdparty/CMSIS/Lib/GCC\libarm_cortexM7lfsp_math_softfp.a
LOAD c:/program files (x86)/atmel/studio/7.0/toolchain/arm/arm-gnu-toolchain/bin/../lib/gcc/arm-none-eabi/6.3.1/../../../../arm-none-eabi/lib/thumb/v7e-m\libm.a
END GROUP
START GROUP
LOAD c:/program files (x86)/atmel/studio/7.0/toolchain/arm/arm-gnu-toolchain/bin/../lib/gcc/arm-none-eabi/6.3.1/thumb/v7e-m\libgcc.a
LOAD c:/program files (x86)/atmel/studio/7.0/toolchain/arm/arm-gnu-toolchain/bin/../lib/gcc/arm-none-eabi/6.3.1/../../../../arm-none-eabi/lib/thumb/v7e-m\libc.a
END GROUP
LOAD c:/program files (x86)/atmel/studio/7.0/toolchain/arm/arm-gnu-toolchain/bin/../lib/gcc/arm-none-eabi/6.3.1/thumb/v7e-m/crtend.o
LOAD c:/program files (x86)/atmel/studio/7.0/toolchain/arm/arm-gnu-toolchain/bin/../lib/gcc/arm-none-eabi/6.3.1/thumb/v7e-m/crtn.o
                0x00002000                STACK_SIZE = DEFINED (STACK_SIZE)?STACK_SIZE:0x2000
                0x2045fffc                __ram_end__ = ((ORIGIN (ram) + LENGTH (ram)) - 0x4)
                0x00000200                HEAP_SIZE = DEFINED (HEAP_SIZE)?HEAP_SIZE:0x200

.text           0x00400000    0x4a2a8
                0x00400000                . = ALIGN (0x4)
                0x00400000                _sfixed = .
 *(.vectors .vectors.*)
 .vectors       0x00400000      0x168 src/ASF/sam/utils/cmsis/same70/source/templates/gcc/startup_same70.o
                0x00400000                exception_table
 *(.text .text.* .gnu.linkonce.t.*)
 .text          0x00400168       0x6c c:/program files (x86)/atmel/studio/7.0/toolchain/arm/arm-gnu-toolchain/bin/../lib/gcc/arm-none-eabi/6.3.1/thumb/v7e-m/crtbegin.o
 .text.configure_lcd
                0x004001d4       0x4c src/main.o
                0x004001d4                configure_lcd
 .text.font_draw_text
                0x00400220       0x88 src/main.o
                0x00400220                font_draw_text
 .text.main     0x004002a8       0x6c src/main.o
                0x004002a8                main
 .text.osc_get_rate
                0x00400314       0x74 src/ASF/common/services/spi/sam_spi/spi_master.o
 .text.sysclk_get_main_hz
                0x00400388       0x20 src/ASF/common/services/spi/sam_spi/spi_master.o
 .text.sysclk_get_peripheral_hz
                0x004003a8       0x14 src/ASF/common/services/spi/sam_spi/spi_master.o
 .text.spi_reset
                0x004003bc       0x1a src/ASF/common/services/spi/sam_spi/spi_master.o
 .text.spi_set_master_mode
                0x004003d6       0x20 src/ASF/common/services/spi/sam_spi/spi_master.o
 .text.spi_set_fixed_peripheral_select
                0x004003f6       0x20 src/ASF/common/services/spi/sam_spi/spi_master.o
 .text.spi_disable_peripheral_select_decode
                0x00400416       0x20 src/ASF/common/services/spi/sam_spi/spi_master.o
 .text.spi_get_peripheral_select_decode_setting
                0x00400436       0x26 src/ASF/common/services/spi/sam_spi/spi_master.o
 .text.spi_disable_mode_fault_detect
                0x0040045c       0x20 src/ASF/common/services/spi/sam_spi/spi_master.o
 .text.spi_disable_loopback
                0x0040047c       0x20 src/ASF/common/services/spi/sam_spi/spi_master.o
 .text.spi_put  0x0040049c       0x1e src/ASF/common/services/spi/sam_spi/spi_master.o
 .text.spi_get  0x004004ba       0x1a src/ASF/common/services/spi/sam_spi/spi_master.o
 .text.spi_is_tx_ready
                0x004004d4       0x26 src/ASF/common/services/spi/sam_spi/spi_master.o
 .text.spi_is_rx_ready
                0x004004fa       0x2c src/ASF/common/services/spi/sam_spi/spi_master.o
 *fill*         0x00400526        0x2 
 .text.spi_write_single
                0x00400528       0x24 src/ASF/common/services/spi/sam_spi/spi_master.o
 .text.spi_read_single
                0x0040054c       0x24 src/ASF/common/services/spi/sam_spi/spi_master.o
 .text.spi_master_init
                0x00400570       0x70 src/ASF/common/services/spi/sam_spi/spi_master.o
                0x00400570                spi_master_init
 .text.spi_master_setup_device
                0x004005e0       0xb4 src/ASF/common/services/spi/sam_spi/spi_master.o
                0x004005e0                spi_master_setup_device
 .text.spi_select_device
                0x00400694       0x58 src/ASF/common/services/spi/sam_spi/spi_master.o
                0x00400694                spi_select_device
 .text.spi_write_packet
                0x004006ec       0x74 src/ASF/common/services/spi/sam_spi/spi_master.o
                0x004006ec                spi_write_packet
 .text.spi_read_packet
                0x00400760       0xac src/ASF/common/services/spi/sam_spi/spi_master.o
                0x00400760                spi_read_packet
 .text.spi_enable
                0x0040080c       0x1a src/ASF/sam/components/display/ili9488/ili9488.o
 .text.spi_enable_interrupt
                0x00400826       0x1c src/ASF/sam/components/display/ili9488/ili9488.o
 *fill*         0x00400842        0x2 
 .text.ili9488_write_ram_prepare
                0x00400844       0x40 src/ASF/sam/components/display/ili9488/ili9488.o
 .text.ili9488_write_ram_buffer
                0x00400884       0x40 src/ASF/sam/components/display/ili9488/ili9488.o
 .text.ili9488_write_register
                0x004008c4       0x78 src/ASF/sam/components/display/ili9488/ili9488.o
 .text.ili9488_read_chipid
                0x0040093c       0xcc src/ASF/sam/components/display/ili9488/ili9488.o
 .text.ili9488_delay
                0x00400a08       0x40 src/ASF/sam/components/display/ili9488/ili9488.o
                0x00400a08                ili9488_delay
 .text.ili9488_check_box_coordinates
                0x00400a48       0xa2 src/ASF/sam/components/display/ili9488/ili9488.o
 *fill*         0x00400aea        0x2 
 .text.ili9488_set_display_direction
                0x00400aec       0x34 src/ASF/sam/components/display/ili9488/ili9488.o
                0x00400aec                ili9488_set_display_direction
 .text.ili9488_set_window
                0x00400b20       0xc8 src/ASF/sam/components/display/ili9488/ili9488.o
                0x00400b20                ili9488_set_window
 .text.ili9488_init
                0x00400be8      0x15c src/ASF/sam/components/display/ili9488/ili9488.o
                0x00400be8                ili9488_init
 .text.ili9488_display_on
                0x00400d44       0x18 src/ASF/sam/components/display/ili9488/ili9488.o
                0x00400d44                ili9488_display_on
 .text.ili9488_set_foreground_color
                0x00400d5c       0x54 src/ASF/sam/components/display/ili9488/ili9488.o
                0x00400d5c                ili9488_set_foreground_color
 .text.ili9488_set_cursor_position
                0x00400db0       0x84 src/ASF/sam/components/display/ili9488/ili9488.o
                0x00400db0                ili9488_set_cursor_position
 .text.ili9488_draw_filled_rectangle
                0x00400e34       0xdc src/ASF/sam/components/display/ili9488/ili9488.o
                0x00400e34                ili9488_draw_filled_rectangle
 .text.ili9488_draw_pixmap
                0x00400f10       0xb4 src/ASF/sam/components/display/ili9488/ili9488.o
                0x00400f10                ili9488_draw_pixmap
 .text.spi_get_peripheral_select_mode
                0x00400fc4       0x26 src/ASF/sam/drivers/spi/spi.o
 *fill*         0x00400fea        0x2 
 .text.sysclk_enable_peripheral_clock
                0x00400fec       0x1c src/ASF/sam/drivers/spi/spi.o
 .text.spi_enable_clock
                0x00401008       0x3c src/ASF/sam/drivers/spi/spi.o
                0x00401008                spi_enable_clock
 .text.spi_set_peripheral_chip_select_value
                0x00401044       0x34 src/ASF/sam/drivers/spi/spi.o
                0x00401044                spi_set_peripheral_chip_select_value
 .text.spi_set_delay_between_chip_select
                0x00401078       0x30 src/ASF/sam/drivers/spi/spi.o
                0x00401078                spi_set_delay_between_chip_select
 .text.spi_write
                0x004010a8       0x80 src/ASF/sam/drivers/spi/spi.o
                0x004010a8                spi_write
 .text.spi_set_clock_polarity
                0x00401128       0x50 src/ASF/sam/drivers/spi/spi.o
                0x00401128                spi_set_clock_polarity
 .text.spi_set_clock_phase
                0x00401178       0x50 src/ASF/sam/drivers/spi/spi.o
                0x00401178                spi_set_clock_phase
 .text.spi_configure_cs_behavior
                0x004011c8       0xa6 src/ASF/sam/drivers/spi/spi.o
                0x004011c8                spi_configure_cs_behavior
 .text.spi_set_bits_per_transfer
                0x0040126e       0x4a src/ASF/sam/drivers/spi/spi.o
                0x0040126e                spi_set_bits_per_transfer
 .text.spi_calc_baudrate_div
                0x004012b8       0x3c src/ASF/sam/drivers/spi/spi.o
                0x004012b8                spi_calc_baudrate_div
 .text.spi_set_baudrate_div
                0x004012f4       0x5e src/ASF/sam/drivers/spi/spi.o
                0x004012f4                spi_set_baudrate_div
 .text.spi_set_transfer_delay
                0x00401352       0x5e src/ASF/sam/drivers/spi/spi.o
                0x00401352                spi_set_transfer_delay
 .text.osc_enable
                0x004013b0       0x88 src/ASF/common/services/clock/same70/sysclk.o
 .text.osc_is_ready
                0x00401438       0x70 src/ASF/common/services/clock/same70/sysclk.o
 .text.osc_get_rate
                0x004014a8       0x74 src/ASF/common/services/clock/same70/sysclk.o
 .text.osc_wait_ready
                0x0040151c       0x2c src/ASF/common/services/clock/same70/sysclk.o
 .text.pll_config_init
                0x00401548       0x6c src/ASF/common/services/clock/same70/sysclk.o
 .text.pll_enable
                0x004015b4       0x40 src/ASF/common/services/clock/same70/sysclk.o
 .text.pll_is_locked
                0x004015f4       0x2c src/ASF/common/services/clock/same70/sysclk.o
 .text.pll_enable_source
                0x00401620       0x38 src/ASF/common/services/clock/same70/sysclk.o
 .text.pll_wait_for_lock
                0x00401658       0x24 src/ASF/common/services/clock/same70/sysclk.o
 .text.sysclk_get_main_hz
                0x0040167c       0x20 src/ASF/common/services/clock/same70/sysclk.o
 .text.sysclk_get_cpu_hz
                0x0040169c       0x14 src/ASF/common/services/clock/same70/sysclk.o
 .text.sysclk_init
                0x004016b0       0x7c src/ASF/common/services/clock/same70/sysclk.o
                0x004016b0                sysclk_init
 .text.sysclk_enable_peripheral_clock
                0x0040172c       0x1c src/ASF/sam/boards/same70_xplained/init.o
 .text.ioport_init
                0x00401748       0x2c src/ASF/sam/boards/same70_xplained/init.o
 .text.ioport_disable_pin
                0x00401774       0x4c src/ASF/sam/boards/same70_xplained/init.o
 .text.ioport_set_pin_mode
                0x004017c0      0x11c src/ASF/sam/boards/same70_xplained/init.o
 .text.ioport_set_pin_dir
                0x004018dc       0x88 src/ASF/sam/boards/same70_xplained/init.o
 .text.ioport_set_pin_level
                0x00401964       0x6c src/ASF/sam/boards/same70_xplained/init.o
 .text.ioport_set_pin_sense_mode
                0x004019d0       0xd0 src/ASF/sam/boards/same70_xplained/init.o
 .text.tcm_disable
                0x00401aa0       0x44 src/ASF/sam/boards/same70_xplained/init.o
 .text.board_init
                0x00401ae4      0x1ac src/ASF/sam/boards/same70_xplained/init.o
                0x00401ae4                board_init
 .text.pio_pull_up
                0x00401c90       0x2c src/ASF/sam/drivers/pio/pio.o
                0x00401c90                pio_pull_up
 .text.pio_set  0x00401cbc       0x1c src/ASF/sam/drivers/pio/pio.o
                0x00401cbc                pio_set
 .text.pio_set_peripheral
                0x00401cd8      0x110 src/ASF/sam/drivers/pio/pio.o
                0x00401cd8                pio_set_peripheral
 .text.pio_set_input
                0x00401de8       0x80 src/ASF/sam/drivers/pio/pio.o
                0x00401de8                pio_set_input
 .text.pio_set_output
                0x00401e68       0x64 src/ASF/sam/drivers/pio/pio.o
                0x00401e68                pio_set_output
 .text.pio_configure
                0x00401ecc       0xcc src/ASF/sam/drivers/pio/pio.o
                0x00401ecc                pio_configure
 .text.pio_disable_interrupt
                0x00401f98       0x1c src/ASF/sam/drivers/pio/pio.o
                0x00401f98                pio_disable_interrupt
 .text.pio_get_interrupt_status
                0x00401fb4       0x18 src/ASF/sam/drivers/pio/pio.o
                0x00401fb4                pio_get_interrupt_status
 .text.pio_get_interrupt_mask
                0x00401fcc       0x18 src/ASF/sam/drivers/pio/pio.o
                0x00401fcc                pio_get_interrupt_mask
 .text.pio_set_pin_high
                0x00401fe4       0x30 src/ASF/sam/drivers/pio/pio.o
                0x00401fe4                pio_set_pin_high
 .text.pio_set_pin_low
                0x00402014       0x30 src/ASF/sam/drivers/pio/pio.o
                0x00402014                pio_set_pin_low
 .text.pio_configure_pin
                0x00402044      0x1b0 src/ASF/sam/drivers/pio/pio.o
                0x00402044                pio_configure_pin
 .text.pio_get_pin_group
                0x004021f4       0x28 src/ASF/sam/drivers/pio/pio.o
                0x004021f4                pio_get_pin_group
 .text.pio_handler_process
                0x0040221c       0xb4 src/ASF/sam/drivers/pio/pio_handler.o
                0x0040221c                pio_handler_process
 .text.PIOA_Handler
                0x004022d0       0x18 src/ASF/sam/drivers/pio/pio_handler.o
                0x004022d0                PIOA_Handler
 .text.PIOB_Handler
                0x004022e8       0x18 src/ASF/sam/drivers/pio/pio_handler.o
                0x004022e8                PIOB_Handler
 .text.PIOC_Handler
                0x00402300       0x18 src/ASF/sam/drivers/pio/pio_handler.o
                0x00402300                PIOC_Handler
 .text.PIOD_Handler
                0x00402318       0x18 src/ASF/sam/drivers/pio/pio_handler.o
                0x00402318                PIOD_Handler
 .text.PIOE_Handler
                0x00402330       0x18 src/ASF/sam/drivers/pio/pio_handler.o
                0x00402330                PIOE_Handler
 .text.pmc_mck_set_division
                0x00402348       0x7c src/ASF/sam/drivers/pmc/pmc.o
                0x00402348                pmc_mck_set_division
 .text.pmc_switch_mck_to_pllack
                0x004023c4       0x84 src/ASF/sam/drivers/pmc/pmc.o
                0x004023c4                pmc_switch_mck_to_pllack
 .text.pmc_switch_sclk_to_32kxtal
                0x00402448       0x38 src/ASF/sam/drivers/pmc/pmc.o
                0x00402448                pmc_switch_sclk_to_32kxtal
 .text.pmc_osc_is_ready_32kxtal
                0x00402480       0x34 src/ASF/sam/drivers/pmc/pmc.o
                0x00402480                pmc_osc_is_ready_32kxtal
 .text.pmc_switch_mainck_to_fastrc
                0x004024b4       0x70 src/ASF/sam/drivers/pmc/pmc.o
                0x004024b4                pmc_switch_mainck_to_fastrc
 .text.pmc_switch_mainck_to_xtal
                0x00402524       0x78 src/ASF/sam/drivers/pmc/pmc.o
                0x00402524                pmc_switch_mainck_to_xtal
 .text.pmc_osc_is_ready_mainck
                0x0040259c       0x1c src/ASF/sam/drivers/pmc/pmc.o
                0x0040259c                pmc_osc_is_ready_mainck
 .text.pmc_disable_pllack
                0x004025b8       0x1c src/ASF/sam/drivers/pmc/pmc.o
                0x004025b8                pmc_disable_pllack
 .text.pmc_is_locked_pllack
                0x004025d4       0x1c src/ASF/sam/drivers/pmc/pmc.o
                0x004025d4                pmc_is_locked_pllack
 .text.pmc_is_locked_upll
                0x004025f0       0x1c src/ASF/sam/drivers/pmc/pmc.o
                0x004025f0                pmc_is_locked_upll
 .text.pmc_enable_periph_clk
                0x0040260c       0x3c src/ASF/sam/drivers/pmc/pmc.o
                0x0040260c                pmc_enable_periph_clk
 .text.cpu_irq_save
                0x00402648       0x38 src/ASF/sam/utils/cmsis/same70/source/templates/gcc/startup_same70.o
 .text.cpu_irq_is_enabled_flags
                0x00402680       0x20 src/ASF/sam/utils/cmsis/same70/source/templates/gcc/startup_same70.o
 .text.cpu_irq_restore
                0x004026a0       0x30 src/ASF/sam/utils/cmsis/same70/source/templates/gcc/startup_same70.o
 .text.Reset_Handler
                0x004026d0       0xb0 src/ASF/sam/utils/cmsis/same70/source/templates/gcc/startup_same70.o
                0x004026d0                Reset_Handler
 .text.Dummy_Handler
                0x00402780        0x6 src/ASF/sam/utils/cmsis/same70/source/templates/gcc/startup_same70.o
                0x00402780                DACC_Handler
                0x00402780                DebugMon_Handler
                0x00402780                UART3_Handler
                0x00402780                UART2_Handler
                0x00402780                TRNG_Handler
                0x00402780                HardFault_Handler
                0x00402780                TC2_Handler
                0x00402780                SysTick_Handler
                0x00402780                AFEC1_Handler
                0x00402780                PendSV_Handler
                0x00402780                NMI_Handler
                0x00402780                TC7_Handler
                0x00402780                QSPI_Handler
                0x00402780                ISI_Handler
                0x00402780                MCAN0_INT0_Handler
                0x00402780                TC9_Handler
                0x00402780                RSWDT_Handler
                0x00402780                USART0_Handler
                0x00402780                RTT_Handler
                0x00402780                USBHS_Handler
                0x00402780                IXC_Handler
                0x00402780                CCF_Handler
                0x00402780                RTC_Handler
                0x00402780                UsageFault_Handler
                0x00402780                TC6_Handler
                0x00402780                WDT_Handler
                0x00402780                MCAN1_INT1_Handler
                0x00402780                TC4_Handler
                0x00402780                TC1_Handler
                0x00402780                HSMCI_Handler
                0x00402780                UART1_Handler
                0x00402780                TC3_Handler
                0x00402780                Dummy_Handler
                0x00402780                TWIHS1_Handler
                0x00402780                XDMAC_Handler
                0x00402780                UART4_Handler
                0x00402780                PWM1_Handler
                0x00402780                USART1_Handler
                0x00402780                PWM0_Handler
                0x00402780                AFEC0_Handler
                0x00402780                CCW_Handler
                0x00402780                TC11_Handler
                0x00402780                SSC_Handler
                0x00402780                ACC_Handler
                0x00402780                PMC_Handler
                0x00402780                GMAC_Handler
                0x00402780                MCAN0_INT1_Handler
                0x00402780                GMAC_Q5_Handler
                0x00402780                MemManage_Handler
                0x00402780                SUPC_Handler
                0x00402780                SVC_Handler
                0x00402780                TC8_Handler
                0x00402780                MCAN1_INT0_Handler
                0x00402780                EFC_Handler
                0x00402780                GMAC_Q1_Handler
                0x00402780                USART2_Handler
                0x00402780                SDRAMC_Handler
                0x00402780                GMAC_Q2_Handler
                0x00402780                SPI1_Handler
                0x00402780                TC10_Handler
                0x00402780                GMAC_Q3_Handler
                0x00402780                TWIHS2_Handler
                0x00402780                I2SC0_Handler
                0x00402780                UART0_Handler
                0x00402780                I2SC1_Handler
                0x00402780                GMAC_Q4_Handler
                0x00402780                FPU_Handler
                0x00402780                BusFault_Handler
                0x00402780                RSTC_Handler
                0x00402780                TC0_Handler
                0x00402780                TC5_Handler
                0x00402780                AES_Handler
                0x00402780                ICM_Handler
                0x00402780                TWIHS0_Handler
                0x00402780                SPI0_Handler
 *fill*         0x00402786        0x2 
 .text.SystemCoreClockUpdate
                0x00402788      0x168 src/ASF/sam/utils/cmsis/same70/source/templates/system_same70.o
                0x00402788                SystemCoreClockUpdate
 .text.system_init_flash
                0x004028f0       0xb0 src/ASF/sam/utils/cmsis/same70/source/templates/system_same70.o
                0x004028f0                system_init_flash
 .text.__libc_init_array
                0x004029a0       0x50 c:/program files (x86)/atmel/studio/7.0/toolchain/arm/arm-gnu-toolchain/bin/../lib/gcc/arm-none-eabi/6.3.1/../../../../arm-none-eabi/lib/thumb/v7e-m\libc.a(lib_a-init.o)
                0x004029a0                __libc_init_array
 .text.startup.register_fini
                0x004029f0       0x14 c:/program files (x86)/atmel/studio/7.0/toolchain/arm/arm-gnu-toolchain/bin/../lib/gcc/arm-none-eabi/6.3.1/../../../../arm-none-eabi/lib/thumb/v7e-m\libc.a(lib_a-__call_atexit.o)
 .text.atexit   0x00402a04        0xc c:/program files (x86)/atmel/studio/7.0/toolchain/arm/arm-gnu-toolchain/bin/../lib/gcc/arm-none-eabi/6.3.1/../../../../arm-none-eabi/lib/thumb/v7e-m\libc.a(lib_a-atexit.o)
                0x00402a04                atexit
 .text.__libc_fini_array
                0x00402a10       0x34 c:/program files (x86)/atmel/studio/7.0/toolchain/arm/arm-gnu-toolchain/bin/../lib/gcc/arm-none-eabi/6.3.1/../../../../arm-none-eabi/lib/thumb/v7e-m\libc.a(lib_a-fini.o)
                0x00402a10                __libc_fini_array
 .text.__retarget_lock_acquire_recursive
                0x00402a44        0x4 c:/program files (x86)/atmel/studio/7.0/toolchain/arm/arm-gnu-toolchain/bin/../lib/gcc/arm-none-eabi/6.3.1/../../../../arm-none-eabi/lib/thumb/v7e-m\libc.a(lib_a-lock.o)
                0x00402a44                __retarget_lock_acquire_recursive
 .text.__retarget_lock_release_recursive
                0x00402a48        0x4 c:/program files (x86)/atmel/studio/7.0/toolchain/arm/arm-gnu-toolchain/bin/../lib/gcc/arm-none-eabi/6.3.1/../../../../arm-none-eabi/lib/thumb/v7e-m\libc.a(lib_a-lock.o)
                0x00402a48                __retarget_lock_release_recursive
 .text.__register_exitproc
                0x00402a4c       0xc4 c:/program files (x86)/atmel/studio/7.0/toolchain/arm/arm-gnu-toolchain/bin/../lib/gcc/arm-none-eabi/6.3.1/../../../../arm-none-eabi/lib/thumb/v7e-m\libc.a(lib_a-__atexit.o)
                0x00402a4c                __register_exitproc
 *(.glue_7t)
 .glue_7t       0x00402b10        0x0 linker stubs
 *(.glue_7)
 .glue_7        0x00402b10        0x0 linker stubs
 *(.rodata .rodata* .gnu.linkonce.r.*)
 .rodata.image_data_sourcecodepro_28_0x41
                0x00402b10      0x138 src/main.o
 .rodata.sourcecodepro_28_0x41
                0x00402c48       0x10 src/main.o
 .rodata.image_data_sourcecodepro_28_0x42
                0x00402c58      0x138 src/main.o
 .rodata.sourcecodepro_28_0x42
                0x00402d90       0x10 src/main.o
 .rodata.image_data_sourcecodepro_28_0x43
                0x00402da0      0x15f src/main.o
 *fill*         0x00402eff        0x1 
 .rodata.sourcecodepro_28_0x43
                0x00402f00       0x10 src/main.o
 .rodata.image_data_sourcecodepro_28_0x44
                0x00402f10      0x186 src/main.o
 *fill*         0x00403096        0x2 
 .rodata.sourcecodepro_28_0x44
                0x00403098       0x10 src/main.o
 .rodata.image_data_sourcecodepro_28_0x45
                0x004030a8      0x138 src/main.o
 .rodata.sourcecodepro_28_0x45
                0x004031e0       0x10 src/main.o
 .rodata.image_data_sourcecodepro_28_0x46
                0x004031f0      0x111 src/main.o
 *fill*         0x00403301        0x3 
 .rodata.sourcecodepro_28_0x46
                0x00403304       0x10 src/main.o
 .rodata.image_data_sourcecodepro_28_0x47
                0x00403314      0x15f src/main.o
 *fill*         0x00403473        0x1 
 .rodata.sourcecodepro_28_0x47
                0x00403474       0x10 src/main.o
 .rodata.image_data_sourcecodepro_28_0x48
                0x00403484      0x15f src/main.o
 *fill*         0x004035e3        0x1 
 .rodata.sourcecodepro_28_0x48
                0x004035e4       0x10 src/main.o
 .rodata.image_data_sourcecodepro_28_0x49
                0x004035f4       0x9c src/main.o
 .rodata.sourcecodepro_28_0x49
                0x00403690       0x10 src/main.o
 .rodata.image_data_sourcecodepro_28_0x4a
                0x004036a0       0xea src/main.o
 *fill*         0x0040378a        0x2 
 .rodata.sourcecodepro_28_0x4a
                0x0040378c       0x10 src/main.o
 .rodata.image_data_sourcecodepro_28_0x4b
                0x0040379c      0x138 src/main.o
 .rodata.sourcecodepro_28_0x4b
                0x004038d4       0x10 src/main.o
 .rodata.image_data_sourcecodepro_28_0x4c
                0x004038e4      0x111 src/main.o
 *fill*         0x004039f5        0x3 
 .rodata.sourcecodepro_28_0x4c
                0x004039f8       0x10 src/main.o
 .rodata.image_data_sourcecodepro_28_0x4d
                0x00403a08      0x186 src/main.o
 *fill*         0x00403b8e        0x2 
 .rodata.sourcecodepro_28_0x4d
                0x00403b90       0x10 src/main.o
 .rodata.image_data_sourcecodepro_28_0x4e
                0x00403ba0      0x15f src/main.o
 *fill*         0x00403cff        0x1 
 .rodata.sourcecodepro_28_0x4e
                0x00403d00       0x10 src/main.o
 .rodata.image_data_sourcecodepro_28_0x4f
                0x00403d10      0x186 src/main.o
 *fill*         0x00403e96        0x2 
 .rodata.sourcecodepro_28_0x4f
                0x00403e98       0x10 src/main.o
 .rodata.image_data_sourcecodepro_28_0x50
                0x00403ea8      0x138 src/main.o
 .rodata.sourcecodepro_28_0x50
                0x00403fe0       0x10 src/main.o
 .rodata.image_data_sourcecodepro_28_0x51
                0x00403ff0      0x186 src/main.o
 *fill*         0x00404176        0x2 
 .rodata.sourcecodepro_28_0x51
                0x00404178       0x10 src/main.o
 .rodata.image_data_sourcecodepro_28_0x52
                0x00404188      0x15f src/main.o
 *fill*         0x004042e7        0x1 
 .rodata.sourcecodepro_28_0x52
                0x004042e8       0x10 src/main.o
 .rodata.image_data_sourcecodepro_28_0x53
                0x004042f8      0x138 src/main.o
 .rodata.sourcecodepro_28_0x53
                0x00404430       0x10 src/main.o
 .rodata.image_data_sourcecodepro_28_0x54
                0x00404440      0x138 src/main.o
 .rodata.sourcecodepro_28_0x54
                0x00404578       0x10 src/main.o
 .rodata.image_data_sourcecodepro_28_0x55
                0x00404588      0x15f src/main.o
 *fill*         0x004046e7        0x1 
 .rodata.sourcecodepro_28_0x55
                0x004046e8       0x10 src/main.o
 .rodata.image_data_sourcecodepro_28_0x56
                0x004046f8      0x138 src/main.o
 .rodata.sourcecodepro_28_0x56
                0x00404830       0x10 src/main.o
 .rodata.image_data_sourcecodepro_28_0x57
                0x00404840      0x222 src/main.o
 *fill*         0x00404a62        0x2 
 .rodata.sourcecodepro_28_0x57
                0x00404a64       0x10 src/main.o
 .rodata.image_data_sourcecodepro_28_0x58
                0x00404a74      0x138 src/main.o
 .rodata.sourcecodepro_28_0x58
                0x00404bac       0x10 src/main.o
 .rodata.image_data_sourcecodepro_28_0x59
                0x00404bbc      0x138 src/main.o
 .rodata.sourcecodepro_28_0x59
                0x00404cf4       0x10 src/main.o
 .rodata.image_data_sourcecodepro_28_0x5a
                0x00404d04      0x138 src/main.o
 .rodata.sourcecodepro_28_0x5a
                0x00404e3c       0x10 src/main.o
 .rodata.sourcecodepro_28_array
                0x00404e4c       0xd0 src/main.o
 .rodata.sourcecodepro_28
                0x00404f1c        0xc src/main.o
                0x00404f1c                sourcecodepro_28
 .rodata.image_data_calibri_36_0x20
                0x00404f28      0x378 src/main.o
 .rodata.calibri_36_0x20
                0x004052a0       0x10 src/main.o
 .rodata.image_data_calibri_36_0x21
                0x004052b0      0x534 src/main.o
 .rodata.calibri_36_0x21
                0x004057e4       0x10 src/main.o
 .rodata.image_data_calibri_36_0x22
                0x004057f4      0x612 src/main.o
 *fill*         0x00405e06        0x2 
 .rodata.calibri_36_0x22
                0x00405e08       0x10 src/main.o
 .rodata.image_data_calibri_36_0x23
                0x00405e18      0x7ce src/main.o
 *fill*         0x004065e6        0x2 
 .rodata.calibri_36_0x23
                0x004065e8       0x10 src/main.o
 .rodata.image_data_calibri_36_0x24
                0x004065f8      0x7ce src/main.o
 *fill*         0x00406dc6        0x2 
 .rodata.calibri_36_0x24
                0x00406dc8       0x10 src/main.o
 .rodata.image_data_calibri_36_0x25
                0x00406dd8      0xb46 src/main.o
 *fill*         0x0040791e        0x2 
 .rodata.calibri_36_0x25
                0x00407920       0x10 src/main.o
 .rodata.image_data_calibri_36_0x26
                0x00407930      0xad7 src/main.o
 *fill*         0x00408407        0x1 
 .rodata.calibri_36_0x26
                0x00408408       0x10 src/main.o
 .rodata.image_data_calibri_36_0x27
                0x00408418      0x378 src/main.o
 .rodata.calibri_36_0x27
                0x00408790       0x10 src/main.o
 .rodata.image_data_calibri_36_0x28
                0x004087a0      0x4c5 src/main.o
 *fill*         0x00408c65        0x3 
 .rodata.calibri_36_0x28
                0x00408c68       0x10 src/main.o
 .rodata.image_data_calibri_36_0x29
                0x00408c78      0x4c5 src/main.o
 *fill*         0x0040913d        0x3 
 .rodata.calibri_36_0x29
                0x00409140       0x10 src/main.o
 .rodata.image_data_calibri_36_0x2a
                0x00409150      0x7ce src/main.o
 *fill*         0x0040991e        0x2 
 .rodata.calibri_36_0x2a
                0x00409920       0x10 src/main.o
 .rodata.image_data_calibri_36_0x2b
                0x00409930      0x7ce src/main.o
 *fill*         0x0040a0fe        0x2 
 .rodata.calibri_36_0x2b
                0x0040a100       0x10 src/main.o
 .rodata.image_data_calibri_36_0x2c
                0x0040a110      0x3e7 src/main.o
 *fill*         0x0040a4f7        0x1 
 .rodata.calibri_36_0x2c
                0x0040a4f8       0x10 src/main.o
 .rodata.image_data_calibri_36_0x2d
                0x0040a508      0x4c5 src/main.o
 *fill*         0x0040a9cd        0x3 
 .rodata.calibri_36_0x2d
                0x0040a9d0       0x10 src/main.o
 .rodata.image_data_calibri_36_0x2e
                0x0040a9e0      0x3e7 src/main.o
 *fill*         0x0040adc7        0x1 
 .rodata.calibri_36_0x2e
                0x0040adc8       0x10 src/main.o
 .rodata.image_data_calibri_36_0x2f
                0x0040add8      0x612 src/main.o
 *fill*         0x0040b3ea        0x2 
 .rodata.calibri_36_0x2f
                0x0040b3ec       0x10 src/main.o
 .rodata.image_data_calibri_36_0x30
                0x0040b3fc      0x7ce src/main.o
 *fill*         0x0040bbca        0x2 
 .rodata.calibri_36_0x30
                0x0040bbcc       0x10 src/main.o
 .rodata.image_data_calibri_36_0x31
                0x0040bbdc      0x7ce src/main.o
 *fill*         0x0040c3aa        0x2 
 .rodata.calibri_36_0x31
                0x0040c3ac       0x10 src/main.o
 .rodata.image_data_calibri_36_0x32
                0x0040c3bc      0x7ce src/main.o
 *fill*         0x0040cb8a        0x2 
 .rodata.calibri_36_0x32
                0x0040cb8c       0x10 src/main.o
 .rodata.image_data_calibri_36_0x33
                0x0040cb9c      0x7ce src/main.o
 *fill*         0x0040d36a        0x2 
 .rodata.calibri_36_0x33
                0x0040d36c       0x10 src/main.o
 .rodata.image_data_calibri_36_0x34
                0x0040d37c      0x7ce src/main.o
 *fill*         0x0040db4a        0x2 
 .rodata.calibri_36_0x34
                0x0040db4c       0x10 src/main.o
 .rodata.image_data_calibri_36_0x35
                0x0040db5c      0x7ce src/main.o
 *fill*         0x0040e32a        0x2 
 .rodata.calibri_36_0x35
                0x0040e32c       0x10 src/main.o
 .rodata.image_data_calibri_36_0x36
                0x0040e33c      0x7ce src/main.o
 *fill*         0x0040eb0a        0x2 
 .rodata.calibri_36_0x36
                0x0040eb0c       0x10 src/main.o
 .rodata.image_data_calibri_36_0x37
                0x0040eb1c      0x7ce src/main.o
 *fill*         0x0040f2ea        0x2 
 .rodata.calibri_36_0x37
                0x0040f2ec       0x10 src/main.o
 .rodata.image_data_calibri_36_0x38
                0x0040f2fc      0x7ce src/main.o
 *fill*         0x0040faca        0x2 
 .rodata.calibri_36_0x38
                0x0040facc       0x10 src/main.o
 .rodata.image_data_calibri_36_0x39
                0x0040fadc      0x7ce src/main.o
 *fill*         0x004102aa        0x2 
 .rodata.calibri_36_0x39
                0x004102ac       0x10 src/main.o
 .rodata.image_data_calibri_36_0x3a
                0x004102bc      0x456 src/main.o
 *fill*         0x00410712        0x2 
 .rodata.calibri_36_0x3a
                0x00410714       0x10 src/main.o
 .rodata.image_data_calibri_36_0x3b
                0x00410724      0x456 src/main.o
 *fill*         0x00410b7a        0x2 
 .rodata.calibri_36_0x3b
                0x00410b7c       0x10 src/main.o
 .rodata.image_data_calibri_36_0x3c
                0x00410b8c      0x7ce src/main.o
 *fill*         0x0041135a        0x2 
 .rodata.calibri_36_0x3c
                0x0041135c       0x10 src/main.o
 .rodata.image_data_calibri_36_0x3d
                0x0041136c      0x7ce src/main.o
 *fill*         0x00411b3a        0x2 
 .rodata.calibri_36_0x3d
                0x00411b3c       0x10 src/main.o
 .rodata.image_data_calibri_36_0x3e
                0x00411b4c      0x7ce src/main.o
 *fill*         0x0041231a        0x2 
 .rodata.calibri_36_0x3e
                0x0041231c       0x10 src/main.o
 .rodata.image_data_calibri_36_0x3f
                0x0041232c      0x75f src/main.o
 *fill*         0x00412a8b        0x1 
 .rodata.calibri_36_0x3f
                0x00412a8c       0x10 src/main.o
 .rodata.image_data_calibri_36_0x40
                0x00412a9c      0xde0 src/main.o
 .rodata.calibri_36_0x40
                0x0041387c       0x10 src/main.o
 .rodata.image_data_calibri_36_0x41
                0x0041388c      0x91b src/main.o
 *fill*         0x004141a7        0x1 
 .rodata.calibri_36_0x41
                0x004141a8       0x10 src/main.o
 .rodata.image_data_calibri_36_0x42
                0x004141b8      0x8ac src/main.o
 .rodata.calibri_36_0x42
                0x00414a64       0x10 src/main.o
 .rodata.image_data_calibri_36_0x43
                0x00414a74      0x83d src/main.o
 *fill*         0x004152b1        0x3 
 .rodata.calibri_36_0x43
                0x004152b4       0x10 src/main.o
 .rodata.image_data_calibri_36_0x44
                0x004152c4      0x98a src/main.o
 *fill*         0x00415c4e        0x2 
 .rodata.calibri_36_0x44
                0x00415c50       0x10 src/main.o
 .rodata.image_data_calibri_36_0x45
                0x00415c60      0x7ce src/main.o
 *fill*         0x0041642e        0x2 
 .rodata.calibri_36_0x45
                0x00416430       0x10 src/main.o
 .rodata.image_data_calibri_36_0x46
                0x00416440      0x75f src/main.o
 *fill*         0x00416b9f        0x1 
 .rodata.calibri_36_0x46
                0x00416ba0       0x10 src/main.o
 .rodata.image_data_calibri_36_0x47
                0x00416bb0      0x9f9 src/main.o
 *fill*         0x004175a9        0x3 
 .rodata.calibri_36_0x47
                0x004175ac       0x10 src/main.o
 .rodata.image_data_calibri_36_0x48
                0x004175bc      0x98a src/main.o
 *fill*         0x00417f46        0x2 
 .rodata.calibri_36_0x48
                0x00417f48       0x10 src/main.o
 .rodata.image_data_calibri_36_0x49
                0x00417f58      0x3e7 src/main.o
 *fill*         0x0041833f        0x1 
 .rodata.calibri_36_0x49
                0x00418340       0x10 src/main.o
 .rodata.image_data_calibri_36_0x4a
                0x00418350      0x4c5 src/main.o
 *fill*         0x00418815        0x3 
 .rodata.calibri_36_0x4a
                0x00418818       0x10 src/main.o
 .rodata.image_data_calibri_36_0x4b
                0x00418828      0x83d src/main.o
 *fill*         0x00419065        0x3 
 .rodata.calibri_36_0x4b
                0x00419068       0x10 src/main.o
 .rodata.image_data_calibri_36_0x4c
                0x00419078      0x681 src/main.o
 *fill*         0x004196f9        0x3 
 .rodata.calibri_36_0x4c
                0x004196fc       0x10 src/main.o
 .rodata.image_data_calibri_36_0x4d
                0x0041970c      0xd71 src/main.o
 *fill*         0x0041a47d        0x3 
 .rodata.calibri_36_0x4d
                0x0041a480       0x10 src/main.o
 .rodata.image_data_calibri_36_0x4e
                0x0041a490      0x9f9 src/main.o
 *fill*         0x0041ae89        0x3 
 .rodata.calibri_36_0x4e
                0x0041ae8c       0x10 src/main.o
 .rodata.image_data_calibri_36_0x4f
                0x0041ae9c      0xa68 src/main.o
 .rodata.calibri_36_0x4f
                0x0041b904       0x10 src/main.o
 .rodata.image_data_calibri_36_0x50
                0x0041b914      0x83d src/main.o
 *fill*         0x0041c151        0x3 
 .rodata.calibri_36_0x50
                0x0041c154       0x10 src/main.o
 .rodata.image_data_calibri_36_0x51
                0x0041c164      0xad7 src/main.o
 *fill*         0x0041cc3b        0x1 
 .rodata.calibri_36_0x51
                0x0041cc3c       0x10 src/main.o
 .rodata.image_data_calibri_36_0x52
                0x0041cc4c      0x8ac src/main.o
 .rodata.calibri_36_0x52
                0x0041d4f8       0x10 src/main.o
 .rodata.image_data_calibri_36_0x53
                0x0041d508      0x75f src/main.o
 *fill*         0x0041dc67        0x1 
 .rodata.calibri_36_0x53
                0x0041dc68       0x10 src/main.o
 .rodata.image_data_calibri_36_0x54
                0x0041dc78      0x7ce src/main.o
 *fill*         0x0041e446        0x2 
 .rodata.calibri_36_0x54
                0x0041e448       0x10 src/main.o
 .rodata.image_data_calibri_36_0x55
                0x0041e458      0x9f9 src/main.o
 *fill*         0x0041ee51        0x3 
 .rodata.calibri_36_0x55
                0x0041ee54       0x10 src/main.o
 .rodata.image_data_calibri_36_0x56
                0x0041ee64      0x8ac src/main.o
 .rodata.calibri_36_0x56
                0x0041f710       0x10 src/main.o
 .rodata.image_data_calibri_36_0x57
                0x0041f720      0xde0 src/main.o
 .rodata.calibri_36_0x57
                0x00420500       0x10 src/main.o
 .rodata.image_data_calibri_36_0x58
                0x00420510      0x83d src/main.o
 *fill*         0x00420d4d        0x3 
 .rodata.calibri_36_0x58
                0x00420d50       0x10 src/main.o
 .rodata.image_data_calibri_36_0x59
                0x00420d60      0x7ce src/main.o
 *fill*         0x0042152e        0x2 
 .rodata.calibri_36_0x59
                0x00421530       0x10 src/main.o
 .rodata.image_data_calibri_36_0x5a
                0x00421540      0x75f src/main.o
 *fill*         0x00421c9f        0x1 
 .rodata.calibri_36_0x5a
                0x00421ca0       0x10 src/main.o
 .rodata.image_data_calibri_36_0x5b
                0x00421cb0      0x4c5 src/main.o
 *fill*         0x00422175        0x3 
 .rodata.calibri_36_0x5b
                0x00422178       0x10 src/main.o
 .rodata.image_data_calibri_36_0x5c
                0x00422188      0x612 src/main.o
 *fill*         0x0042279a        0x2 
 .rodata.calibri_36_0x5c
                0x0042279c       0x10 src/main.o
 .rodata.image_data_calibri_36_0x5d
                0x004227ac      0x4c5 src/main.o
 *fill*         0x00422c71        0x3 
 .rodata.calibri_36_0x5d
                0x00422c74       0x10 src/main.o
 .rodata.image_data_calibri_36_0x5e
                0x00422c84      0x7ce src/main.o
 *fill*         0x00423452        0x2 
 .rodata.calibri_36_0x5e
                0x00423454       0x10 src/main.o
 .rodata.image_data_calibri_36_0x5f
                0x00423464      0x7ce src/main.o
 *fill*         0x00423c32        0x2 
 .rodata.calibri_36_0x5f
                0x00423c34       0x10 src/main.o
 .rodata.image_data_calibri_36_0x60
                0x00423c44      0x456 src/main.o
 *fill*         0x0042409a        0x2 
 .rodata.calibri_36_0x60
                0x0042409c       0x10 src/main.o
 .rodata.image_data_calibri_36_0x61
                0x004240ac      0x75f src/main.o
 *fill*         0x0042480b        0x1 
 .rodata.calibri_36_0x61
                0x0042480c       0x10 src/main.o
 .rodata.image_data_calibri_36_0x62
                0x0042481c      0x83d src/main.o
 *fill*         0x00425059        0x3 
 .rodata.calibri_36_0x62
                0x0042505c       0x10 src/main.o
 .rodata.image_data_calibri_36_0x63
                0x0042506c      0x681 src/main.o
 *fill*         0x004256ed        0x3 
 .rodata.calibri_36_0x63
                0x004256f0       0x10 src/main.o
 .rodata.image_data_calibri_36_0x64
                0x00425700      0x83d src/main.o
 *fill*         0x00425f3d        0x3 
 .rodata.calibri_36_0x64
                0x00425f40       0x10 src/main.o
 .rodata.image_data_calibri_36_0x65
                0x00425f50      0x7ce src/main.o
 *fill*         0x0042671e        0x2 
 .rodata.calibri_36_0x65
                0x00426720       0x10 src/main.o
 .rodata.image_data_calibri_36_0x66
                0x00426730      0x4c5 src/main.o
 *fill*         0x00426bf5        0x3 
 .rodata.calibri_36_0x66
                0x00426bf8       0x10 src/main.o
 .rodata.image_data_calibri_36_0x67
                0x00426c08      0x75f src/main.o
 *fill*         0x00427367        0x1 
 .rodata.calibri_36_0x67
                0x00427368       0x10 src/main.o
 .rodata.image_data_calibri_36_0x68
                0x00427378      0x83d src/main.o
 *fill*         0x00427bb5        0x3 
 .rodata.calibri_36_0x68
                0x00427bb8       0x10 src/main.o
 .rodata.image_data_calibri_36_0x69
                0x00427bc8      0x378 src/main.o
 .rodata.calibri_36_0x69
                0x00427f40       0x10 src/main.o
 .rodata.image_data_calibri_36_0x6a
                0x00427f50      0x3e7 src/main.o
 *fill*         0x00428337        0x1 
 .rodata.calibri_36_0x6a
                0x00428338       0x10 src/main.o
 .rodata.image_data_calibri_36_0x6b
                0x00428348      0x6f0 src/main.o
 .rodata.calibri_36_0x6b
                0x00428a38       0x10 src/main.o
 .rodata.image_data_calibri_36_0x6c
                0x00428a48      0x378 src/main.o
 .rodata.calibri_36_0x6c
                0x00428dc0       0x10 src/main.o
 .rodata.image_data_calibri_36_0x6d
                0x00428dd0      0xc93 src/main.o
 *fill*         0x00429a63        0x1 
 .rodata.calibri_36_0x6d
                0x00429a64       0x10 src/main.o
 .rodata.image_data_calibri_36_0x6e
                0x00429a74      0x83d src/main.o
 *fill*         0x0042a2b1        0x3 
 .rodata.calibri_36_0x6e
                0x0042a2b4       0x10 src/main.o
 .rodata.image_data_calibri_36_0x6f
                0x0042a2c4      0x83d src/main.o
 *fill*         0x0042ab01        0x3 
 .rodata.calibri_36_0x6f
                0x0042ab04       0x10 src/main.o
 .rodata.image_data_calibri_36_0x70
                0x0042ab14      0x83d src/main.o
 *fill*         0x0042b351        0x3 
 .rodata.calibri_36_0x70
                0x0042b354       0x10 src/main.o
 .rodata.image_data_calibri_36_0x71
                0x0042b364      0x83d src/main.o
 *fill*         0x0042bba1        0x3 
 .rodata.calibri_36_0x71
                0x0042bba4       0x10 src/main.o
 .rodata.image_data_calibri_36_0x72
                0x0042bbb4      0x5a3 src/main.o
 *fill*         0x0042c157        0x1 
 .rodata.calibri_36_0x72
                0x0042c158       0x10 src/main.o
 .rodata.image_data_calibri_36_0x73
                0x0042c168      0x612 src/main.o
 *fill*         0x0042c77a        0x2 
 .rodata.calibri_36_0x73
                0x0042c77c       0x10 src/main.o
 .rodata.image_data_calibri_36_0x74
                0x0042c78c      0x534 src/main.o
 .rodata.calibri_36_0x74
                0x0042ccc0       0x10 src/main.o
 .rodata.image_data_calibri_36_0x75
                0x0042ccd0      0x83d src/main.o
 *fill*         0x0042d50d        0x3 
 .rodata.calibri_36_0x75
                0x0042d510       0x10 src/main.o
 .rodata.image_data_calibri_36_0x76
                0x0042d520      0x6f0 src/main.o
 .rodata.calibri_36_0x76
                0x0042dc10       0x10 src/main.o
 .rodata.image_data_calibri_36_0x77
                0x0042dc20      0xb46 src/main.o
 *fill*         0x0042e766        0x2 
 .rodata.calibri_36_0x77
                0x0042e768       0x10 src/main.o
 .rodata.image_data_calibri_36_0x78
                0x0042e778      0x6f0 src/main.o
 .rodata.calibri_36_0x78
                0x0042ee68       0x10 src/main.o
 .rodata.image_data_calibri_36_0x79
                0x0042ee78      0x6f0 src/main.o
 .rodata.calibri_36_0x79
                0x0042f568       0x10 src/main.o
 .rodata.image_data_calibri_36_0x7a
                0x0042f578      0x612 src/main.o
 *fill*         0x0042fb8a        0x2 
 .rodata.calibri_36_0x7a
                0x0042fb8c       0x10 src/main.o
 .rodata.image_data_calibri_36_0x7b
                0x0042fb9c      0x4c5 src/main.o
 *fill*         0x00430061        0x3 
 .rodata.calibri_36_0x7b
                0x00430064       0x10 src/main.o
 .rodata.image_data_calibri_36_0x7c
                0x00430074      0x75f src/main.o
 *fill*         0x004307d3        0x1 
 .rodata.calibri_36_0x7c
                0x004307d4       0x10 src/main.o
 .rodata.image_data_calibri_36_0x7d
                0x004307e4      0x4c5 src/main.o
 *fill*         0x00430ca9        0x3 
 .rodata.calibri_36_0x7d
                0x00430cac       0x10 src/main.o
 .rodata.image_data_calibri_36_0x7e
                0x00430cbc      0x7ce src/main.o
 *fill*         0x0043148a        0x2 
 .rodata.calibri_36_0x7e
                0x0043148c       0x10 src/main.o
 .rodata.calibri_36_array
                0x0043149c      0x2f8 src/main.o
 .rodata.calibri_36
                0x00431794        0xc src/main.o
                0x00431794                calibri_36
 .rodata.image_data_arial_72_0x30
                0x004317a0     0x2760 src/main.o
 .rodata.arial_72_0x30
                0x00433f00       0x10 src/main.o
 .rodata.image_data_arial_72_0x31
                0x00433f10     0x2760 src/main.o
 .rodata.arial_72_0x31
                0x00436670       0x10 src/main.o
 .rodata.image_data_arial_72_0x32
                0x00436680     0x2760 src/main.o
 .rodata.arial_72_0x32
                0x00438de0       0x10 src/main.o
 .rodata.image_data_arial_72_0x33
                0x00438df0     0x2760 src/main.o
 .rodata.arial_72_0x33
                0x0043b550       0x10 src/main.o
 .rodata.image_data_arial_72_0x34
                0x0043b560     0x2760 src/main.o
 .rodata.arial_72_0x34
                0x0043dcc0       0x10 src/main.o
 .rodata.image_data_arial_72_0x35
                0x0043dcd0     0x2760 src/main.o
 .rodata.arial_72_0x35
                0x00440430       0x10 src/main.o
 .rodata.image_data_arial_72_0x36
                0x00440440     0x2760 src/main.o
 .rodata.arial_72_0x36
                0x00442ba0       0x10 src/main.o
 .rodata.image_data_arial_72_0x37
                0x00442bb0     0x2760 src/main.o
 .rodata.arial_72_0x37
                0x00445310       0x10 src/main.o
 .rodata.image_data_arial_72_0x38
                0x00445320     0x2760 src/main.o
 .rodata.arial_72_0x38
                0x00447a80       0x10 src/main.o
 .rodata.image_data_arial_72_0x39
                0x00447a90     0x2760 src/main.o
 .rodata.arial_72_0x39
                0x0044a1f0       0x10 src/main.o
 .rodata.arial_72_array
                0x0044a200       0x50 src/main.o
 .rodata.arial_72
                0x0044a250        0xc src/main.o
                0x0044a250                arial_72
 .rodata        0x0044a25c       0x23 src/main.o
 *fill*         0x0044a27f        0x1 
 .rodata._global_impure_ptr
                0x0044a280        0x4 c:/program files (x86)/atmel/studio/7.0/toolchain/arm/arm-gnu-toolchain/bin/../lib/gcc/arm-none-eabi/6.3.1/../../../../arm-none-eabi/lib/thumb/v7e-m\libc.a(lib_a-impure.o)
                0x0044a280                _global_impure_ptr
 *(.ARM.extab* .gnu.linkonce.armextab.*)
                0x0044a284                . = ALIGN (0x4)
 *(.init)
 .init          0x0044a284        0x4 c:/program files (x86)/atmel/studio/7.0/toolchain/arm/arm-gnu-toolchain/bin/../lib/gcc/arm-none-eabi/6.3.1/thumb/v7e-m/crti.o
                0x0044a284                _init
 .init          0x0044a288        0x8 c:/program files (x86)/atmel/studio/7.0/toolchain/arm/arm-gnu-toolchain/bin/../lib/gcc/arm-none-eabi/6.3.1/thumb/v7e-m/crtn.o
                0x0044a290                . = ALIGN (0x4)
                0x0044a290                __preinit_array_start = .
 *(.preinit_array)
                0x0044a290                __preinit_array_end = .
                0x0044a290                . = ALIGN (0x4)
                0x0044a290                __init_array_start = .
 *(SORT(.init_array.*))
 .init_array.00000
                0x0044a290        0x4 c:/program files (x86)/atmel/studio/7.0/toolchain/arm/arm-gnu-toolchain/bin/../lib/gcc/arm-none-eabi/6.3.1/../../../../arm-none-eabi/lib/thumb/v7e-m\libc.a(lib_a-__call_atexit.o)
 *(.init_array)
 .init_array    0x0044a294        0x4 c:/program files (x86)/atmel/studio/7.0/toolchain/arm/arm-gnu-toolchain/bin/../lib/gcc/arm-none-eabi/6.3.1/thumb/v7e-m/crtbegin.o
                0x0044a298                __init_array_end = .
                0x0044a298                . = ALIGN (0x4)
 *crtbegin.o(.ctors)
 *(EXCLUDE_FILE(*crtend.o) .ctors)
 *(SORT(.ctors.*))
 *crtend.o(.ctors)
                0x0044a298                . = ALIGN (0x4)
 *(.fini)
 .fini          0x0044a298        0x4 c:/program files (x86)/atmel/studio/7.0/toolchain/arm/arm-gnu-toolchain/bin/../lib/gcc/arm-none-eabi/6.3.1/thumb/v7e-m/crti.o
                0x0044a298                _fini
 .fini          0x0044a29c        0x8 c:/program files (x86)/atmel/studio/7.0/toolchain/arm/arm-gnu-toolchain/bin/../lib/gcc/arm-none-eabi/6.3.1/thumb/v7e-m/crtn.o
                0x0044a2a4                . = ALIGN (0x4)
                0x0044a2a4                __fini_array_start = .
 *(.fini_array)
 .fini_array    0x0044a2a4        0x4 c:/program files (x86)/atmel/studio/7.0/toolchain/arm/arm-gnu-toolchain/bin/../lib/gcc/arm-none-eabi/6.3.1/thumb/v7e-m/crtbegin.o
 *(SORT(.fini_array.*))
                0x0044a2a8                __fini_array_end = .
 *crtbegin.o(.dtors)
 *(EXCLUDE_FILE(*crtend.o) .dtors)
 *(SORT(.dtors.*))
 *crtend.o(.dtors)
                0x0044a2a8                . = ALIGN (0x4)
                0x0044a2a8                _efixed = .
                [!provide]                PROVIDE (__exidx_start, .)

.vfp11_veneer   0x0044a2a8        0x0
 .vfp11_veneer  0x0044a2a8        0x0 linker stubs

.v4_bx          0x0044a2a8        0x0
 .v4_bx         0x0044a2a8        0x0 linker stubs

.iplt           0x0044a2a8        0x0
 .iplt          0x0044a2a8        0x0 c:/program files (x86)/atmel/studio/7.0/toolchain/arm/arm-gnu-toolchain/bin/../lib/gcc/arm-none-eabi/6.3.1/thumb/v7e-m/crtbegin.o

.eh_frame       0x0044a2a8        0x0
 .eh_frame      0x0044a2a8        0x0 c:/program files (x86)/atmel/studio/7.0/toolchain/arm/arm-gnu-toolchain/bin/../lib/gcc/arm-none-eabi/6.3.1/thumb/v7e-m/crtbegin.o

.rel.dyn        0x0044a2a8        0x0
 .rel.iplt      0x0044a2a8        0x0 c:/program files (x86)/atmel/studio/7.0/toolchain/arm/arm-gnu-toolchain/bin/../lib/gcc/arm-none-eabi/6.3.1/thumb/v7e-m/crtbegin.o

.jcr            0x0044a2a8        0x0
 .jcr           0x0044a2a8        0x0 c:/program files (x86)/atmel/studio/7.0/toolchain/arm/arm-gnu-toolchain/bin/../lib/gcc/arm-none-eabi/6.3.1/thumb/v7e-m/crtbegin.o

.igot.plt       0x0044a2a8        0x0
 .igot.plt      0x0044a2a8        0x0 c:/program files (x86)/atmel/studio/7.0/toolchain/arm/arm-gnu-toolchain/bin/../lib/gcc/arm-none-eabi/6.3.1/thumb/v7e-m/crtbegin.o

.ARM.exidx
 *(.ARM.exidx* .gnu.linkonce.armexidx.*)
                [!provide]                PROVIDE (__exidx_end, .)
                0x0044a2a8                . = ALIGN (0x4)
                0x0044a2a8                _etext = .

.relocate       0x20400000      0x434 load address 0x0044a2a8
                0x20400000                . = ALIGN (0x4)
                0x20400000                _srelocate = .
 *(.ramfunc .ramfunc.*)
 *(.data .data.*)
 .data.g_interrupt_enabled
                0x20400000        0x1 src/ASF/common/utils/interrupt/interrupt_sam_nvic.o
                0x20400000                g_interrupt_enabled
 *fill*         0x20400001        0x3 
 .data.SystemCoreClock
                0x20400004        0x4 src/ASF/sam/utils/cmsis/same70/source/templates/system_same70.o
                0x20400004                SystemCoreClock
 .data.impure_data
                0x20400008      0x428 c:/program files (x86)/atmel/studio/7.0/toolchain/arm/arm-gnu-toolchain/bin/../lib/gcc/arm-none-eabi/6.3.1/../../../../arm-none-eabi/lib/thumb/v7e-m\libc.a(lib_a-impure.o)
 .data.__atexit_recursive_mutex
                0x20400430        0x4 c:/program files (x86)/atmel/studio/7.0/toolchain/arm/arm-gnu-toolchain/bin/../lib/gcc/arm-none-eabi/6.3.1/../../../../arm-none-eabi/lib/thumb/v7e-m\libc.a(lib_a-__call_atexit.o)
                0x20400430                __atexit_recursive_mutex
                0x20400434                . = ALIGN (0x4)
                0x20400434                _erelocate = .

.bss            0x20400434      0x480 load address 0x0044a6dc
                0x20400434                . = ALIGN (0x4)
                0x20400434                _sbss = .
                0x20400434                _szero = .
 *(.bss .bss.*)
 .bss           0x20400434       0x1c c:/program files (x86)/atmel/studio/7.0/toolchain/arm/arm-gnu-toolchain/bin/../lib/gcc/arm-none-eabi/6.3.1/thumb/v7e-m/crtbegin.o
 .bss.g_ul_pixel_cache
                0x20400450      0x3c0 src/ASF/sam/components/display/ili9488/ili9488.o
 .bss.gs_interrupt_sources
                0x20400810       0x70 src/ASF/sam/drivers/pio/pio_handler.o
 *(COMMON)
 COMMON         0x20400880       0x10 src/main.o
                0x20400880                g_ili9488_display_opt
 COMMON         0x20400890       0x21 c:/program files (x86)/atmel/studio/7.0/toolchain/arm/arm-gnu-toolchain/bin/../lib/gcc/arm-none-eabi/6.3.1/../../../../arm-none-eabi/lib/thumb/v7e-m\libc.a(lib_a-lock.o)
                0x20400890                __lock___atexit_recursive_mutex
                0x20400894                __lock___arc4random_mutex
                0x20400898                __lock___env_recursive_mutex
                0x2040089c                __lock___sinit_recursive_mutex
                0x204008a0                __lock___malloc_recursive_mutex
                0x204008a4                __lock___at_quick_exit_mutex
                0x204008a8                __lock___dd_hash_mutex
                0x204008ac                __lock___tz_mutex
                0x204008b0                __lock___sfp_recursive_mutex
                0x204008b4                . = ALIGN (0x4)
 *fill*         0x204008b1        0x3 
                0x204008b4                _ebss = .
                0x204008b4                _ezero = .

.stack          0x204008b4     0x2004 load address 0x0044ab5c
                0x204008b8                . = ALIGN (0x8)
 *fill*         0x204008b4        0x4 
                0x204008b8                _sstack = .
                0x204028b8                . = (. + STACK_SIZE)
 *fill*         0x204008b8     0x2000 
                0x204028b8                . = ALIGN (0x8)
                0x204028b8                _estack = .

.heap           0x204028b8      0x200 load address 0x0044cb60
                0x204028b8                . = ALIGN (0x8)
                0x204028b8                _sheap = .
                0x20402ab8                . = (. + HEAP_SIZE)
 *fill*         0x204028b8      0x200 
                0x20402ab8                . = ALIGN (0x8)
                0x20402ab8                _eheap = .
                0x20402ab8                . = ALIGN (0x4)
                0x20402ab8                _end = .
                0x2045ffff                _ram_end_ = ((ORIGIN (ram) + LENGTH (ram)) - 0x1)
OUTPUT(SAME70_FONTS.elf elf32-littlearm)

.ARM.attributes
                0x00000000       0x2e
 .ARM.attributes
                0x00000000       0x1e c:/program files (x86)/atmel/studio/7.0/toolchain/arm/arm-gnu-toolchain/bin/../lib/gcc/arm-none-eabi/6.3.1/thumb/v7e-m/crti.o
 .ARM.attributes
                0x0000001e       0x2e c:/program files (x86)/atmel/studio/7.0/toolchain/arm/arm-gnu-toolchain/bin/../lib/gcc/arm-none-eabi/6.3.1/thumb/v7e-m/crtbegin.o
 .ARM.attributes
                0x0000004c       0x37 src/main.o
 .ARM.attributes
                0x00000083       0x37 src/ASF/common/services/spi/sam_spi/spi_master.o
 .ARM.attributes
                0x000000ba       0x37 src/ASF/sam/components/display/ili9488/ili9488.o
 .ARM.attributes
                0x000000f1       0x37 src/ASF/sam/drivers/spi/spi.o
 .ARM.attributes
                0x00000128       0x37 src/ASF/common/services/clock/same70/sysclk.o
 .ARM.attributes
                0x0000015f       0x37 src/ASF/common/utils/interrupt/interrupt_sam_nvic.o
 .ARM.attributes
                0x00000196       0x37 src/ASF/sam/boards/same70_xplained/init.o
 .ARM.attributes
                0x000001cd       0x37 src/ASF/sam/drivers/pio/pio.o
 .ARM.attributes
                0x00000204       0x37 src/ASF/sam/drivers/pio/pio_handler.o
 .ARM.attributes
                0x0000023b       0x37 src/ASF/sam/drivers/pmc/pmc.o
 .ARM.attributes
                0x00000272       0x37 src/ASF/sam/utils/cmsis/same70/source/templates/gcc/startup_same70.o
 .ARM.attributes
                0x000002a9       0x37 src/ASF/sam/utils/cmsis/same70/source/templates/system_same70.o
 .ARM.attributes
                0x000002e0       0x2e c:/program files (x86)/atmel/studio/7.0/toolchain/arm/arm-gnu-toolchain/bin/../lib/gcc/arm-none-eabi/6.3.1/../../../../arm-none-eabi/lib/thumb/v7e-m\libc.a(lib_a-impure.o)
 .ARM.attributes
                0x0000030e       0x2e c:/program files (x86)/atmel/studio/7.0/toolchain/arm/arm-gnu-toolchain/bin/../lib/gcc/arm-none-eabi/6.3.1/../../../../arm-none-eabi/lib/thumb/v7e-m\libc.a(lib_a-init.o)
 .ARM.attributes
                0x0000033c       0x2e c:/program files (x86)/atmel/studio/7.0/toolchain/arm/arm-gnu-toolchain/bin/../lib/gcc/arm-none-eabi/6.3.1/../../../../arm-none-eabi/lib/thumb/v7e-m\libc.a(lib_a-__call_atexit.o)
 .ARM.attributes
                0x0000036a       0x2e c:/program files (x86)/atmel/studio/7.0/toolchain/arm/arm-gnu-toolchain/bin/../lib/gcc/arm-none-eabi/6.3.1/../../../../arm-none-eabi/lib/thumb/v7e-m\libc.a(lib_a-atexit.o)
 .ARM.attributes
                0x00000398       0x2e c:/program files (x86)/atmel/studio/7.0/toolchain/arm/arm-gnu-toolchain/bin/../lib/gcc/arm-none-eabi/6.3.1/../../../../arm-none-eabi/lib/thumb/v7e-m\libc.a(lib_a-fini.o)
 .ARM.attributes
                0x000003c6       0x2e c:/program files (x86)/atmel/studio/7.0/toolchain/arm/arm-gnu-toolchain/bin/../lib/gcc/arm-none-eabi/6.3.1/../../../../arm-none-eabi/lib/thumb/v7e-m\libc.a(lib_a-lock.o)
 .ARM.attributes
                0x000003f4       0x2e c:/program files (x86)/atmel/studio/7.0/toolchain/arm/arm-gnu-toolchain/bin/../lib/gcc/arm-none-eabi/6.3.1/../../../../arm-none-eabi/lib/thumb/v7e-m\libc.a(lib_a-__atexit.o)
 .ARM.attributes
                0x00000422       0x1e c:/program files (x86)/atmel/studio/7.0/toolchain/arm/arm-gnu-toolchain/bin/../lib/gcc/arm-none-eabi/6.3.1/thumb/v7e-m/crtn.o

.comment        0x00000000       0x59
 .comment       0x00000000       0x59 src/main.o
                                 0x5a (size before relaxing)
 .comment       0x00000059       0x5a src/ASF/common/services/spi/sam_spi/spi_master.o
 .comment       0x00000059       0x5a src/ASF/sam/components/display/ili9488/ili9488.o
 .comment       0x00000059       0x5a src/ASF/sam/drivers/spi/spi.o
 .comment       0x00000059       0x5a src/ASF/common/services/clock/same70/sysclk.o
 .comment       0x00000059       0x5a src/ASF/common/utils/interrupt/interrupt_sam_nvic.o
 .comment       0x00000059       0x5a src/ASF/sam/boards/same70_xplained/init.o
 .comment       0x00000059       0x5a src/ASF/sam/drivers/pio/pio.o
 .comment       0x00000059       0x5a src/ASF/sam/drivers/pio/pio_handler.o
 .comment       0x00000059       0x5a src/ASF/sam/drivers/pmc/pmc.o
 .comment       0x00000059       0x5a src/ASF/sam/utils/cmsis/same70/source/templates/gcc/startup_same70.o
 .comment       0x00000059       0x5a src/ASF/sam/utils/cmsis/same70/source/templates/system_same70.o

.debug_info     0x00000000    0x118a4
 .debug_info    0x00000000     0x22a9 src/main.o
 .debug_info    0x000022a9     0x143e src/ASF/common/services/spi/sam_spi/spi_master.o
 .debug_info    0x000036e7     0x208c src/ASF/sam/components/display/ili9488/ili9488.o
 .debug_info    0x00005773     0x1123 src/ASF/sam/drivers/spi/spi.o
 .debug_info    0x00006896     0x1311 src/ASF/common/services/clock/same70/sysclk.o
 .debug_info    0x00007ba7      0xb06 src/ASF/common/utils/interrupt/interrupt_sam_nvic.o
 .debug_info    0x000086ad     0x1fcd src/ASF/sam/boards/same70_xplained/init.o
 .debug_info    0x0000a67a     0x1ce3 src/ASF/sam/drivers/pio/pio.o
 .debug_info    0x0000c35d     0x1a74 src/ASF/sam/drivers/pio/pio_handler.o
 .debug_info    0x0000ddd1     0x1eed src/ASF/sam/drivers/pmc/pmc.o
 .debug_info    0x0000fcbe     0x1612 src/ASF/sam/utils/cmsis/same70/source/templates/gcc/startup_same70.o
 .debug_info    0x000112d0      0x5d4 src/ASF/sam/utils/cmsis/same70/source/templates/system_same70.o

.debug_abbrev   0x00000000     0x1f95
 .debug_abbrev  0x00000000      0x254 src/main.o
 .debug_abbrev  0x00000254      0x305 src/ASF/common/services/spi/sam_spi/spi_master.o
 .debug_abbrev  0x00000559      0x2f4 src/ASF/sam/components/display/ili9488/ili9488.o
 .debug_abbrev  0x0000084d      0x2cf src/ASF/sam/drivers/spi/spi.o
 .debug_abbrev  0x00000b1c      0x296 src/ASF/common/services/clock/same70/sysclk.o
 .debug_abbrev  0x00000db2      0x214 src/ASF/common/utils/interrupt/interrupt_sam_nvic.o
 .debug_abbrev  0x00000fc6      0x3b8 src/ASF/sam/boards/same70_xplained/init.o
 .debug_abbrev  0x0000137e      0x296 src/ASF/sam/drivers/pio/pio.o
 .debug_abbrev  0x00001614      0x2c9 src/ASF/sam/drivers/pio/pio_handler.o
 .debug_abbrev  0x000018dd      0x2ce src/ASF/sam/drivers/pmc/pmc.o
 .debug_abbrev  0x00001bab      0x2e8 src/ASF/sam/utils/cmsis/same70/source/templates/gcc/startup_same70.o
 .debug_abbrev  0x00001e93      0x102 src/ASF/sam/utils/cmsis/same70/source/templates/system_same70.o

.debug_loc      0x00000000     0x52c0
 .debug_loc     0x00000000       0xb4 src/main.o
 .debug_loc     0x000000b4      0x830 src/ASF/common/services/spi/sam_spi/spi_master.o
 .debug_loc     0x000008e4      0xd20 src/ASF/sam/components/display/ili9488/ili9488.o
 .debug_loc     0x00001604      0x630 src/ASF/sam/drivers/spi/spi.o
 .debug_loc     0x00001c34      0x4a0 src/ASF/common/services/clock/same70/sysclk.o
 .debug_loc     0x000020d4       0xa0 src/ASF/common/utils/interrupt/interrupt_sam_nvic.o
 .debug_loc     0x00002174      0x2b8 src/ASF/sam/boards/same70_xplained/init.o
 .debug_loc     0x0000242c     0x1174 src/ASF/sam/drivers/pio/pio.o
 .debug_loc     0x000035a0      0x38c src/ASF/sam/drivers/pio/pio_handler.o
 .debug_loc     0x0000392c     0x1744 src/ASF/sam/drivers/pmc/pmc.o
 .debug_loc     0x00005070      0x16c src/ASF/sam/utils/cmsis/same70/source/templates/gcc/startup_same70.o
 .debug_loc     0x000051dc       0xe4 src/ASF/sam/utils/cmsis/same70/source/templates/system_same70.o

.debug_aranges  0x00000000      0x928
 .debug_aranges
                0x00000000       0x30 src/main.o
 .debug_aranges
                0x00000030       0xe0 src/ASF/common/services/spi/sam_spi/spi_master.o
 .debug_aranges
                0x00000110      0x168 src/ASF/sam/components/display/ili9488/ili9488.o
 .debug_aranges
                0x00000278       0xa8 src/ASF/sam/drivers/spi/spi.o
 .debug_aranges
                0x00000320       0x98 src/ASF/common/services/clock/same70/sysclk.o
 .debug_aranges
                0x000003b8       0x28 src/ASF/common/utils/interrupt/interrupt_sam_nvic.o
 .debug_aranges
                0x000003e0       0x60 src/ASF/sam/boards/same70_xplained/init.o
 .debug_aranges
                0x00000440      0x1a8 src/ASF/sam/drivers/pio/pio.o
 .debug_aranges
                0x000005e8       0x80 src/ASF/sam/drivers/pio/pio_handler.o
 .debug_aranges
                0x00000668      0x250 src/ASF/sam/drivers/pmc/pmc.o
 .debug_aranges
                0x000008b8       0x40 src/ASF/sam/utils/cmsis/same70/source/templates/gcc/startup_same70.o
 .debug_aranges
                0x000008f8       0x30 src/ASF/sam/utils/cmsis/same70/source/templates/system_same70.o

.debug_ranges   0x00000000      0x8e0
 .debug_ranges  0x00000000       0x20 src/main.o
 .debug_ranges  0x00000020       0xd0 src/ASF/common/services/spi/sam_spi/spi_master.o
 .debug_ranges  0x000000f0      0x158 src/ASF/sam/components/display/ili9488/ili9488.o
 .debug_ranges  0x00000248       0x98 src/ASF/sam/drivers/spi/spi.o
 .debug_ranges  0x000002e0       0x88 src/ASF/common/services/clock/same70/sysclk.o
 .debug_ranges  0x00000368       0x18 src/ASF/common/utils/interrupt/interrupt_sam_nvic.o
 .debug_ranges  0x00000380       0xc8 src/ASF/sam/boards/same70_xplained/init.o
 .debug_ranges  0x00000448      0x198 src/ASF/sam/drivers/pio/pio.o
 .debug_ranges  0x000005e0       0x70 src/ASF/sam/drivers/pio/pio_handler.o
 .debug_ranges  0x00000650      0x240 src/ASF/sam/drivers/pmc/pmc.o
 .debug_ranges  0x00000890       0x30 src/ASF/sam/utils/cmsis/same70/source/templates/gcc/startup_same70.o
 .debug_ranges  0x000008c0       0x20 src/ASF/sam/utils/cmsis/same70/source/templates/system_same70.o

.debug_macro    0x00000000     0x6d7c
 .debug_macro   0x00000000      0x827 src/main.o
 .debug_macro   0x00000827       0x3a src/main.o
 .debug_macro   0x00000861      0x2c3 src/main.o
 .debug_macro   0x00000b24      0xa91 src/main.o
 .debug_macro   0x000015b5       0x70 src/main.o
 .debug_macro   0x00001625       0x64 src/main.o
 .debug_macro   0x00001689       0x5f src/main.o
 .debug_macro   0x000016e8       0xac src/main.o
 .debug_macro   0x00001794       0x28 src/main.o
 .debug_macro   0x000017bc       0x22 src/main.o
 .debug_macro   0x000017de       0x16 src/main.o
 .debug_macro   0x000017f4      0x41e src/main.o
 .debug_macro   0x00001c12       0x94 src/main.o
 .debug_macro   0x00001ca6       0x40 src/main.o
 .debug_macro   0x00001ce6       0x88 src/main.o
 .debug_macro   0x00001d6e      0x1c8 src/main.o
 .debug_macro   0x00001f36       0x16 src/main.o
 .debug_macro   0x00001f4c       0x1c src/main.o
 .debug_macro   0x00001f68       0x16 src/main.o
 .debug_macro   0x00001f7e       0x28 src/main.o
 .debug_macro   0x00001fa6       0x2e src/main.o
 .debug_macro   0x00001fd4      0x733 src/ASF/common/services/spi/sam_spi/spi_master.o
 .debug_macro   0x00002707      0x772 src/ASF/sam/components/display/ili9488/ili9488.o
 .debug_macro   0x00002e79       0x16 src/ASF/sam/components/display/ili9488/ili9488.o
 .debug_macro   0x00002e8f      0x6fb src/ASF/sam/drivers/spi/spi.o
 .debug_macro   0x0000358a       0x10 src/ASF/sam/drivers/spi/spi.o
 .debug_macro   0x0000359a      0x6f2 src/ASF/common/services/clock/same70/sysclk.o
 .debug_macro   0x00003c8c      0x2bd src/ASF/common/services/clock/same70/sysclk.o
 .debug_macro   0x00003f49      0x676 src/ASF/common/utils/interrupt/interrupt_sam_nvic.o
 .debug_macro   0x000045bf      0x72e src/ASF/sam/boards/same70_xplained/init.o
 .debug_macro   0x00004ced       0x5e src/ASF/sam/boards/same70_xplained/init.o
 .debug_macro   0x00004d4b       0x82 src/ASF/sam/boards/same70_xplained/init.o
 .debug_macro   0x00004dcd      0x68c src/ASF/sam/drivers/pio/pio.o
 .debug_macro   0x00005459       0x8e src/ASF/sam/drivers/pio/pio.o
 .debug_macro   0x000054e7      0x697 src/ASF/sam/drivers/pio/pio_handler.o
 .debug_macro   0x00005b7e      0x68c src/ASF/sam/drivers/pmc/pmc.o
 .debug_macro   0x0000620a       0x6a src/ASF/sam/drivers/pmc/pmc.o
 .debug_macro   0x00006274      0x685 src/ASF/sam/utils/cmsis/same70/source/templates/gcc/startup_same70.o
 .debug_macro   0x000068f9       0x10 src/ASF/sam/utils/cmsis/same70/source/templates/gcc/startup_same70.o
 .debug_macro   0x00006909      0x473 src/ASF/sam/utils/cmsis/same70/source/templates/system_same70.o

.debug_line     0x00000000     0x9d2b
 .debug_line    0x00000000      0xeeb src/main.o
 .debug_line    0x00000eeb      0xdd7 src/ASF/common/services/spi/sam_spi/spi_master.o
 .debug_line    0x00001cc2     0x1216 src/ASF/sam/components/display/ili9488/ili9488.o
 .debug_line    0x00002ed8      0xcbe src/ASF/sam/drivers/spi/spi.o
 .debug_line    0x00003b96      0xc89 src/ASF/common/services/clock/same70/sysclk.o
 .debug_line    0x0000481f      0xa2a src/ASF/common/utils/interrupt/interrupt_sam_nvic.o
 .debug_line    0x00005249      0xd36 src/ASF/sam/boards/same70_xplained/init.o
 .debug_line    0x00005f7f      0xe39 src/ASF/sam/drivers/pio/pio.o
 .debug_line    0x00006db8      0xb3a src/ASF/sam/drivers/pio/pio_handler.o
 .debug_line    0x000078f2     0x1116 src/ASF/sam/drivers/pmc/pmc.o
 .debug_line    0x00008a08      0xae2 src/ASF/sam/utils/cmsis/same70/source/templates/gcc/startup_same70.o
 .debug_line    0x000094ea      0x841 src/ASF/sam/utils/cmsis/same70/source/templates/system_same70.o

.debug_str      0x00000000    0x93953
 .debug_str     0x00000000    0x900b9 src/main.o
                              0x910de (size before relaxing)
 .debug_str     0x000900b9      0x668 src/ASF/common/services/spi/sam_spi/spi_master.o
                              0x8cf57 (size before relaxing)
 .debug_str     0x00090721      0x6f6 src/ASF/sam/components/display/ili9488/ili9488.o
                              0x8eb2f (size before relaxing)
 .debug_str     0x00090e17      0x224 src/ASF/sam/drivers/spi/spi.o
                              0x8cb64 (size before relaxing)
 .debug_str     0x0009103b      0x4b6 src/ASF/common/services/clock/same70/sysclk.o
                              0x8cc5f (size before relaxing)
 .debug_str     0x000914f1       0x94 src/ASF/common/utils/interrupt/interrupt_sam_nvic.o
                              0x8856c (size before relaxing)
 .debug_str     0x00091585      0xb34 src/ASF/sam/boards/same70_xplained/init.o
                              0x8d972 (size before relaxing)
 .debug_str     0x000920b9      0x540 src/ASF/sam/drivers/pio/pio.o
                              0x890ce (size before relaxing)
 .debug_str     0x000925f9      0x4d3 src/ASF/sam/drivers/pio/pio_handler.o
                              0x89295 (size before relaxing)
 .debug_str     0x00092acc      0x63d src/ASF/sam/drivers/pmc/pmc.o
                              0x8925d (size before relaxing)
 .debug_str     0x00093109      0x713 src/ASF/sam/utils/cmsis/same70/source/templates/gcc/startup_same70.o
                              0x88e05 (size before relaxing)
 .debug_str     0x0009381c      0x137 src/ASF/sam/utils/cmsis/same70/source/templates/system_same70.o
                              0x784a5 (size before relaxing)

.debug_frame    0x00000000     0x2818
 .debug_frame   0x00000000       0x78 src/main.o
 .debug_frame   0x00000078      0x3c0 src/ASF/common/services/spi/sam_spi/spi_master.o
 .debug_frame   0x00000438      0x63c src/ASF/sam/components/display/ili9488/ili9488.o
 .debug_frame   0x00000a74      0x2c8 src/ASF/sam/drivers/spi/spi.o
 .debug_frame   0x00000d3c      0x240 src/ASF/common/services/clock/same70/sysclk.o
 .debug_frame   0x00000f7c       0x58 src/ASF/common/utils/interrupt/interrupt_sam_nvic.o
 .debug_frame   0x00000fd4      0x158 src/ASF/sam/boards/same70_xplained/init.o
 .debug_frame   0x0000112c      0x7c0 src/ASF/sam/drivers/pio/pio.o
 .debug_frame   0x000018ec      0x1d0 src/ASF/sam/drivers/pio/pio_handler.o
 .debug_frame   0x00001abc      0xa68 src/ASF/sam/drivers/pmc/pmc.o
 .debug_frame   0x00002524       0xbc src/ASF/sam/utils/cmsis/same70/source/templates/gcc/startup_same70.o
 .debug_frame   0x000025e0       0x78 src/ASF/sam/utils/cmsis/same70/source/templates/system_same70.o
 .debug_frame   0x00002658       0x2c c:/program files (x86)/atmel/studio/7.0/toolchain/arm/arm-gnu-toolchain/bin/../lib/gcc/arm-none-eabi/6.3.1/../../../../arm-none-eabi/lib/thumb/v7e-m\libc.a(lib_a-init.o)
 .debug_frame   0x00002684       0x5c c:/program files (x86)/atmel/studio/7.0/toolchain/arm/arm-gnu-toolchain/bin/../lib/gcc/arm-none-eabi/6.3.1/../../../../arm-none-eabi/lib/thumb/v7e-m\libc.a(lib_a-__call_atexit.o)
 .debug_frame   0x000026e0       0x20 c:/program files (x86)/atmel/studio/7.0/toolchain/arm/arm-gnu-toolchain/bin/../lib/gcc/arm-none-eabi/6.3.1/../../../../arm-none-eabi/lib/thumb/v7e-m\libc.a(lib_a-atexit.o)
 .debug_frame   0x00002700       0x34 c:/program files (x86)/atmel/studio/7.0/toolchain/arm/arm-gnu-toolchain/bin/../lib/gcc/arm-none-eabi/6.3.1/../../../../arm-none-eabi/lib/thumb/v7e-m\libc.a(lib_a-fini.o)
 .debug_frame   0x00002734       0xb0 c:/program files (x86)/atmel/studio/7.0/toolchain/arm/arm-gnu-toolchain/bin/../lib/gcc/arm-none-eabi/6.3.1/../../../../arm-none-eabi/lib/thumb/v7e-m\libc.a(lib_a-lock.o)
 .debug_frame   0x000027e4       0x34 c:/program files (x86)/atmel/studio/7.0/toolchain/arm/arm-gnu-toolchain/bin/../lib/gcc/arm-none-eabi/6.3.1/../../../../arm-none-eabi/lib/thumb/v7e-m\libc.a(lib_a-__atexit.o)

Cross Reference Table

Symbol                                            File
ACC_Handler                                       src/ASF/sam/utils/cmsis/same70/source/templates/gcc/startup_same70.o
AES_Handler                                       src/ASF/sam/utils/cmsis/same70/source/templates/gcc/startup_same70.o
AFEC0_Handler                                     src/ASF/sam/utils/cmsis/same70/source/templates/gcc/startup_same70.o
AFEC1_Handler                                     src/ASF/sam/utils/cmsis/same70/source/templates/gcc/startup_same70.o
BusFault_Handler                                  src/ASF/sam/utils/cmsis/same70/source/templates/gcc/startup_same70.o
CCF_Handler                                       src/ASF/sam/utils/cmsis/same70/source/templates/gcc/startup_same70.o
CCW_Handler                                       src/ASF/sam/utils/cmsis/same70/source/templates/gcc/startup_same70.o
DACC_Handler                                      src/ASF/sam/utils/cmsis/same70/source/templates/gcc/startup_same70.o
DebugMon_Handler                                  src/ASF/sam/utils/cmsis/same70/source/templates/gcc/startup_same70.o
Dummy_Handler                                     src/ASF/sam/utils/cmsis/same70/source/templates/gcc/startup_same70.o
EFC_Handler                                       src/ASF/sam/utils/cmsis/same70/source/templates/gcc/startup_same70.o
FPU_Handler                                       src/ASF/sam/utils/cmsis/same70/source/templates/gcc/startup_same70.o
GMAC_Handler                                      src/ASF/sam/utils/cmsis/same70/source/templates/gcc/startup_same70.o
GMAC_Q1_Handler                                   src/ASF/sam/utils/cmsis/same70/source/templates/gcc/startup_same70.o
GMAC_Q2_Handler                                   src/ASF/sam/utils/cmsis/same70/source/templates/gcc/startup_same70.o
GMAC_Q3_Handler                                   src/ASF/sam/utils/cmsis/same70/source/templates/gcc/startup_same70.o
GMAC_Q4_Handler                                   src/ASF/sam/utils/cmsis/same70/source/templates/gcc/startup_same70.o
GMAC_Q5_Handler                                   src/ASF/sam/utils/cmsis/same70/source/templates/gcc/startup_same70.o
HSMCI_Handler                                     src/ASF/sam/utils/cmsis/same70/source/templates/gcc/startup_same70.o
HardFault_Handler                                 src/ASF/sam/utils/cmsis/same70/source/templates/gcc/startup_same70.o
I2SC0_Handler                                     src/ASF/sam/utils/cmsis/same70/source/templates/gcc/startup_same70.o
I2SC1_Handler                                     src/ASF/sam/utils/cmsis/same70/source/templates/gcc/startup_same70.o
ICM_Handler                                       src/ASF/sam/utils/cmsis/same70/source/templates/gcc/startup_same70.o
ISI_Handler                                       src/ASF/sam/utils/cmsis/same70/source/templates/gcc/startup_same70.o
IXC_Handler                                       src/ASF/sam/utils/cmsis/same70/source/templates/gcc/startup_same70.o
MCAN0_INT0_Handler                                src/ASF/sam/utils/cmsis/same70/source/templates/gcc/startup_same70.o
MCAN0_INT1_Handler                                src/ASF/sam/utils/cmsis/same70/source/templates/gcc/startup_same70.o
MCAN1_INT0_Handler                                src/ASF/sam/utils/cmsis/same70/source/templates/gcc/startup_same70.o
MCAN1_INT1_Handler                                src/ASF/sam/utils/cmsis/same70/source/templates/gcc/startup_same70.o
MemManage_Handler                                 src/ASF/sam/utils/cmsis/same70/source/templates/gcc/startup_same70.o
NMI_Handler                                       src/ASF/sam/utils/cmsis/same70/source/templates/gcc/startup_same70.o
PIOA_Handler                                      src/ASF/sam/drivers/pio/pio_handler.o
PIOB_Handler                                      src/ASF/sam/drivers/pio/pio_handler.o
PIOC_Handler                                      src/ASF/sam/drivers/pio/pio_handler.o
PIOD_Handler                                      src/ASF/sam/drivers/pio/pio_handler.o
PIOE_Handler                                      src/ASF/sam/drivers/pio/pio_handler.o
PMC_Handler                                       src/ASF/sam/utils/cmsis/same70/source/templates/gcc/startup_same70.o
PWM0_Handler                                      src/ASF/sam/utils/cmsis/same70/source/templates/gcc/startup_same70.o
PWM1_Handler                                      src/ASF/sam/utils/cmsis/same70/source/templates/gcc/startup_same70.o
PendSV_Handler                                    src/ASF/sam/utils/cmsis/same70/source/templates/gcc/startup_same70.o
QSPI_Handler                                      src/ASF/sam/utils/cmsis/same70/source/templates/gcc/startup_same70.o
RSTC_Handler                                      src/ASF/sam/utils/cmsis/same70/source/templates/gcc/startup_same70.o
RSWDT_Handler                                     src/ASF/sam/utils/cmsis/same70/source/templates/gcc/startup_same70.o
RTC_Handler                                       src/ASF/sam/utils/cmsis/same70/source/templates/gcc/startup_same70.o
RTT_Handler                                       src/ASF/sam/utils/cmsis/same70/source/templates/gcc/startup_same70.o
Reset_Handler                                     src/ASF/sam/utils/cmsis/same70/source/templates/gcc/startup_same70.o
SDRAMC_Handler                                    src/ASF/sam/utils/cmsis/same70/source/templates/gcc/startup_same70.o
SPI0_Handler                                      src/ASF/sam/utils/cmsis/same70/source/templates/gcc/startup_same70.o
SPI1_Handler                                      src/ASF/sam/utils/cmsis/same70/source/templates/gcc/startup_same70.o
SSC_Handler                                       src/ASF/sam/utils/cmsis/same70/source/templates/gcc/startup_same70.o
SUPC_Handler                                      src/ASF/sam/utils/cmsis/same70/source/templates/gcc/startup_same70.o
SVC_Handler                                       src/ASF/sam/utils/cmsis/same70/source/templates/gcc/startup_same70.o
SysTick_Handler                                   src/ASF/sam/utils/cmsis/same70/source/templates/gcc/startup_same70.o
SystemCoreClock                                   src/ASF/sam/utils/cmsis/same70/source/templates/system_same70.o
SystemCoreClockUpdate                             src/ASF/sam/utils/cmsis/same70/source/templates/system_same70.o
                                                  src/ASF/common/services/clock/same70/sysclk.o
SystemInit                                        src/ASF/sam/utils/cmsis/same70/source/templates/system_same70.o
TC0_Handler                                       src/ASF/sam/utils/cmsis/same70/source/templates/gcc/startup_same70.o
TC10_Handler                                      src/ASF/sam/utils/cmsis/same70/source/templates/gcc/startup_same70.o
TC11_Handler                                      src/ASF/sam/utils/cmsis/same70/source/templates/gcc/startup_same70.o
TC1_Handler                                       src/ASF/sam/utils/cmsis/same70/source/templates/gcc/startup_same70.o
TC2_Handler                                       src/ASF/sam/utils/cmsis/same70/source/templates/gcc/startup_same70.o
TC3_Handler                                       src/ASF/sam/utils/cmsis/same70/source/templates/gcc/startup_same70.o
TC4_Handler                                       src/ASF/sam/utils/cmsis/same70/source/templates/gcc/startup_same70.o
TC5_Handler                                       src/ASF/sam/utils/cmsis/same70/source/templates/gcc/startup_same70.o
TC6_Handler                                       src/ASF/sam/utils/cmsis/same70/source/templates/gcc/startup_same70.o
TC7_Handler                                       src/ASF/sam/utils/cmsis/same70/source/templates/gcc/startup_same70.o
TC8_Handler                                       src/ASF/sam/utils/cmsis/same70/source/templates/gcc/startup_same70.o
TC9_Handler                                       src/ASF/sam/utils/cmsis/same70/source/templates/gcc/startup_same70.o
TRNG_Handler                                      src/ASF/sam/utils/cmsis/same70/source/templates/gcc/startup_same70.o
TWIHS0_Handler                                    src/ASF/sam/utils/cmsis/same70/source/templates/gcc/startup_same70.o
TWIHS1_Handler                                    src/ASF/sam/utils/cmsis/same70/source/templates/gcc/startup_same70.o
TWIHS2_Handler                                    src/ASF/sam/utils/cmsis/same70/source/templates/gcc/startup_same70.o
UART0_Handler                                     src/ASF/sam/utils/cmsis/same70/source/templates/gcc/startup_same70.o
UART1_Handler                                     src/ASF/sam/utils/cmsis/same70/source/templates/gcc/startup_same70.o
UART2_Handler                                     src/ASF/sam/utils/cmsis/same70/source/templates/gcc/startup_same70.o
UART3_Handler                                     src/ASF/sam/utils/cmsis/same70/source/templates/gcc/startup_same70.o
UART4_Handler                                     src/ASF/sam/utils/cmsis/same70/source/templates/gcc/startup_same70.o
USART0_Handler                                    src/ASF/sam/utils/cmsis/same70/source/templates/gcc/startup_same70.o
USART1_Handler                                    src/ASF/sam/utils/cmsis/same70/source/templates/gcc/startup_same70.o
USART2_Handler                                    src/ASF/sam/utils/cmsis/same70/source/templates/gcc/startup_same70.o
USBHS_Handler                                     src/ASF/sam/utils/cmsis/same70/source/templates/gcc/startup_same70.o
UsageFault_Handler                                src/ASF/sam/utils/cmsis/same70/source/templates/gcc/startup_same70.o
WDT_Handler                                       src/ASF/sam/utils/cmsis/same70/source/templates/gcc/startup_same70.o
XDMAC_Handler                                     src/ASF/sam/utils/cmsis/same70/source/templates/gcc/startup_same70.o
_Jv_RegisterClasses                               c:/program files (x86)/atmel/studio/7.0/toolchain/arm/arm-gnu-toolchain/bin/../lib/gcc/arm-none-eabi/6.3.1/thumb/v7e-m/crtbegin.o
__atexit_recursive_mutex                          c:/program files (x86)/atmel/studio/7.0/toolchain/arm/arm-gnu-toolchain/bin/../lib/gcc/arm-none-eabi/6.3.1/../../../../arm-none-eabi/lib/thumb/v7e-m\libc.a(lib_a-__call_atexit.o)
                                                  c:/program files (x86)/atmel/studio/7.0/toolchain/arm/arm-gnu-toolchain/bin/../lib/gcc/arm-none-eabi/6.3.1/../../../../arm-none-eabi/lib/thumb/v7e-m\libc.a(lib_a-__atexit.o)
__bss_end__                                       c:/program files (x86)/atmel/studio/7.0/toolchain/arm/arm-gnu-toolchain/bin/../lib/gcc/arm-none-eabi/6.3.1/../../../../arm-none-eabi/lib/thumb/v7e-m/crt0.o
__bss_start__                                     c:/program files (x86)/atmel/studio/7.0/toolchain/arm/arm-gnu-toolchain/bin/../lib/gcc/arm-none-eabi/6.3.1/../../../../arm-none-eabi/lib/thumb/v7e-m/crt0.o
__call_exitprocs                                  c:/program files (x86)/atmel/studio/7.0/toolchain/arm/arm-gnu-toolchain/bin/../lib/gcc/arm-none-eabi/6.3.1/../../../../arm-none-eabi/lib/thumb/v7e-m\libc.a(lib_a-__call_atexit.o)
                                                  c:/program files (x86)/atmel/studio/7.0/toolchain/arm/arm-gnu-toolchain/bin/../lib/gcc/arm-none-eabi/6.3.1/../../../../arm-none-eabi/lib/thumb/v7e-m\libc.a(lib_a-exit.o)
__deregister_frame_info                           c:/program files (x86)/atmel/studio/7.0/toolchain/arm/arm-gnu-toolchain/bin/../lib/gcc/arm-none-eabi/6.3.1/thumb/v7e-m/crtbegin.o
__dso_handle                                      c:/program files (x86)/atmel/studio/7.0/toolchain/arm/arm-gnu-toolchain/bin/../lib/gcc/arm-none-eabi/6.3.1/thumb/v7e-m/crtbegin.o
__fini_array_end                                  c:/program files (x86)/atmel/studio/7.0/toolchain/arm/arm-gnu-toolchain/bin/../lib/gcc/arm-none-eabi/6.3.1/../../../../arm-none-eabi/lib/thumb/v7e-m\libc.a(lib_a-fini.o)
__fini_array_start                                c:/program files (x86)/atmel/studio/7.0/toolchain/arm/arm-gnu-toolchain/bin/../lib/gcc/arm-none-eabi/6.3.1/../../../../arm-none-eabi/lib/thumb/v7e-m\libc.a(lib_a-fini.o)
__init_array_end                                  c:/program files (x86)/atmel/studio/7.0/toolchain/arm/arm-gnu-toolchain/bin/../lib/gcc/arm-none-eabi/6.3.1/../../../../arm-none-eabi/lib/thumb/v7e-m\libc.a(lib_a-init.o)
__init_array_start                                c:/program files (x86)/atmel/studio/7.0/toolchain/arm/arm-gnu-toolchain/bin/../lib/gcc/arm-none-eabi/6.3.1/../../../../arm-none-eabi/lib/thumb/v7e-m\libc.a(lib_a-init.o)
__libc_fini                                       c:/program files (x86)/atmel/studio/7.0/toolchain/arm/arm-gnu-toolchain/bin/../lib/gcc/arm-none-eabi/6.3.1/../../../../arm-none-eabi/lib/thumb/v7e-m\libc.a(lib_a-__call_atexit.o)
__libc_fini_array                                 c:/program files (x86)/atmel/studio/7.0/toolchain/arm/arm-gnu-toolchain/bin/../lib/gcc/arm-none-eabi/6.3.1/../../../../arm-none-eabi/lib/thumb/v7e-m\libc.a(lib_a-fini.o)
                                                  c:/program files (x86)/atmel/studio/7.0/toolchain/arm/arm-gnu-toolchain/bin/../lib/gcc/arm-none-eabi/6.3.1/../../../../arm-none-eabi/lib/thumb/v7e-m\libc.a(lib_a-__call_atexit.o)
                                                  c:/program files (x86)/atmel/studio/7.0/toolchain/arm/arm-gnu-toolchain/bin/../lib/gcc/arm-none-eabi/6.3.1/../../../../arm-none-eabi/lib/thumb/v7e-m/crt0.o
__libc_init_array                                 c:/program files (x86)/atmel/studio/7.0/toolchain/arm/arm-gnu-toolchain/bin/../lib/gcc/arm-none-eabi/6.3.1/../../../../arm-none-eabi/lib/thumb/v7e-m\libc.a(lib_a-init.o)
                                                  src/ASF/sam/utils/cmsis/same70/source/templates/gcc/startup_same70.o
                                                  c:/program files (x86)/atmel/studio/7.0/toolchain/arm/arm-gnu-toolchain/bin/../lib/gcc/arm-none-eabi/6.3.1/../../../../arm-none-eabi/lib/thumb/v7e-m/crt0.o
__lock___arc4random_mutex                         c:/program files (x86)/atmel/studio/7.0/toolchain/arm/arm-gnu-toolchain/bin/../lib/gcc/arm-none-eabi/6.3.1/../../../../arm-none-eabi/lib/thumb/v7e-m\libc.a(lib_a-lock.o)
__lock___at_quick_exit_mutex                      c:/program files (x86)/atmel/studio/7.0/toolchain/arm/arm-gnu-toolchain/bin/../lib/gcc/arm-none-eabi/6.3.1/../../../../arm-none-eabi/lib/thumb/v7e-m\libc.a(lib_a-lock.o)
__lock___atexit_recursive_mutex                   c:/program files (x86)/atmel/studio/7.0/toolchain/arm/arm-gnu-toolchain/bin/../lib/gcc/arm-none-eabi/6.3.1/../../../../arm-none-eabi/lib/thumb/v7e-m\libc.a(lib_a-lock.o)
                                                  c:/program files (x86)/atmel/studio/7.0/toolchain/arm/arm-gnu-toolchain/bin/../lib/gcc/arm-none-eabi/6.3.1/../../../../arm-none-eabi/lib/thumb/v7e-m\libc.a(lib_a-__call_atexit.o)
__lock___dd_hash_mutex                            c:/program files (x86)/atmel/studio/7.0/toolchain/arm/arm-gnu-toolchain/bin/../lib/gcc/arm-none-eabi/6.3.1/../../../../arm-none-eabi/lib/thumb/v7e-m\libc.a(lib_a-lock.o)
__lock___env_recursive_mutex                      c:/program files (x86)/atmel/studio/7.0/toolchain/arm/arm-gnu-toolchain/bin/../lib/gcc/arm-none-eabi/6.3.1/../../../../arm-none-eabi/lib/thumb/v7e-m\libc.a(lib_a-lock.o)
__lock___malloc_recursive_mutex                   c:/program files (x86)/atmel/studio/7.0/toolchain/arm/arm-gnu-toolchain/bin/../lib/gcc/arm-none-eabi/6.3.1/../../../../arm-none-eabi/lib/thumb/v7e-m\libc.a(lib_a-lock.o)
__lock___sfp_recursive_mutex                      c:/program files (x86)/atmel/studio/7.0/toolchain/arm/arm-gnu-toolchain/bin/../lib/gcc/arm-none-eabi/6.3.1/../../../../arm-none-eabi/lib/thumb/v7e-m\libc.a(lib_a-lock.o)
__lock___sinit_recursive_mutex                    c:/program files (x86)/atmel/studio/7.0/toolchain/arm/arm-gnu-toolchain/bin/../lib/gcc/arm-none-eabi/6.3.1/../../../../arm-none-eabi/lib/thumb/v7e-m\libc.a(lib_a-lock.o)
__lock___tz_mutex                                 c:/program files (x86)/atmel/studio/7.0/toolchain/arm/arm-gnu-toolchain/bin/../lib/gcc/arm-none-eabi/6.3.1/../../../../arm-none-eabi/lib/thumb/v7e-m\libc.a(lib_a-lock.o)
__preinit_array_end                               c:/program files (x86)/atmel/studio/7.0/toolchain/arm/arm-gnu-toolchain/bin/../lib/gcc/arm-none-eabi/6.3.1/../../../../arm-none-eabi/lib/thumb/v7e-m\libc.a(lib_a-init.o)
__preinit_array_start                             c:/program files (x86)/atmel/studio/7.0/toolchain/arm/arm-gnu-toolchain/bin/../lib/gcc/arm-none-eabi/6.3.1/../../../../arm-none-eabi/lib/thumb/v7e-m\libc.a(lib_a-init.o)
__ram_end__                                       src/ASF/sam/utils/syscalls/gcc/syscalls.o
__register_exitproc                               c:/program files (x86)/atmel/studio/7.0/toolchain/arm/arm-gnu-toolchain/bin/../lib/gcc/arm-none-eabi/6.3.1/../../../../arm-none-eabi/lib/thumb/v7e-m\libc.a(lib_a-__atexit.o)
                                                  c:/program files (x86)/atmel/studio/7.0/toolchain/arm/arm-gnu-toolchain/bin/../lib/gcc/arm-none-eabi/6.3.1/../../../../arm-none-eabi/lib/thumb/v7e-m\libc.a(lib_a-atexit.o)
__register_frame_info                             c:/program files (x86)/atmel/studio/7.0/toolchain/arm/arm-gnu-toolchain/bin/../lib/gcc/arm-none-eabi/6.3.1/thumb/v7e-m/crtbegin.o
__retarget_lock_acquire                           c:/program files (x86)/atmel/studio/7.0/toolchain/arm/arm-gnu-toolchain/bin/../lib/gcc/arm-none-eabi/6.3.1/../../../../arm-none-eabi/lib/thumb/v7e-m\libc.a(lib_a-lock.o)
__retarget_lock_acquire_recursive                 c:/program files (x86)/atmel/studio/7.0/toolchain/arm/arm-gnu-toolchain/bin/../lib/gcc/arm-none-eabi/6.3.1/../../../../arm-none-eabi/lib/thumb/v7e-m\libc.a(lib_a-lock.o)
                                                  c:/program files (x86)/atmel/studio/7.0/toolchain/arm/arm-gnu-toolchain/bin/../lib/gcc/arm-none-eabi/6.3.1/../../../../arm-none-eabi/lib/thumb/v7e-m\libc.a(lib_a-__atexit.o)